Component: ARM Compiler 5.06 update 6 (build 750) Tool: armlink [4d35ed]

==============================================================================

Section Cross References

    startup_stm32f401xe.o(RESET) refers to startup_stm32f401xe.o(STACK) for __initial_sp
    startup_stm32f401xe.o(RESET) refers to startup_stm32f401xe.o(.text) for Reset_Handler
    startup_stm32f401xe.o(RESET) refers to stm32f4xx_it.o(i.SysTick_Handler) for SysTick_Handler
    startup_stm32f401xe.o(RESET) refers to stm32f4xx_it.o(i.DMA1_Stream5_IRQHandler) for DMA1_Stream5_IRQHandler
    startup_stm32f401xe.o(RESET) refers to stm32f4xx_it.o(i.DMA1_Stream6_IRQHandler) for DMA1_Stream6_IRQHandler
    startup_stm32f401xe.o(RESET) refers to stm32f4xx_it.o(i.ADC_IRQHandler) for ADC_IRQHandler
    startup_stm32f401xe.o(RESET) refers to stm32f4xx_it.o(i.TIM1_BRK_TIM9_IRQHandler) for TIM1_BRK_TIM9_IRQHandler
    startup_stm32f401xe.o(RESET) refers to stm32f4xx_it.o(i.TIM1_UP_TIM10_IRQHandler) for TIM1_UP_TIM10_IRQHandler
    startup_stm32f401xe.o(RESET) refers to stm32f4xx_it.o(i.TIM2_IRQHandler) for TIM2_IRQHandler
    startup_stm32f401xe.o(RESET) refers to stm32f4xx_it.o(i.TIM3_IRQHandler) for TIM3_IRQHandler
    startup_stm32f401xe.o(RESET) refers to stm32f4xx_it.o(i.USART2_IRQHandler) for USART2_IRQHandler
    startup_stm32f401xe.o(RESET) refers to stm32f4xx_it.o(i.EXTI15_10_IRQHandler) for EXTI15_10_IRQHandler
    startup_stm32f401xe.o(RESET) refers to stm32f4xx_it.o(i.TIM5_IRQHandler) for TIM5_IRQHandler
    startup_stm32f401xe.o(RESET) refers to stm32f4xx_it.o(i.DMA2_Stream0_IRQHandler) for DMA2_Stream0_IRQHandler
    startup_stm32f401xe.o(.text) refers to system_stm32f4xx.o(i.SystemInit) for SystemInit
    startup_stm32f401xe.o(.text) refers to entry.o(.ARM.Collect$$$$00000000) for __main
    main.o(i.MX_ADC1_Init) refers to memseta.o(.text) for __aeabi_memclr4
    main.o(i.MX_ADC1_Init) refers to stm32f4xx_hal_adc.o(i.HAL_ADC_Init) for HAL_ADC_Init
    main.o(i.MX_ADC1_Init) refers to stm32f4xx_hal_adc.o(i.HAL_ADC_ConfigChannel) for HAL_ADC_ConfigChannel
    main.o(i.MX_ADC1_Init) refers to stm32f4xx_hal_adc_ex.o(i.HAL_ADCEx_InjectedConfigChannel) for HAL_ADCEx_InjectedConfigChannel
    main.o(i.MX_ADC1_Init) refers to main.o(.bss) for .bss
    main.o(i.MX_DMA_Init) refers to stm32f4xx_hal_cortex.o(i.HAL_NVIC_SetPriority) for HAL_NVIC_SetPriority
    main.o(i.MX_DMA_Init) refers to stm32f4xx_hal_cortex.o(i.HAL_NVIC_EnableIRQ) for HAL_NVIC_EnableIRQ
    main.o(i.MX_GPIO_Init) refers to memseta.o(.text) for __aeabi_memclr4
    main.o(i.MX_GPIO_Init) refers to stm32f4xx_hal_gpio.o(i.HAL_GPIO_WritePin) for HAL_GPIO_WritePin
    main.o(i.MX_GPIO_Init) refers to stm32f4xx_hal_gpio.o(i.HAL_GPIO_Init) for HAL_GPIO_Init
    main.o(i.MX_GPIO_Init) refers to stm32f4xx_hal_cortex.o(i.HAL_NVIC_SetPriority) for HAL_NVIC_SetPriority
    main.o(i.MX_GPIO_Init) refers to stm32f4xx_hal_cortex.o(i.HAL_NVIC_EnableIRQ) for HAL_NVIC_EnableIRQ
    main.o(i.MX_TIM1_Init) refers to memseta.o(.text) for __aeabi_memclr4
    main.o(i.MX_TIM1_Init) refers to stm32f4xx_hal_tim.o(i.HAL_TIM_Base_Init) for HAL_TIM_Base_Init
    main.o(i.MX_TIM1_Init) refers to stm32f4xx_hal_tim.o(i.HAL_TIM_ConfigClockSource) for HAL_TIM_ConfigClockSource
    main.o(i.MX_TIM1_Init) refers to stm32f4xx_hal_tim.o(i.HAL_TIM_PWM_Init) for HAL_TIM_PWM_Init
    main.o(i.MX_TIM1_Init) refers to stm32f4xx_hal_tim.o(i.HAL_TIM_SlaveConfigSynchro) for HAL_TIM_SlaveConfigSynchro
    main.o(i.MX_TIM1_Init) refers to stm32f4xx_hal_tim_ex.o(i.HAL_TIMEx_MasterConfigSynchronization) for HAL_TIMEx_MasterConfigSynchronization
    main.o(i.MX_TIM1_Init) refers to stm32f4xx_hal_tim.o(i.HAL_TIM_PWM_ConfigChannel) for HAL_TIM_PWM_ConfigChannel
    main.o(i.MX_TIM1_Init) refers to stm32f4xx_hal_tim_ex.o(i.HAL_TIMEx_ConfigBreakDeadTime) for HAL_TIMEx_ConfigBreakDeadTime
    main.o(i.MX_TIM1_Init) refers to stm32f4xx_hal_msp.o(i.HAL_TIM_MspPostInit) for HAL_TIM_MspPostInit
    main.o(i.MX_TIM1_Init) refers to main.o(.bss) for .bss
    main.o(i.MX_TIM2_Init) refers to stm32f4xx_hal_tim.o(i.HAL_TIM_Base_Init) for HAL_TIM_Base_Init
    main.o(i.MX_TIM2_Init) refers to stm32f4xx_hal_tim.o(i.HAL_TIM_ConfigClockSource) for HAL_TIM_ConfigClockSource
    main.o(i.MX_TIM2_Init) refers to stm32f4xx_hal_tim_ex.o(i.HAL_TIMEx_HallSensor_Init) for HAL_TIMEx_HallSensor_Init
    main.o(i.MX_TIM2_Init) refers to stm32f4xx_hal_tim_ex.o(i.HAL_TIMEx_MasterConfigSynchronization) for HAL_TIMEx_MasterConfigSynchronization
    main.o(i.MX_TIM2_Init) refers to main.o(.bss) for .bss
    main.o(i.MX_TIM3_Init) refers to memseta.o(.text) for __aeabi_memclr4
    main.o(i.MX_TIM3_Init) refers to stm32f4xx_hal_tim.o(i.HAL_TIM_Base_Init) for HAL_TIM_Base_Init
    main.o(i.MX_TIM3_Init) refers to stm32f4xx_hal_tim.o(i.HAL_TIM_ConfigClockSource) for HAL_TIM_ConfigClockSource
    main.o(i.MX_TIM3_Init) refers to stm32f4xx_hal_tim.o(i.HAL_TIM_PWM_Init) for HAL_TIM_PWM_Init
[...]
    i.HAL_TIMEx_HallSensor_Init              0x08002778   Section        0  stm32f4xx_hal_tim_ex.o(i.HAL_TIMEx_HallSensor_Init)
    i.HAL_TIMEx_HallSensor_MspInit           0x08002834   Section        0  stm32f4xx_hal_tim_ex.o(i.HAL_TIMEx_HallSensor_MspInit)
    i.HAL_TIMEx_HallSensor_Start             0x08002836   Section        0  stm32f4xx_hal_tim_ex.o(i.HAL_TIMEx_HallSensor_Start)
    i.HAL_TIMEx_HallSensor_Start_IT          0x0800285c   Section        0  stm32f4xx_hal_tim_ex.o(i.HAL_TIMEx_HallSensor_Start_IT)
    i.HAL_TIMEx_MasterConfigSynchronization  0x0800288c   Section        0  stm32f4xx_hal_tim_ex.o(i.HAL_TIMEx_MasterConfigSynchronization)
    i.HAL_TIMEx_PWMN_Start                   0x08002908   Section        0  stm32f4xx_hal_tim_ex.o(i.HAL_TIMEx_PWMN_Start)
    i.HAL_TIM_Base_Init                      0x08002936   Section        0  stm32f4xx_hal_tim.o(i.HAL_TIM_Base_Init)
    i.HAL_TIM_Base_MspInit                   0x0800296c   Section        0  stm32f4xx_hal_msp.o(i.HAL_TIM_Base_MspInit)
    i.HAL_TIM_Base_Start_IT                  0x08002ad8   Section        0  stm32f4xx_hal_tim.o(i.HAL_TIM_Base_Start_IT)
    i.HAL_TIM_ConfigClockSource              0x08002afa   Section        0  stm32f4xx_hal_tim.o(i.HAL_TIM_ConfigClockSource)
    i.HAL_TIM_IC_CaptureCallback             0x08002bd0   Section        0  stm32f4xx_hal_tim.o(i.HAL_TIM_IC_CaptureCallback)
    i.HAL_TIM_IRQHandler                     0x08002bd2   Section        0  stm32f4xx_hal_tim.o(i.HAL_TIM_IRQHandler)
    i.HAL_TIM_MspPostInit                    0x08002d38   Section        0  stm32f4xx_hal_msp.o(i.HAL_TIM_MspPostInit)
    i.HAL_TIM_OC_ConfigChannel               0x08002de4   Section        0  stm32f4xx_hal_tim.o(i.HAL_TIM_OC_ConfigChannel)
    i.HAL_TIM_OC_DelayElapsedCallback        0x08002e3a   Section        0  stm32f4xx_hal_tim.o(i.HAL_TIM_OC_DelayElapsedCallback)
    i.HAL_TIM_OC_Init                        0x08002e3c   Section        0  stm32f4xx_hal_tim.o(i.HAL_TIM_OC_Init)
    i.HAL_TIM_OC_MspInit                     0x08002e72   Section        0  stm32f4xx_hal_tim.o(i.HAL_TIM_OC_MspInit)
    i.HAL_TIM_PWM_ConfigChannel              0x08002e74   Section        0  stm32f4xx_hal_tim.o(i.HAL_TIM_PWM_ConfigChannel)
    i.HAL_TIM_PWM_Init                       0x08002f44   Section        0  stm32f4xx_hal_tim.o(i.HAL_TIM_PWM_Init)
    i.HAL_TIM_PWM_MspInit                    0x08002f7a   Section        0  stm32f4xx_hal_tim.o(i.HAL_TIM_PWM_MspInit)
    i.HAL_TIM_PWM_PulseFinishedCallback      0x08002f7c   Section        0  stm32f4xx_hal_tim.o(i.HAL_TIM_PWM_PulseFinishedCallback)
    i.HAL_TIM_PWM_Start                      0x08002f80   Section        0  stm32f4xx_hal_tim.o(i.HAL_TIM_PWM_Start)
    i.HAL_TIM_PeriodElapsedCallback          0x08002fb8   Section        0  stm32f4xx_hal_tim.o(i.HAL_TIM_PeriodElapsedCallback)
    i.HAL_TIM_SlaveConfigSynchro             0x08002fba   Section        0  stm32f4xx_hal_tim.o(i.HAL_TIM_SlaveConfigSynchro)
    i.HAL_TIM_TriggerCallback                0x0800300c   Section        0  stm32f4xx_hal_tim.o(i.HAL_TIM_TriggerCallback)
    i.HAL_UART_ErrorCallback                 0x0800300e   Section        0  stm32f4xx_hal_uart.o(i.HAL_UART_ErrorCallback)
    i.HAL_UART_IRQHandler                    0x08003010   Section        0  stm32f4xx_hal_uart.o(i.HAL_UART_IRQHandler)
    i.HAL_UART_Init                          0x08003124   Section        0  stm32f4xx_hal_uart.o(i.HAL_UART_Init)
    i.HAL_UART_MspInit                       0x08003188   Section        0  stm32f4xx_hal_msp.o(i.HAL_UART_MspInit)
    i.HAL_UART_Receive_DMA                   0x0800326c   Section        0  stm32f4xx_hal_uart.o(i.HAL_UART_Receive_DMA)
    i.HAL_UART_RxCpltCallback                0x08003304   Section        0  stm32f4xx_hal_uart.o(i.HAL_UART_RxCpltCallback)
    i.HAL_UART_RxHalfCpltCallback            0x08003306   Section        0  stm32f4xx_hal_uart.o(i.HAL_UART_RxHalfCpltCallback)
    i.HAL_UART_Transmit_DMA                  0x08003308   Section        0  stm32f4xx_hal_uart.o(i.HAL_UART_Transmit_DMA)
    i.HAL_UART_TxCpltCallback                0x08003388   Section        0  stm32f4xx_hal_uart.o(i.HAL_UART_TxCpltCallback)
    i.HAL_UART_TxHalfCpltCallback            0x0800338a   Section        0  stm32f4xx_hal_uart.o(i.HAL_UART_TxHalfCpltCallback)
    i.HIGH_SMO                               0x0800338c   Section        0  foc_control_100us.o(i.HIGH_SMO)
    i.HIGH_SMO_Enable                        0x080036f4   Section        0  foc_control_100us.o(i.HIGH_SMO_Enable)
    i.Inverse_Park_Transform                 0x08003708   Section        0  foc_control_100us.o(i.Inverse_Park_Transform)
    i.MX_ADC1_Init                           0x08003750   Section        0  main.o(i.MX_ADC1_Init)
    MX_ADC1_Init                             0x08003751   Thumb Code   298  main.o(i.MX_ADC1_Init)
    i.MX_DMA_Init                            0x08003888   Section        0  main.o(i.MX_DMA_Init)
    MX_DMA_Init                              0x08003889   Thumb Code    88  main.o(i.MX_DMA_Init)
    i.MX_GPIO_Init                           0x080038e4   Section        0  main.o(i.MX_GPIO_Init)
    MX_GPIO_Init                             0x080038e5   Thumb Code   152  main.o(i.MX_GPIO_Init)
    i.MX_TIM1_Init                           0x0800398c   Section        0  main.o(i.MX_TIM1_Init)
    MX_TIM1_Init                             0x0800398d   Thumb Code   288  main.o(i.MX_TIM1_Init)
    i.MX_TIM2_Init                           0x08003ab4   Section        0  main.o(i.MX_TIM2_Init)
    MX_TIM2_Init                             0x08003ab5   Thumb Code   130  main.o(i.MX_TIM2_Init)
    i.MX_TIM3_Init                           0x08003b3c   Section        0  main.o(i.MX_TIM3_Init)
    MX_TIM3_Init                             0x08003b3d   Thumb Code   164  main.o(i.MX_TIM3_Init)
    i.MX_TIM4_Init                           0x08003be8   Section        0  main.o(i.MX_TIM4_Init)
    MX_TIM4_Init                             0x08003be9   Thumb Code   172  main.o(i.MX_TIM4_Init)
    i.MX_TIM5_Init                           0x08003c9c   Section        0  main.o(i.MX_TIM5_Init)
    MX_TIM5_Init                             0x08003c9d   Thumb Code   150  main.o(i.MX_TIM5_Init)
    i.Motor_Control_initialize               0x08003d3c   Section        0  motor_control.o(i.Motor_Control_initialize)
    i.Motor_Control_step                     0x08003d84   Section        0  motor_control.o(i.Motor_Control_step)
    i.Normal                                 0x08003e5c   Section        0  foc_control_100us.o(i.Normal)
    i.Over_M                                 0x08003e80   Section        0  foc_control_100us.o(i.Over_M)
    i.Park_Transform                         0x08003ea4   Section        0  foc_control_100us.o(i.Park_Transform)
    i.Q_Current_PI                           0x08003eec   Section        0  foc_control_100us.o(i.Q_Current_PI)
    i.SVPWM                                  0x08003fcc   Section        0  foc_control_100us.o(i.SVPWM)
    i.SYM_State_10ms                         0x0800427c   Section        0  sym_state_10ms.o(i.SYM_State_10ms)
    i.Sine_Cosine                            0x0800430c   Section        0  foc_control_100us.o(i.Sine_Cosine)
    i.Sine_Cosine_m                          0x08004380   Section        0  foc_control_100us.o(i.Sine_Cosine_m)
    i.Speed_PI                               0x080043f4   Section        0  control_command_2ms.o(i.Speed_PI)
    i.Speed_PI_Disable                       0x080044b0   Section        0  control_command_2ms.o(i.Speed_PI_Disable)
    i.SwitchCaseActionSubsystem              0x080044c0   Section        0  control_command_2ms.o(i.SwitchCaseActionSubsystem)
    i.SysTick_Config                         0x080044d8   Section        0  main.o(i.SysTick_Config)
    SysTick_Config                           0x080044d9   Thumb Code    38  main.o(i.SysTick_Config)
    i.SysTick_Handler                        0x08004504   Section        0  stm32f4xx_it.o(i.SysTick_Handler)
    i.SystemClock_Config                     0x08004518   Section        0  main.o(i.SystemClock_Config)
    i.SystemInit                             0x080045ac   Section        0  system_stm32f4xx.o(i.SystemInit)
    i.TIM1_BRK_TIM9_IRQHandler               0x080045c8   Section        0  stm32f4xx_it.o(i.TIM1_BRK_TIM9_IRQHandler)
    i.TIM1_UP_TIM10_IRQHandler               0x080045d4   Section        0  stm32f4xx_it.o(i.TIM1_UP_TIM10_IRQHandler)
    i.TIM2_IRQHandler                        0x080045e0   Section        0  stm32f4xx_it.o(i.TIM2_IRQHandler)
    i.TIM3_IRQHandler                        0x08004668   Section        0  stm32f4xx_it.o(i.TIM3_IRQHandler)
    i.TIM5_IRQHandler                        0x08004724   Section        0  stm32f4xx_it.o(i.TIM5_IRQHandler)
    i.TIM_Base_SetConfig                     0x08004740   Section        0  stm32f4xx_hal_tim.o(i.TIM_Base_SetConfig)
    i.TIM_CCxChannelCmd                      0x080047d8   Section        0  stm32f4xx_hal_tim.o(i.TIM_CCxChannelCmd)
    i.TIM_CCxNChannelCmd                     0x080047f2   Section        0  stm32f4xx_hal_tim_ex.o(i.TIM_CCxNChannelCmd)
    TIM_CCxNChannelCmd                       0x080047f3   Thumb Code    26  stm32f4xx_hal_tim_ex.o(i.TIM_CCxNChannelCmd)
    i.TIM_ETR_SetConfig                      0x0800480c   Section        0  stm32f4xx_hal_tim.o(i.TIM_ETR_SetConfig)
    i.TIM_ITRx_SetConfig                     0x08004820   Section        0  stm32f4xx_hal_tim.o(i.TIM_ITRx_SetConfig)
    TIM_ITRx_SetConfig                       0x08004821   Thumb Code    16  stm32f4xx_hal_tim.o(i.TIM_ITRx_SetConfig)
    i.TIM_OC1_SetConfig                      0x08004830   Section        0  stm32f4xx_hal_tim.o(i.TIM_OC1_SetConfig)
    TIM_OC1_SetConfig                        0x08004831   Thumb Code    82  stm32f4xx_hal_tim.o(i.TIM_OC1_SetConfig)
    i.TIM_OC2_SetConfig                      0x08004888   Section        0  stm32f4xx_hal_tim.o(i.TIM_OC2_SetConfig)
    i.TIM_OC3_SetConfig                      0x080048e4   Section        0  stm32f4xx_hal_tim.o(i.TIM_OC3_SetConfig)
    TIM_OC3_SetConfig                        0x080048e5   Thumb Code    84  stm32f4xx_hal_tim.o(i.TIM_OC3_SetConfig)
    i.TIM_OC4_SetConfig                      0x0800493c   Section        0  stm32f4xx_hal_tim.o(i.TIM_OC4_SetConfig)
    TIM_OC4_SetConfig                        0x0800493d   Thumb Code    64  stm32f4xx_hal_tim.o(i.TIM_OC4_SetConfig)
    i.TIM_SlaveTimer_SetConfig               0x08004980   Section        0  stm32f4xx_hal_tim.o(i.TIM_SlaveTimer_SetConfig)
    TIM_SlaveTimer_SetConfig                 0x08004981   Thumb Code   134  stm32f4xx_hal_tim.o(i.TIM_SlaveTimer_SetConfig)
    i.TIM_TI1_ConfigInputStage               0x08004a06   Section        0  stm32f4xx_hal_tim.o(i.TIM_TI1_ConfigInputStage)
    TIM_TI1_ConfigInputStage                 0x08004a07   Thumb Code    34  stm32f4xx_hal_tim.o(i.TIM_TI1_ConfigInputStage)
    i.TIM_TI1_SetConfig                      0x08004a28   Section        0  stm32f4xx_hal_tim.o(i.TIM_TI1_SetConfig)
    i.TIM_TI2_ConfigInputStage               0x08004a94   Section        0  stm32f4xx_hal_tim.o(i.TIM_TI2_ConfigInputStage)
    TIM_TI2_ConfigInputStage                 0x08004a95   Thumb Code    36  stm32f4xx_hal_tim.o(i.TIM_TI2_ConfigInputStage)
    i.UART_DMAAbortOnError                   0x08004ab8   Section        0  stm32f4xx_hal_uart.o(i.UART_DMAAbortOnError)
    UART_DMAAbortOnError                     0x08004ab9   Thumb Code    16  stm32f4xx_hal_uart.o(i.UART_DMAAbortOnError)
    i.UART_DMAError                          0x08004ac8   Section        0  stm32f4xx_hal_uart.o(i.UART_DMAError)
    UART_DMAError                            0x08004ac9   Thumb Code    74  stm32f4xx_hal_uart.o(i.UART_DMAError)
    i.UART_DMAReceiveCplt                    0x08004b12   Section        0  stm32f4xx_hal_uart.o(i.UART_DMAReceiveCplt)
    UART_DMAReceiveCplt                      0x08004b13   Thumb Code    60  stm32f4xx_hal_uart.o(i.UART_DMAReceiveCplt)
    i.UART_DMARxHalfCplt                     0x08004b4e   Section        0  stm32f4xx_hal_uart.o(i.UART_DMARxHalfCplt)
    UART_DMARxHalfCplt                       0x08004b4f   Thumb Code    10  stm32f4xx_hal_uart.o(i.UART_DMARxHalfCplt)
    i.UART_DMATransmitCplt                   0x08004b58   Section        0  stm32f4xx_hal_uart.o(i.UART_DMATransmitCplt)
    UART_DMATransmitCplt                     0x08004b59   Thumb Code    46  stm32f4xx_hal_uart.o(i.UART_DMATransmitCplt)
    i.UART_DMATxHalfCplt                     0x08004b86   Section        0  stm32f4xx_hal_uart.o(i.UART_DMATxHalfCplt)
    UART_DMATxHalfCplt                       0x08004b87   Thumb Code    10  stm32f4xx_hal_uart.o(i.UART_DMATxHalfCplt)
    i.UART_EndRxTransfer                     0x08004b90   Section        0  stm32f4xx_hal_uart.o(i.UART_EndRxTransfer)
    UART_EndRxTransfer                       0x08004b91   Thumb Code    28  stm32f4xx_hal_uart.o(i.UART_EndRxTransfer)
    i.UART_EndTxTransfer                     0x08004bac   Section        0  stm32f4xx_hal_uart.o(i.UART_EndTxTransfer)
    UART_EndTxTransfer                       0x08004bad   Thumb Code    18  stm32f4xx_hal_uart.o(i.UART_EndTxTransfer)
    i.UART_Receive_IT                        0x08004bbe   Section        0  stm32f4xx_hal_uart.o(i.UART_Receive_IT)
    UART_Receive_IT                          0x08004bbf   Thumb Code   150  stm32f4xx_hal_uart.o(i.UART_Receive_IT)
    i.UART_SetConfig                         0x08004c54   Section        0  stm32f4xx_hal_uart.o(i.UART_SetConfig)
    UART_SetConfig                           0x08004c55   Thumb Code   288  stm32f4xx_hal_uart.o(i.UART_SetConfig)
    i.UART_Transmit_IT                       0x08004d7c   Section        0  stm32f4xx_hal_uart.o(i.UART_Transmit_IT)
    UART_Transmit_IT                         0x08004d7d   Thumb Code    98  stm32f4xx_hal_uart.o(i.UART_Transmit_IT)
    i.USART2_IRQHandler                      0x08004de0   Section        0  stm32f4xx_it.o(i.USART2_IRQHandler)
    i.UploadData                             0x08004e20   Section        0  stm32f4xx_it.o(i.UploadData)
    UploadData                               0x08004e21   Thumb Code   310  stm32f4xx_it.o(i.UploadData)
    i.__NVIC_SetPriority                     0x08004f88   Section        0  stm32f4xx_hal_cortex.o(i.__NVIC_SetPriority)
    __NVIC_SetPriority                       0x08004f89   Thumb Code    32  stm32f4xx_hal_cortex.o(i.__NVIC_SetPriority)
    i.__hardfp_ceil                          0x08004fa8   Section        0  ceil.o(i.__hardfp_ceil)
    i.__hardfp_floorf                        0x080050c0   Section        0  floorf.o(i.__hardfp_floorf)
    i.__hardfp_fmodf                         0x08005130   Section        0  fmodf.o(i.__hardfp_fmodf)
    i.__mathlib_flt_invalid                  0x080051e0   Section        0  funder.o(i.__mathlib_flt_invalid)
    i.__scatterload_copy                     0x080051f0   Section       14  handlers.o(i.__scatterload_copy)
    i.__scatterload_null                     0x080051fe   Section        2  handlers.o(i.__scatterload_null)
    i.__scatterload_zeroinit                 0x08005200   Section       14  handlers.o(i.__scatterload_zeroinit)
    i.__set_errno                            0x08005210   Section        0  errno.o(i.__set_errno)
    i.main                                   0x0800521c   Section        0  main.o(i.main)
    i.plook_u32f_evencka                     0x08005484   Section        0  motor_control.o(i.plook_u32f_evencka)
    i.rtGetInf                               0x080054c0   Section        0  rtgetinf.o(i.rtGetInf)
    i.rtGetInfF                              0x080054d4   Section        0  rtgetinf.o(i.rtGetInfF)
    i.rtGetMinusInf                          0x080054e0   Section        0  rtgetinf.o(i.rtGetMinusInf)
    i.rtGetMinusInfF                         0x080054f4   Section        0  rtgetinf.o(i.rtGetMinusInfF)
    i.rtGetNaN                               0x08005500   Section        0  rtgetnan.o(i.rtGetNaN)
    i.rtGetNaNF                              0x08005514   Section        0  rtgetnan.o(i.rtGetNaNF)
    i.rtIsInfF                               0x08005520   Section        0  rt_nonfinite.o(i.rtIsInfF)
    i.rtIsNaNF                               0x0800554c   Section        0  rt_nonfinite.o(i.rtIsNaNF)
    i.rt_InitInfAndNaN                       0x08005564   Section        0  rt_nonfinite.o(i.rt_InitInfAndNaN)
    i.rt_modf_snf                            0x080055a0   Section        0  foc_control_100us.o(i.rt_modf_snf)
    .constdata                               0x080056e4   Section        8  stm32f4xx_hal_dma.o(.constdata)
    flagBitshiftOffset                       0x080056e4   Data           8  stm32f4xx_hal_dma.o(.constdata)
    .constdata                               0x080056ec   Section       16  system_stm32f4xx.o(.constdata)
    .constdata                               0x080056fc   Section        8  system_stm32f4xx.o(.constdata)
    .constdata                               0x08005704   Section        4  motor_control.o(.constdata)
    .constdata                               0x08005708   Section    32768  motor_control_data.o(.constdata)
    .data                                    0x20000000   Section       16  main.o(.data)
    autoReloadTimerLoopVal_S                 0x20000000   Data           4  main.o(.data)
    .data                                    0x20000010   Section        2  main.o(.data)
    .data                                    0x20000012   Section        2  main.o(.data)
    .data                                    0x20000014   Section        2  main.o(.data)
    .data                                    0x20000018   Section        4  main.o(.data)
    .data                                    0x2000001c   Section        4  main.o(.data)
    .data                                    0x20000020   Section        4  main.o(.data)
    .data                                    0x20000024   Section        4  main.o(.data)
    .data                                    0x20000028   Section        4  main.o(.data)
    .data                                    0x2000002c   Section        4  main.o(.data)
    .data                                    0x20000030   Section        4  main.o(.data)
    .data                                    0x20000034   Section        4  main.o(.data)
    .data                                    0x20000038   Section        4  main.o(.data)
    .data                                    0x2000003c   Section        1  main.o(.data)
    .data                                    0x2000003e   Section       18  stm32f4xx_it.o(.data)
    time_count                               0x20000044   Data           2  stm32f4xx_it.o(.data)
    .data                                    0x20000050   Section       12  stm32f4xx_hal.o(.data)
    .data                                    0x2000005c   Section        4  system_stm32f4xx.o(.data)
    .data                                    0x20000060   Section        4  motor_control.o(.data)
    .data                                    0x20000064   Section        3  motor_control.o(.data)
    .data                                    0x20000068   Section       32  motor_control.o(.data)
    .data                                    0x20000088   Section       12  motor_control.o(.data)
    .data                                    0x20000094   Section       32  motor_control.o(.data)
    .data                                    0x200000b4   Section       16  motor_control.o(.data)
    .data                                    0x200000c4   Section       28  motor_control.o(.data)
    .data                                    0x200000e0   Section        4  motor_control.o(.data)
    .data                                    0x200000e4   Section        4  motor_control.o(.data)
    .data                                    0x200000e8   Section        4  motor_control.o(.data)
    .data                                    0x200000ec   Section        4  motor_control.o(.data)
    .data                                    0x200000f0   Section        4  motor_control.o(.data)
    .data                                    0x200000f4   Section        4  motor_control.o(.data)
    .data                                    0x200000f8   Section        4  motor_control.o(.data)
    .data                                    0x200000fc   Section        4  motor_control.o(.data)
    .data                                    0x20000100   Section        4  motor_control.o(.data)
    .data                                    0x20000104   Section        4  motor_control.o(.data)
    .data                                    0x20000108   Section        8  motor_control.o(.data)
    rtM_                                     0x20000108   Data           8  motor_control.o(.data)
    .data                                    0x20000110   Section       40  rt_nonfinite.o(.data)
    .data                                    0x20000138   Section        4  errno.o(.data)
    _errno                                   0x20000138   Data           4  errno.o(.data)
    .bss                                     0x2000013c   Section      580  main.o(.bss)
    .bss                                     0x20000380   Section       96  main.o(.bss)
    .bss                                     0x200003e0   Section       96  main.o(.bss)
    .bss                                     0x20000440   Section       96  main.o(.bss)
    .bss                                     0x200004a0   Section     8032  stm32f4xx_it.o(.bss)
    temp                                     0x200004a0   Data          30  stm32f4xx_it.o(.bss)
    .bss                                     0x20002400   Section      228  motor_control.o(.bss)
    .bss                                     0x200024e4   Section       40  motor_control.o(.bss)
    STACK                                    0x20002510   Section     1024  startup_stm32f401xe.o(STACK)

    Global Symbols

    Symbol Name                              Value     Ov Type        Size  Object(Section)

    BuildAttributes$$THM_ISAv4$E$P$D$K$B$S$7EM$VFPi3$EXTD16$VFPS$VFMA$PE$A:L22UL41UL21$X:L11$S22US41US21$IEEE1$IW$USESV6$~STKCKD$USESV7$~SHL$OTIME$ROPI$IEEEX$EBA8$MICROLIB$REQ8$PRES8$EABIv2 0x00000000   Number         0  anon$$obj.o ABSOLUTE
    __ARM_use_no_argv                        0x00000000   Number         0  main.o ABSOLUTE
    __cpp_initialize__aeabi_                  - Undefined Weak Reference
    __cxa_finalize                            - Undefined Weak Reference
    _clock_init                               - Undefined Weak Reference
    _microlib_exit                            - Undefined Weak Reference
    __Vectors_Size                           0x00000194   Number         0  startup_stm32f401xe.o ABSOLUTE
    __Vectors                                0x08000000   Data           4  startup_stm32f401xe.o(RESET)
    __Vectors_End                            0x08000194   Data           0  startup_stm32f401xe.o(RESET)
    __main                                   0x08000195   Thumb Code     0  entry.o(.ARM.Collect$$$$00000000)
    _main_stk                                0x08000195   Thumb Code     0  entry2.o(.ARM.Collect$$$$00000001)
    _main_scatterload                        0x08000199   Thumb Code     0  entry5.o(.ARM.Collect$$$$00000004)
    __main_after_scatterload                 0x0800019d   Thumb Code     0  entry5.o(.ARM.Collect$$$$00000004)
    _main_clock                              0x0800019d   Thumb Code     0  entry7b.o(.ARM.Collect$$$$00000008)
    _main_cpp_init                           0x0800019d   Thumb Code     0  entry8b.o(.ARM.Collect$$$$0000000A)
    _main_init                               0x0800019d   Thumb Code     0  entry9a.o(.ARM.Collect$$$$0000000B)
    __rt_final_cpp                           0x080001a5   Thumb Code     0  entry10a.o(.ARM.Collect$$$$0000000D)
    __rt_final_exit                          0x080001a5   Thumb Code     0  entry11a.o(.ARM.Collect$$$$0000000F)
    Reset_Handler                            0x080001a9   Thumb Code     8  startup_stm32f401xe.o(.text)
    NMI_Handler                              0x080001b1   Thumb Code     2  startup_stm32f401xe.o(.text)
    HardFault_Handler                        0x080001b3   Thumb Code     2  startup_stm32f401xe.o(.text)
    MemManage_Handler                        0x080001b5   Thumb Code     2  startup_stm32f401xe.o(.text)
    BusFault_Handler                         0x080001b7   Thumb Code     2  startup_stm32f401xe.o(.text)
    UsageFault_Handler                       0x080001b9   Thumb Code     2  startup_stm32f401xe.o(.text)
    SVC_Handler                              0x080001bb   Thumb Code     2  startup_stm32f401xe.o(.text)
    DebugMon_Handler                         0x080001bd   Thumb Code     2  startup_stm32f401xe.o(.text)
    PendSV_Handler                           0x080001bf   Thumb Code     2  startup_stm32f401xe.o(.text)
    DMA1_Stream0_IRQHandler                  0x080001c3   Thumb Code     0  startup_stm32f401xe.o(.text)
    DMA1_Stream1_IRQHandler                  0x080001c3   Thumb Code     0  startup_stm32f401xe.o(.text)
    DMA1_Stream2_IRQHandler                  0x080001c3   Thumb Code     0  startup_stm32f401xe.o(.text)
    DMA1_Stream3_IRQHandler                  0x080001c3   Thumb Code     0  startup_stm32f401xe.o(.text)
    DMA1_Stream4_IRQHandler                  0x080001c3   Thumb Code     0  startup_stm32f401xe.o(.text)
    DMA1_Stream7_IRQHandler                  0x080001c3   Thumb Code     0  startup_stm32f401xe.o(.text)
    DMA2_Stream1_IRQHandler                  0x080001c3   Thumb Code     0  startup_stm32f401xe.o(.text)
    DMA2_Stream2_IRQHandler                  0x080001c3   Thumb Code     0  startup_stm32f401xe.o(.text)
    DMA2_Stream3_IRQHandler                  0x080001c3   Thumb Code     0  startup_stm32f401xe.o(.text)
    DMA2_Stream4_IRQHandler                  0x080001c3   Thumb Code     0  startup_stm32f401xe.o(.text)
    DMA2_Stream5_IRQHandler                  0x080001c3   Thumb Code     0  startup_stm32f401xe.o(.text)
    DMA2_Stream6_IRQHandler                  0x080001c3   Thumb Code     0  startup_stm32f401xe.o(.text)
    DMA2_Stream7_IRQHandler                  0x080001c3   Thumb Code     0  startup_stm32f401xe.o(.text)
    EXTI0_IRQHandler                         0x080001c3   Thumb Code     0  startup_stm32f401xe.o(.text)
    EXTI1_IRQHandler                         0x080001c3   Thumb Code     0  startup_stm32f401xe.o(.text)
    EXTI2_IRQHandler                         0x080001c3   Thumb Code     0  startup_stm32f401xe.o(.text)
    EXTI3_IRQHandler                         0x080001c3   Thumb Code     0  startup_stm32f401xe.o(.text)
    EXTI4_IRQHandler                         0x080001c3   Thumb Code     0  startup_stm32f401xe.o(.text)
    EXTI9_5_IRQHandler                       0x080001c3   Thumb Code     0  startup_stm32f401xe.o(.text)
    FLASH_IRQHandler                         0x080001c3   Thumb Code     0  startup_stm32f401xe.o(.text)
    FPU_IRQHandler                           0x080001c3   Thumb Code     0  startup_stm32f401xe.o(.text)
    I2C1_ER_IRQHandler                       0x080001c3   Thumb Code     0  startup_stm32f401xe.o(.text)
    I2C1_EV_IRQHandler                       0x080001c3   Thumb Code     0  startup_stm32f401xe.o(.text)
    I2C2_ER_IRQHandler                       0x080001c3   Thumb Code     0  startup_stm32f401xe.o(.text)
    I2C2_EV_IRQHandler                       0x080001c3   Thumb Code     0  startup_stm32f401xe.o(.text)
    I2C3_ER_IRQHandler                       0x080001c3   Thumb Code     0  startup_stm32f401xe.o(.text)
    I2C3_EV_IRQHandler                       0x080001c3   Thumb Code     0  startup_stm32f401xe.o(.text)
    OTG_FS_IRQHandler                        0x080001c3   Thumb Code     0  startup_stm32f401xe.o(.text)
    OTG_FS_WKUP_IRQHandler                   0x080001c3   Thumb Code     0  startup_stm32f401xe.o(.text)
    PVD_IRQHandler                           0x080001c3   Thumb Code     0  startup_stm32f401xe.o(.text)
    RCC_IRQHandler                           0x080001c3   Thumb Code     0  startup_stm32f401xe.o(.text)
    RTC_Alarm_IRQHandler                     0x080001c3   Thumb Code     0  startup_stm32f401xe.o(.text)
    RTC_WKUP_IRQHandler                      0x080001c3   Thumb Code     0  startup_stm32f401xe.o(.text)
    SDIO_IRQHandler                          0x080001c3   Thumb Code     0  startup_stm32f401xe.o(.text)
    SPI1_IRQHandler                          0x080001c3   Thumb Code     0  startup_stm32f401xe.o(.text)
    SPI2_IRQHandler                          0x080001c3   Thumb Code     0  startup_stm32f401xe.o(.text)
    SPI3_IRQHandler                          0x080001c3   Thumb Code     0  startup_stm32f401xe.o(.text)
    SPI4_IRQHandler                          0x080001c3   Thumb Code     0  startup_stm32f401xe.o(.text)
    TAMP_STAMP_IRQHandler                    0x080001c3   Thumb Code     0  startup_stm32f401xe.o(.text)
    TIM1_CC_IRQHandler                       0x080001c3   Thumb Code     0  startup_stm32f401xe.o(.text)
    TIM1_TRG_COM_TIM11_IRQHandler            0x080001c3   Thumb Code     0  startup_stm32f401xe.o(.text)
    TIM4_IRQHandler                          0x080001c3   Thumb Code     0  startup_stm32f401xe.o(.text)
    USART1_IRQHandler                        0x080001c3   Thumb Code     0  startup_stm32f401xe.o(.text)
    USART6_IRQHandler                        0x080001c3   Thumb Code     0  startup_stm32f401xe.o(.text)
    WWDG_IRQHandler                          0x080001c3   Thumb Code     0  startup_stm32f401xe.o(.text)
    __aeabi_uldivmod                         0x080001cd   Thumb Code    98  uldiv.o(.text)
    __aeabi_memset                           0x0800022f   Thumb Code    14  memseta.o(.text)
    __aeabi_memset4                          0x0800022f   Thumb Code     0  memseta.o(.text)
    __aeabi_memset8                          0x0800022f   Thumb Code     0  memseta.o(.text)
    __aeabi_memclr                           0x0800023d   Thumb Code     4  memseta.o(.text)
    __aeabi_memclr4                          0x0800023d   Thumb Code     0  memseta.o(.text)
    __aeabi_memclr8                          0x0800023d   Thumb Code     0  memseta.o(.text)
    _memset$wrapper                          0x08000241   Thumb Code    18  memseta.o(.text)
    __aeabi_dadd                             0x08000253   Thumb Code   322  dadd.o(.text)
    __aeabi_dsub                             0x08000395   Thumb Code     6  dadd.o(.text)
    __aeabi_drsub                            0x0800039b   Thumb Code     6  dadd.o(.text)
    __aeabi_dmul                             0x080003a1   Thumb Code   228  dmul.o(.text)
    __aeabi_ddiv                             0x08000485   Thumb Code   222  ddiv.o(.text)
    __aeabi_ui2d                             0x08000563   Thumb Code    26  dfltui.o(.text)
    __aeabi_d2uiz                            0x0800057d   Thumb Code    50  dfixui.o(.text)
    __aeabi_f2d                              0x080005af   Thumb Code    38  f2d.o(.text)
    __aeabi_d2f                              0x080005d5   Thumb Code    56  d2f.o(.text)
    __aeabi_llsl                             0x0800060d   Thumb Code    30  llshl.o(.text)
    _ll_shift_l                              0x0800060d   Thumb Code     0  llshl.o(.text)
    __aeabi_llsr                             0x0800062b   Thumb Code    32  llushr.o(.text)
    _ll_ushift_r                             0x0800062b   Thumb Code     0  llushr.o(.text)
    __aeabi_lasr                             0x0800064b   Thumb Code    36  llsshr.o(.text)
    _ll_sshift_r                             0x0800064b   Thumb Code     0  llsshr.o(.text)
    __I$use$fp                               0x0800066f   Thumb Code     0  iusefp.o(.text)
    _float_round                             0x0800066f   Thumb Code    18  fepilogue.o(.text)
    _float_epilogue                          0x08000681   Thumb Code    92  fepilogue.o(.text)
    _frem                                    0x080006dd   Thumb Code    82  frem.o(.text)
    _double_round                            0x0800072f   Thumb Code    30  depilogue.o(.text)
    _double_epilogue                         0x0800074d   Thumb Code   156  depilogue.o(.text)
    __aeabi_cdrcmple                         0x080007e9   Thumb Code    48  cdrcmple.o(.text)
    __scatterload                            0x08000819   Thumb Code    28  init.o(.text)
    __scatterload_rt2                        0x08000819   Thumb Code     0  init.o(.text)
    __decompress                             0x0800083d   Thumb Code     0  __dczerorl.o(.text)
    __decompress0                            0x0800083d   Thumb Code    58  __dczerorl.o(.text)
    ACC_OMG                                  0x08000879   Thumb Code   320  angle_speed_100us.o(i.ACC_OMG)
    ADC_IRQ                                  0x08000a69   Thumb Code   116  angle_speed_100us.o(i.ADC_IRQ)
    ADC_IRQHandler                           0x08000af5   Thumb Code   450  stm32f4xx_it.o(i.ADC_IRQHandler)
    Angle_Speed_100us                        0x08000e49   Thumb Code    14  angle_speed_100us.o(i.Angle_Speed_100us)
    Clarke_Transform                         0x08000e59   Thumb Code    64  foc_control_100us.o(i.Clarke_Transform)
    Control_Command_2ms                      0x08000ead   Thumb Code    58  control_command_2ms.o(i.Control_Command_2ms)
    Control_Command_2ms_k                    0x08000ef1   Thumb Code    42  control_command_2ms.o(i.Control_Command_2ms_k)
    Control_Command_2ms_o_Init               0x08000f35   Thumb Code    10  control_command_2ms.o(i.Control_Command_2ms_o_Init)
    DMA1_Stream5_IRQHandler                  0x08000f45   Thumb Code     6  stm32f4xx_it.o(i.DMA1_Stream5_IRQHandler)
    DMA1_Stream6_IRQHandler                  0x08000f51   Thumb Code     6  stm32f4xx_it.o(i.DMA1_Stream6_IRQHandler)
    DMA2_Stream0_IRQHandler                  0x08000f5d   Thumb Code     6  stm32f4xx_it.o(i.DMA2_Stream0_IRQHandler)
    D_Current_PI                             0x0800100d   Thumb Code   194  foc_control_100us.o(i.D_Current_PI)
    EXTI15_10_IRQHandler                     0x080010f5   Thumb Code    68  stm32f4xx_it.o(i.EXTI15_10_IRQHandler)
    Error_Handler                            0x08001141   Thumb Code     4  main.o(i.Error_Handler)
    FOC                                      0x08001145   Thumb Code   392  foc_control_100us.o(i.FOC)
    FOC_Control_100us                        0x08001305   Thumb Code     4  foc_control_100us.o(i.FOC_Control_100us)
    FOC_Control_100us_Enable                 0x08001309   Thumb Code     4  foc_control_100us.o(i.FOC_Control_100us_Enable)
    FOC_Control_100us_Init                   0x0800130d   Thumb Code    12  foc_control_100us.o(i.FOC_Control_100us_Init)
    HAL_ADCEx_InjectedConfigChannel          0x0800131d   Thumb Code   428  stm32f4xx_hal_adc_ex.o(i.HAL_ADCEx_InjectedConfigChannel)
    HAL_ADCEx_InjectedConvCpltCallback       0x080014d9   Thumb Code     2  stm32f4xx_hal_adc_ex.o(i.HAL_ADCEx_InjectedConvCpltCallback)
    HAL_ADCEx_InjectedGetValue               0x080014db   Thumb Code    58  stm32f4xx_hal_adc_ex.o(i.HAL_ADCEx_InjectedGetValue)
    HAL_ADCEx_InjectedStart                  0x08001515   Thumb Code   178  stm32f4xx_hal_adc_ex.o(i.HAL_ADCEx_InjectedStart)
    HAL_ADCEx_InjectedStart_IT               0x080015d9   Thumb Code   188  stm32f4xx_hal_adc_ex.o(i.HAL_ADCEx_InjectedStart_IT)
    HAL_ADC_ConfigChannel                    0x080016a5   Thumb Code   316  stm32f4xx_hal_adc.o(i.HAL_ADC_ConfigChannel)
    HAL_ADC_ConvCpltCallback                 0x080017f1   Thumb Code     2  stm32f4xx_hal_adc.o(i.HAL_ADC_ConvCpltCallback)
    HAL_ADC_ConvHalfCpltCallback             0x080017f3   Thumb Code     2  stm32f4xx_hal_adc.o(i.HAL_ADC_ConvHalfCpltCallback)
    HAL_ADC_ErrorCallback                    0x080017f5   Thumb Code     2  stm32f4xx_hal_adc.o(i.HAL_ADC_ErrorCallback)
    HAL_ADC_IRQHandler                       0x080017f7   Thumb Code   316  stm32f4xx_hal_adc.o(i.HAL_ADC_IRQHandler)
    HAL_ADC_Init                             0x08001933   Thumb Code    84  stm32f4xx_hal_adc.o(i.HAL_ADC_Init)
    HAL_ADC_LevelOutOfWindowCallback         0x08001987   Thumb Code     2  stm32f4xx_hal_adc.o(i.HAL_ADC_LevelOutOfWindowCallback)
    HAL_ADC_MspInit                          0x08001989   Thumb Code   176  stm32f4xx_hal_msp.o(i.HAL_ADC_MspInit)
    HAL_ADC_Start_DMA                        0x08001a51   Thumb Code   230  stm32f4xx_hal_adc.o(i.HAL_ADC_Start_DMA)
    HAL_CRC_Calculate                        0x08001b55   Thumb Code    46  stm32f4xx_hal_crc.o(i.HAL_CRC_Calculate)
    HAL_CRC_Init                             0x08001b83   Thumb Code    34  stm32f4xx_hal_crc.o(i.HAL_CRC_Init)
    HAL_CRC_MspInit                          0x08001ba5   Thumb Code    30  stm32f4xx_hal_msp.o(i.HAL_CRC_MspInit)
    HAL_DMA_Abort_IT                         0x08001bcd   Thumb Code    36  stm32f4xx_hal_dma.o(i.HAL_DMA_Abort_IT)
    HAL_DMA_IRQHandler                       0x08001bf1   Thumb Code   412  stm32f4xx_hal_dma.o(i.HAL_DMA_IRQHandler)
    HAL_DMA_Init                             0x08001d91   Thumb Code   206  stm32f4xx_hal_dma.o(i.HAL_DMA_Init)
    HAL_DMA_Start_IT                         0x08001e65   Thumb Code   110  stm32f4xx_hal_dma.o(i.HAL_DMA_Start_IT)
    HAL_GPIO_EXTI_Callback                   0x08001ed3   Thumb Code     2  stm32f4xx_hal_gpio.o(i.HAL_GPIO_EXTI_Callback)
    HAL_GPIO_EXTI_IRQHandler                 0x08001ed5   Thumb Code    18  stm32f4xx_hal_gpio.o(i.HAL_GPIO_EXTI_IRQHandler)
    HAL_GPIO_Init                            0x08001eed   Thumb Code   360  stm32f4xx_hal_gpio.o(i.HAL_GPIO_Init)
    HAL_GPIO_ReadPin                         0x08002075   Thumb Code    10  stm32f4xx_hal_gpio.o(i.HAL_GPIO_ReadPin)
    HAL_GPIO_TogglePin                       0x0800207f   Thumb Code    14  stm32f4xx_hal_gpio.o(i.HAL_GPIO_TogglePin)
    HAL_GPIO_WritePin                        0x0800208d   Thumb Code    10  stm32f4xx_hal_gpio.o(i.HAL_GPIO_WritePin)
    HAL_GetTick                              0x08002099   Thumb Code     6  stm32f4xx_hal.o(i.HAL_GetTick)
    HAL_IncTick                              0x080020a5   Thumb Code    12  stm32f4xx_hal.o(i.HAL_IncTick)
    HAL_Init                                 0x080020b5   Thumb Code    48  stm32f4xx_hal.o(i.HAL_Init)
    HAL_InitTick                             0x080020e9   Thumb Code    54  stm32f4xx_hal.o(i.HAL_InitTick)
    HAL_MspInit                              0x08002129   Thumb Code    48  stm32f4xx_hal_msp.o(i.HAL_MspInit)
    HAL_NVIC_EnableIRQ                       0x0800215d   Thumb Code    26  stm32f4xx_hal_cortex.o(i.HAL_NVIC_EnableIRQ)
    HAL_NVIC_SetPriority                     0x08002179   Thumb Code    60  stm32f4xx_hal_cortex.o(i.HAL_NVIC_SetPriority)
    HAL_NVIC_SetPriorityGrouping             0x080021b9   Thumb Code    26  stm32f4xx_hal_cortex.o(i.HAL_NVIC_SetPriorityGrouping)
    HAL_RCC_ClockConfig                      0x080021dd   Thumb Code   288  stm32f4xx_hal_rcc.o(i.HAL_RCC_ClockConfig)
    HAL_RCC_GetPCLK1Freq                     0x08002311   Thumb Code    20  stm32f4xx_hal_rcc.o(i.HAL_RCC_GetPCLK1Freq)
    HAL_RCC_GetPCLK2Freq                     0x08002331   Thumb Code    20  stm32f4xx_hal_rcc.o(i.HAL_RCC_GetPCLK2Freq)
    HAL_RCC_GetSysClockFreq                  0x08002351   Thumb Code    88  stm32f4xx_hal_rcc.o(i.HAL_RCC_GetSysClockFreq)
    HAL_RCC_OscConfig                        0x080023b1   Thumb Code   820  stm32f4xx_hal_rcc.o(i.HAL_RCC_OscConfig)
    HAL_SYSTICK_Config                       0x080026f9   Thumb Code    40  stm32f4xx_hal_cortex.o(i.HAL_SYSTICK_Config)
    HAL_TIMEx_BreakCallback                  0x08002721   Thumb Code     2  stm32f4xx_hal_tim_ex.o(i.HAL_TIMEx_BreakCallback)
    HAL_TIMEx_CommutCallback                 0x08002723   Thumb Code     2  stm32f4xx_hal_tim_ex.o(i.HAL_TIMEx_CommutCallback)
    HAL_TIMEx_ConfigBreakDeadTime            0x08002725   Thumb Code    84  stm32f4xx_hal_tim_ex.o(i.HAL_TIMEx_ConfigBreakDeadTime)
    HAL_TIMEx_HallSensor_Init                0x08002779   Thumb Code   188  stm32f4xx_hal_tim_ex.o(i.HAL_TIMEx_HallSensor_Init)
    HAL_TIMEx_HallSensor_MspInit             0x08002835   Thumb Code     2  stm32f4xx_hal_tim_ex.o(i.HAL_TIMEx_HallSensor_MspInit)
    HAL_TIMEx_HallSensor_Start               0x08002837   Thumb Code    38  stm32f4xx_hal_tim_ex.o(i.HAL_TIMEx_HallSensor_Start)
    HAL_TIMEx_HallSensor_Start_IT            0x0800285d   Thumb Code    48  stm32f4xx_hal_tim_ex.o(i.HAL_TIMEx_HallSensor_Start_IT)
    HAL_TIMEx_MasterConfigSynchronization    0x0800288d   Thumb Code   104  stm32f4xx_hal_tim_ex.o(i.HAL_TIMEx_MasterConfigSynchronization)
    HAL_TIMEx_PWMN_Start                     0x08002909   Thumb Code    46  stm32f4xx_hal_tim_ex.o(i.HAL_TIMEx_PWMN_Start)
    HAL_TIM_Base_Init                        0x08002937   Thumb Code    54  stm32f4xx_hal_tim.o(i.HAL_TIM_Base_Init)
    HAL_TIM_Base_MspInit                     0x0800296d   Thumb Code   336  stm32f4xx_hal_msp.o(i.HAL_TIM_Base_MspInit)
    HAL_TIM_Base_Start_IT                    0x08002ad9   Thumb Code    34  stm32f4xx_hal_tim.o(i.HAL_TIM_Base_Start_IT)
    HAL_TIM_ConfigClockSource                0x08002afb   Thumb Code   214  stm32f4xx_hal_tim.o(i.HAL_TIM_ConfigClockSource)
    HAL_TIM_IC_CaptureCallback               0x08002bd1   Thumb Code     2  stm32f4xx_hal_tim.o(i.HAL_TIM_IC_CaptureCallback)
    HAL_TIM_IRQHandler                       0x08002bd3   Thumb Code   358  stm32f4xx_hal_tim.o(i.HAL_TIM_IRQHandler)
    HAL_TIM_MspPostInit                      0x08002d39   Thumb Code   150  stm32f4xx_hal_msp.o(i.HAL_TIM_MspPostInit)
    HAL_TIM_OC_ConfigChannel                 0x08002de5   Thumb Code    86  stm32f4xx_hal_tim.o(i.HAL_TIM_OC_ConfigChannel)
    HAL_TIM_OC_DelayElapsedCallback          0x08002e3b   Thumb Code     2  stm32f4xx_hal_tim.o(i.HAL_TIM_OC_DelayElapsedCallback)
    HAL_TIM_OC_Init                          0x08002e3d   Thumb Code    54  stm32f4xx_hal_tim.o(i.HAL_TIM_OC_Init)
    HAL_TIM_OC_MspInit                       0x08002e73   Thumb Code     2  stm32f4xx_hal_tim.o(i.HAL_TIM_OC_MspInit)
    HAL_TIM_PWM_ConfigChannel                0x08002e75   Thumb Code   208  stm32f4xx_hal_tim.o(i.HAL_TIM_PWM_ConfigChannel)
    HAL_TIM_PWM_Init                         0x08002f45   Thumb Code    54  stm32f4xx_hal_tim.o(i.HAL_TIM_PWM_Init)
    HAL_TIM_PWM_MspInit                      0x08002f7b   Thumb Code     2  stm32f4xx_hal_tim.o(i.HAL_TIM_PWM_MspInit)
    HAL_TIM_PWM_PulseFinishedCallback        0x08002f7d   Thumb Code     2  stm32f4xx_hal_tim.o(i.HAL_TIM_PWM_PulseFinishedCallback)
    HAL_TIM_PWM_Start                        0x08002f81   Thumb Code    52  stm32f4xx_hal_tim.o(i.HAL_TIM_PWM_Start)
    HAL_TIM_PeriodElapsedCallback            0x08002fb9   Thumb Code     2  stm32f4xx_hal_tim.o(i.HAL_TIM_PeriodElapsedCallback)
    HAL_TIM_SlaveConfigSynchro               0x08002fbb   Thumb Code    82  stm32f4xx_hal_tim.o(i.HAL_TIM_SlaveConfigSynchro)
    HAL_TIM_TriggerCallback                  0x0800300d   Thumb Code     2  stm32f4xx_hal_tim.o(i.HAL_TIM_TriggerCallback)
    HAL_UART_ErrorCallback                   0x0800300f   Thumb Code     2  stm32f4xx_hal_uart.o(i.HAL_UART_ErrorCallback)
    HAL_UART_IRQHandler                      0x08003011   Thumb Code   270  stm32f4xx_hal_uart.o(i.HAL_UART_IRQHandler)
    HAL_UART_Init                            0x08003125   Thumb Code    98  stm32f4xx_hal_uart.o(i.HAL_UART_Init)
    HAL_UART_MspInit                         0x08003189   Thumb Code   204  stm32f4xx_hal_msp.o(i.HAL_UART_MspInit)
    HAL_UART_Receive_DMA                     0x0800326d   Thumb Code   138  stm32f4xx_hal_uart.o(i.HAL_UART_Receive_DMA)
    HAL_UART_RxCpltCallback                  0x08003305   Thumb Code     2  stm32f4xx_hal_uart.o(i.HAL_UART_RxCpltCallback)
    HAL_UART_RxHalfCpltCallback              0x08003307   Thumb Code     2  stm32f4xx_hal_uart.o(i.HAL_UART_RxHalfCpltCallback)
    HAL_UART_Transmit_DMA                    0x08003309   Thumb Code   116  stm32f4xx_hal_uart.o(i.HAL_UART_Transmit_DMA)
    HAL_UART_TxCpltCallback                  0x08003389   Thumb Code     2  stm32f4xx_hal_uart.o(i.HAL_UART_TxCpltCallback)
    HAL_UART_TxHalfCpltCallback              0x0800338b   Thumb Code     2  stm32f4xx_hal_uart.o(i.HAL_UART_TxHalfCpltCallback)
    HIGH_SMO                                 0x0800338d   Thumb Code   794  foc_control_100us.o(i.HIGH_SMO)
    HIGH_SMO_Enable                          0x080036f5   Thumb Code    16  foc_control_100us.o(i.HIGH_SMO_Enable)
    Inverse_Park_Transform                   0x08003709   Thumb Code    52  foc_control_100us.o(i.Inverse_Park_Transform)
    Motor_Control_initialize                 0x08003d3d   Thumb Code    64  motor_control.o(i.Motor_Control_initialize)
    Motor_Control_step                       0x08003d85   Thumb Code   204  motor_control.o(i.Motor_Control_step)
    Normal                                   0x08003e5d   Thumb Code    26  foc_control_100us.o(i.Normal)
    Over_M                                   0x08003e81   Thumb Code    26  foc_control_100us.o(i.Over_M)
    Park_Transform                           0x08003ea5   Thumb Code    52  foc_control_100us.o(i.Park_Transform)
    Q_Current_PI                             0x08003eed   Thumb Code   192  foc_control_100us.o(i.Q_Current_PI)
    SVPWM                                    0x08003fcd   Thumb Code   628  foc_control_100us.o(i.SVPWM)
    SYM_State_10ms                           0x0800427d   Thumb Code   114  sym_state_10ms.o(i.SYM_State_10ms)
    Sine_Cosine                              0x0800430d   Thumb Code    82  foc_control_100us.o(i.Sine_Cosine)
    Sine_Cosine_m                            0x08004381   Thumb Code    82  foc_control_100us.o(i.Sine_Cosine_m)
    Speed_PI                                 0x080043f5   Thumb Code   164  control_command_2ms.o(i.Speed_PI)
    Speed_PI_Disable                         0x080044b1   Thumb Code    12  control_command_2ms.o(i.Speed_PI_Disable)
    SwitchCaseActionSubsystem                0x080044c1   Thumb Code    14  control_command_2ms.o(i.SwitchCaseActionSubsystem)
    SysTick_Handler                          0x08004505   Thumb Code    16  stm32f4xx_it.o(i.SysTick_Handler)
    SystemClock_Config                       0x08004519   Thumb Code   140  main.o(i.SystemClock_Config)
    SystemInit                               0x080045ad   Thumb Code    22  system_stm32f4xx.o(i.SystemInit)
    TIM1_BRK_TIM9_IRQHandler                 0x080045c9   Thumb Code     6  stm32f4xx_it.o(i.TIM1_BRK_TIM9_IRQHandler)
    TIM1_UP_TIM10_IRQHandler                 0x080045d5   Thumb Code     6  stm32f4xx_it.o(i.TIM1_UP_TIM10_IRQHandler)
    TIM2_IRQHandler                          0x080045e1   Thumb Code   110  stm32f4xx_it.o(i.TIM2_IRQHandler)
    TIM3_IRQHandler                          0x08004669   Thumb Code   138  stm32f4xx_it.o(i.TIM3_IRQHandler)
    TIM5_IRQHandler                          0x08004725   Thumb Code    20  stm32f4xx_it.o(i.TIM5_IRQHandler)
    TIM_Base_SetConfig                       0x08004741   Thumb Code   122  stm32f4xx_hal_tim.o(i.TIM_Base_SetConfig)
    TIM_CCxChannelCmd                        0x080047d9   Thumb Code    26  stm32f4xx_hal_tim.o(i.TIM_CCxChannelCmd)
    TIM_ETR_SetConfig                        0x0800480d   Thumb Code    20  stm32f4xx_hal_tim.o(i.TIM_ETR_SetConfig)
    TIM_OC2_SetConfig                        0x08004889   Thumb Code    86  stm32f4xx_hal_tim.o(i.TIM_OC2_SetConfig)
    TIM_TI1_SetConfig                        0x08004a29   Thumb Code    88  stm32f4xx_hal_tim.o(i.TIM_TI1_SetConfig)
    USART2_IRQHandler                        0x08004de1   Thumb Code    50  stm32f4xx_it.o(i.USART2_IRQHandler)
    __hardfp_ceil                            0x08004fa9   Thumb Code   252  ceil.o(i.__hardfp_ceil)
    __hardfp_floorf                          0x080050c1   Thumb Code    98  floorf.o(i.__hardfp_floorf)
    __hardfp_fmodf                           0x08005131   Thumb Code   176  fmodf.o(i.__hardfp_fmodf)
    __mathlib_flt_invalid                    0x080051e1   Thumb Code    10  funder.o(i.__mathlib_flt_invalid)
    __scatterload_copy                       0x080051f1   Thumb Code    14  handlers.o(i.__scatterload_copy)
    __scatterload_null                       0x080051ff   Thumb Code     2  handlers.o(i.__scatterload_null)
    __scatterload_zeroinit                   0x08005201   Thumb Code    14  handlers.o(i.__scatterload_zeroinit)
    __set_errno                              0x08005211   Thumb Code     6  errno.o(i.__set_errno)
    main                                     0x0800521d   Thumb Code   578  main.o(i.main)
    plook_u32f_evencka                       0x08005485   Thumb Code    58  motor_control.o(i.plook_u32f_evencka)
    rtGetInf                                 0x080054c1   Thumb Code    16  rtgetinf.o(i.rtGetInf)
    rtGetInfF                                0x080054d5   Thumb Code    10  rtgetinf.o(i.rtGetInfF)
    rtGetMinusInf                            0x080054e1   Thumb Code    16  rtgetinf.o(i.rtGetMinusInf)
    rtGetMinusInfF                           0x080054f5   Thumb Code     8  rtgetinf.o(i.rtGetMinusInfF)
    rtGetNaN                                 0x08005501   Thumb Code    16  rtgetnan.o(i.rtGetNaN)
    rtGetNaNF                                0x08005515   Thumb Code     8  rtgetnan.o(i.rtGetNaNF)
    rtIsInfF                                 0x08005521   Thumb Code    38  rt_nonfinite.o(i.rtIsInfF)
    rtIsNaNF                                 0x0800554d   Thumb Code    24  rt_nonfinite.o(i.rtIsNaNF)
    rt_InitInfAndNaN                         0x08005565   Thumb Code    54  rt_nonfinite.o(i.rt_InitInfAndNaN)
    rt_modf_snf                              0x080055a1   Thumb Code   312  foc_control_100us.o(i.rt_modf_snf)
    AHBPrescTable                            0x080056ec   Data          16  system_stm32f4xx.o(.constdata)
    APBPrescTable                            0x080056fc   Data           8  system_stm32f4xx.o(.constdata)
    rtM                                      0x08005704   Data           4  motor_control.o(.constdata)
    rtConstP                                 0x08005708   Data       32768  motor_control_data.o(.constdata)
    Region$$Table$$Base                      0x0800d708   Number         0  anon$$obj.o(Region$$Table)
    Region$$Table$$Limit                     0x0800d728   Number         0  anon$$obj.o(Region$$Table)
    remainAutoReloadTimerLoopVal_S           0x20000004   Data           4  main.o(.data)
    hcrc                                     0x20000008   Data           8  main.o(.data)
    Task_10ms                                0x20000010   Data           2  main.o(.data)
    Task_100ms                               0x20000012   Data           2  main.o(.data)
    Task_2ms                                 0x20000014   Data           2  main.o(.data)
    Bus_volt_V                               0x20000018   Data           4  main.o(.data)
    Ia_A                                     0x2000001c   Data           4  main.o(.data)
    Ib_A                                     0x20000020   Data           4  main.o(.data)
    Ic_A                                     0x20000024   Data           4  main.o(.data)
    U_voltage                                0x20000028   Data           4  main.o(.data)
    V_voltage                                0x2000002c   Data           4  main.o(.data)
    W_voltage                                0x20000030   Data           4  main.o(.data)
    Speed_In                                 0x20000034   Data           4  main.o(.data)
    Debug_SetSpeed                           0x20000038   Data           4  main.o(.data)
    EnDisable_flag                           0x2000003c   Data           1  main.o(.data)
    Hall_Sector                              0x2000003e   Data           1  stm32f4xx_it.o(.data)
    Hall_InterruptCnt                        0x2000003f   Data           1  stm32f4xx_it.o(.data)
    Hall_a                                   0x20000040   Data           1  stm32f4xx_it.o(.data)
    Hall_b                                   0x20000041   Data           1  stm32f4xx_it.o(.data)
    Hall_c                                   0x20000042   Data           1  stm32f4xx_it.o(.data)
    arr_index                                0x20000046   Data           2  stm32f4xx_it.o(.data)
    Sampling_cnt                             0x20000048   Data           2  stm32f4xx_it.o(.data)
    Hall_Arr                                 0x2000004a   Data           6  stm32f4xx_it.o(.data)
    uwTickFreq                               0x20000050   Data           1  stm32f4xx_hal.o(.data)
    uwTickPrio                               0x20000054   Data           4  stm32f4xx_hal.o(.data)
    uwTick                                   0x20000058   Data           4  stm32f4xx_hal.o(.data)
    SystemCoreClock                          0x2000005c   Data           4  system_stm32f4xx.o(.data)
    SpeedFilter_Fn                           0x20000060   Data           4  motor_control.o(.data)
    CTL_Parameter                            0x20000064   Data           3  motor_control.o(.data)
    Hall_Parameter                           0x20000068   Data          32  motor_control.o(.data)
    OPL_Parameter                            0x20000088   Data          12  motor_control.o(.data)
    PI_Parameter                             0x20000094   Data          32  motor_control.o(.data)
    SMO_Parameter                            0x200000b4   Data          16  motor_control.o(.data)
    rtPrevZCX                                0x200000c4   Data           3  motor_control.o(.data)
    Obs_Speed                                0x200000c8   Data           4  motor_control.o(.data)
    Obs_Theta                                0x200000cc   Data           4  motor_control.o(.data)
    Vq_voltage                               0x200000d0   Data           4  motor_control.o(.data)
    Id_measured                              0x200000d4   Data           4  motor_control.o(.data)
    Iq_measured                              0x200000d8   Data           4  motor_control.o(.data)
    Vd_voltage                               0x200000dc   Data           4  motor_control.o(.data)
    Motor_Power                              0x200000e0   Data           4  motor_control.o(.data)
    Motor_Torque                             0x200000e4   Data           4  motor_control.o(.data)
    Hall_Angle                               0x200000e8   Data           4  motor_control.o(.data)
    Hall_Speed                               0x200000ec   Data           4  motor_control.o(.data)
    Id_ref                                   0x200000f0   Data           4  motor_control.o(.data)
    Iq_ref                                   0x200000f4   Data           4  motor_control.o(.data)
    V_alpha                                  0x200000f8   Data           4  motor_control.o(.data)
    V_beta                                   0x200000fc   Data           4  motor_control.o(.data)
    Ialpha                                   0x20000100   Data           4  motor_control.o(.data)
    Ibeta                                    0x20000104   Data           4  motor_control.o(.data)
    rtInfF                                   0x20000110   Data           4  rt_nonfinite.o(.data)
    rtMinusInfF                              0x20000114   Data           4  rt_nonfinite.o(.data)
    rtNaNF                                   0x20000118   Data           4  rt_nonfinite.o(.data)
    rtInf                                    0x20000120   Data           8  rt_nonfinite.o(.data)
    rtMinusInf                               0x20000128   Data           8  rt_nonfinite.o(.data)
    rtNaN                                    0x20000130   Data           8  rt_nonfinite.o(.data)
    hadc1                                    0x2000013c   Data          72  main.o(.bss)
    htim1                                    0x20000184   Data          64  main.o(.bss)
    htim2                                    0x200001c4   Data          64  main.o(.bss)
    htim3                                    0x20000204   Data          64  main.o(.bss)
    htim4                                    0x20000244   Data          64  main.o(.bss)
    htim5                                    0x20000284   Data          64  main.o(.bss)
    huart2                                   0x200002c4   Data          64  main.o(.bss)
    aRxBuffer                                0x20000304   Data         100  main.o(.bss)
    ADC_Value                                0x20000368   Data          24  main.o(.bss)
    hdma_adc1                                0x20000380   Data          96  main.o(.bss)
    hdma_usart2_tx                           0x200003e0   Data          96  main.o(.bss)
    hdma_usart2_rx                           0x20000440   Data          96  main.o(.bss)
    Ia_arr                                   0x200004c0   Data        8000  stm32f4xx_it.o(.bss)
    rtDW                                     0x20002400   Data         216  motor_control.o(.bss)
    rtY                                      0x200024d8   Data          12  motor_control.o(.bss)
    rtU                                      0x200024e4   Data          40  motor_control.o(.bss)
    __initial_sp                             0x20002910   Data           0  startup_stm32f401xe.o(STACK)



==============================================================================

Memory Map of the image

  Image Entry point : 0x08000195

  Load Region LR_IROM1 (Base: 0x08000000, Size: 0x0000d864, Max: 0x00080000, ABSOLUTE, COMPRESSED[0x0000d78c])

    Execution Region ER_IROM1 (Exec base: 0x08000000, Load base: 0x08000000, Size: 0x0000d728, Max: 0x00080000, ABSOLUTE)

    Exec Addr    Load Addr    Size         Type   Attr      Idx    E Section Name        Object

    0x08000000   0x08000000   0x00000194   Data   RO            3    RESET               startup_stm32f401xe.o
    0x08000194   0x08000194   0x00000000   Code   RO         3702  * .ARM.Collect$$$$00000000  mc_w.l(entry.o)
    0x08000194   0x08000194   0x00000004   Code   RO         3739    .ARM.Collect$$$$00000001  mc_w.l(entry2.o)
    0x08000198   0x08000198   0x00000004   Code   RO         3742    .ARM.Collect$$$$00000004  mc_w.l(entry5.o)
    0x0800019c   0x0800019c   0x00000000   Code   RO         3744    .ARM.Collect$$$$00000008  mc_w.l(entry7b.o)
    0x0800019c   0x0800019c   0x00000000   Code   RO         3746    .ARM.Collect$$$$0000000A  mc_w.l(entry8b.o)
    0x0800019c   0x0800019c   0x00000008   Code   RO         3747    .ARM.Collect$$$$0000000B  mc_w.l(entry9a.o)
    0x080001a4   0x080001a4   0x00000000   Code   RO         3749    .ARM.Collect$$$$0000000D  mc_w.l(entry10a.o)
    0x080001a4   0x080001a4   0x00000000   Code   RO         3751    .ARM.Collect$$$$0000000F  mc_w.l(entry11a.o)
    0x080001a4   0x080001a4   0x00000004   Code   RO         3740    .ARM.Collect$$$$00002712  mc_w.l(entry2.o)
    0x080001a8   0x080001a8   0x00000024   Code   RO            4    .text               startup_stm32f401xe.o
    0x080001cc   0x080001cc   0x00000062   Code   RO         3705    .text               mc_w.l(uldiv.o)
    0x0800022e   0x0800022e   0x00000024   Code   RO         3707    .text               mc_w.l(memseta.o)
    0x08000252   0x08000252   0x0000014e   Code   RO         3709    .text               mf_w.l(dadd.o)
    0x080003a0   0x080003a0   0x000000e4   Code   RO         3711    .text               mf_w.l(dmul.o)
    0x08000484   0x08000484   0x000000de   Code   RO         3713    .text               mf_w.l(ddiv.o)
    0x08000562   0x08000562   0x0000001a   Code   RO         3715    .text               mf_w.l(dfltui.o)
    0x0800057c   0x0800057c   0x00000032   Code   RO         3717    .text               mf_w.l(dfixui.o)
    0x080005ae   0x080005ae   0x00000026   Code   RO         3719    .text               mf_w.l(f2d.o)
    0x080005d4   0x080005d4   0x00000038   Code   RO         3723    .text               mf_w.l(d2f.o)
    0x0800060c   0x0800060c   0x0000001e   Code   RO         3753    .text               mc_w.l(llshl.o)
    0x0800062a   0x0800062a   0x00000020   Code   RO         3755    .text               mc_w.l(llushr.o)
    0x0800064a   0x0800064a   0x00000024   Code   RO         3757    .text               mc_w.l(llsshr.o)
    0x0800066e   0x0800066e   0x00000000   Code   RO         3766    .text               mc_w.l(iusefp.o)
    0x0800066e   0x0800066e   0x0000006e   Code   RO         3767    .text               mf_w.l(fepilogue.o)
    0x080006dc   0x080006dc   0x00000052   Code   RO         3769    .text               mf_w.l(frem.o)
    0x0800072e   0x0800072e   0x000000ba   Code   RO         3771    .text               mf_w.l(depilogue.o)
    0x080007e8   0x080007e8   0x00000030   Code   RO         3773    .text               mf_w.l(cdrcmple.o)
    0x08000818   0x08000818   0x00000024   Code   RO         3775    .text               mc_w.l(init.o)
    0x0800083c   0x0800083c   0x0000003a   Code   RO         3785    .text               mc_w.l(__dczerorl.o)
    0x08000876   0x08000876   0x00000002   PAD
    0x08000878   0x08000878   0x00000160   Code   RO         3256    i.ACC_OMG           angle_speed_100us.o
    0x080009d8   0x080009d8   0x0000006e   Code   RO          452    i.ADC_DMAConvCplt   stm32f4xx_hal_adc.o
    0x08000a46   0x08000a46   0x00000016   Code   RO          453    i.ADC_DMAError      stm32f4xx_hal_adc.o
    0x08000a5c   0x08000a5c   0x0000000a   Code   RO          454    i.ADC_DMAHalfConvCplt  stm32f4xx_hal_adc.o
    0x08000a66   0x08000a66   0x00000002   PAD
    0x08000a68   0x08000a68   0x0000008c   Code   RO         3257    i.ADC_IRQ           angle_speed_100us.o
    0x08000af4   0x08000af4   0x0000022c   Code   RO          261    i.ADC_IRQHandler    stm32f4xx_it.o
    0x08000d20   0x08000d20   0x00000128   Code   RO          455    i.ADC_Init          stm32f4xx_hal_adc.o
    0x08000e48   0x08000e48   0x0000000e   Code   RO         3258    i.Angle_Speed_100us  angle_speed_100us.o
    0x08000e56   0x08000e56   0x00000002   PAD
    0x08000e58   0x08000e58   0x00000054   Code   RO         3373    i.Clarke_Transform  foc_control_100us.o
    0x08000eac   0x08000eac   0x00000044   Code   RO         3321    i.Control_Command_2ms  control_command_2ms.o
    0x08000ef0   0x08000ef0   0x00000044   Code   RO         3323    i.Control_Command_2ms_k  control_command_2ms.o
    0x08000f34   0x08000f34   0x00000010   Code   RO         3324    i.Control_Command_2ms_o_Init  control_command_2ms.o
    0x08000f44   0x08000f44   0x0000000c   Code   RO          262    i.DMA1_Stream5_IRQHandler  stm32f4xx_it.o
    0x08000f50   0x08000f50   0x0000000c   Code   RO          263    i.DMA1_Stream6_IRQHandler  stm32f4xx_it.o
    0x08000f5c   0x08000f5c   0x0000000c   Code   RO          264    i.DMA2_Stream0_IRQHandler  stm32f4xx_it.o
    0x08000f68   0x08000f68   0x00000028   Code   RO         1210    i.DMA_CalcBaseAndBitshift  stm32f4xx_hal_dma.o
    0x08000f90   0x08000f90   0x00000054   Code   RO         1211    i.DMA_CheckFifoParam  stm32f4xx_hal_dma.o
    0x08000fe4   0x08000fe4   0x00000028   Code   RO         1212    i.DMA_SetConfig     stm32f4xx_hal_dma.o
    0x0800100c   0x0800100c   0x000000e8   Code   RO         3374    i.D_Current_PI      foc_control_100us.o
    0x080010f4   0x080010f4   0x0000004c   Code   RO          265    i.EXTI15_10_IRQHandler  stm32f4xx_it.o
    0x08001140   0x08001140   0x00000004   Code   RO           13    i.Error_Handler     main.o
    0x08001144   0x08001144   0x000001c0   Code   RO         3375    i.FOC               foc_control_100us.o
    0x08001304   0x08001304   0x00000004   Code   RO         3376    i.FOC_Control_100us  foc_control_100us.o
    0x08001308   0x08001308   0x00000004   Code   RO         3377    i.FOC_Control_100us_Enable  foc_control_100us.o
    0x0800130c   0x0800130c   0x00000010   Code   RO         3378    i.FOC_Control_100us_Init  foc_control_100us.o
    0x0800131c   0x0800131c   0x000001bc   Code   RO          625    i.HAL_ADCEx_InjectedConfigChannel  stm32f4xx_hal_adc_ex.o
    0x080014d8   0x080014d8   0x00000002   Code   RO          626    i.HAL_ADCEx_InjectedConvCpltCallback  stm32f4xx_hal_adc_ex.o
    0x080014da   0x080014da   0x0000003a   Code   RO          627    i.HAL_ADCEx_InjectedGetValue  stm32f4xx_hal_adc_ex.o
    0x08001514   0x08001514   0x000000c4   Code   RO          629    i.HAL_ADCEx_InjectedStart  stm32f4xx_hal_adc_ex.o
    0x080015d8   0x080015d8   0x000000cc   Code   RO          630    i.HAL_ADCEx_InjectedStart_IT  stm32f4xx_hal_adc_ex.o
    0x080016a4   0x080016a4   0x0000014c   Code   RO          457    i.HAL_ADC_ConfigChannel  stm32f4xx_hal_adc.o
    0x080017f0   0x080017f0   0x00000002   Code   RO          458    i.HAL_ADC_ConvCpltCallback  stm32f4xx_hal_adc.o
    0x080017f2   0x080017f2   0x00000002   Code   RO          459    i.HAL_ADC_ConvHalfCpltCallback  stm32f4xx_hal_adc.o
    0x080017f4   0x080017f4   0x00000002   Code   RO          461    i.HAL_ADC_ErrorCallback  stm32f4xx_hal_adc.o
    0x080017f6   0x080017f6   0x0000013c   Code   RO          465    i.HAL_ADC_IRQHandler  stm32f4xx_hal_adc.o
    0x08001932   0x08001932   0x00000054   Code   RO          466    i.HAL_ADC_Init      stm32f4xx_hal_adc.o
    0x08001986   0x08001986   0x00000002   Code   RO          467    i.HAL_ADC_LevelOutOfWindowCallback  stm32f4xx_hal_adc.o
    0x08001988   0x08001988   0x000000c8   Code   RO          374    i.HAL_ADC_MspInit   stm32f4xx_hal_msp.o
    0x08001a50   0x08001a50   0x00000104   Code   RO          473    i.HAL_ADC_Start_DMA  stm32f4xx_hal_adc.o
    0x08001b54   0x08001b54   0x0000002e   Code   RO         1908    i.HAL_CRC_Calculate  stm32f4xx_hal_crc.o
    0x08001b82   0x08001b82   0x00000022   Code   RO         1911    i.HAL_CRC_Init      stm32f4xx_hal_crc.o
    0x08001ba4   0x08001ba4   0x00000028   Code   RO          376    i.HAL_CRC_MspInit   stm32f4xx_hal_msp.o
    0x08001bcc   0x08001bcc   0x00000024   Code   RO         1214    i.HAL_DMA_Abort_IT  stm32f4xx_hal_dma.o
    0x08001bf0   0x08001bf0   0x000001a0   Code   RO         1218    i.HAL_DMA_IRQHandler  stm32f4xx_hal_dma.o
    0x08001d90   0x08001d90   0x000000d4   Code   RO         1219    i.HAL_DMA_Init      stm32f4xx_hal_dma.o
    0x08001e64   0x08001e64   0x0000006e   Code   RO         1223    i.HAL_DMA_Start_IT  stm32f4xx_hal_dma.o
    0x08001ed2   0x08001ed2   0x00000002   Code   RO         1104    i.HAL_GPIO_EXTI_Callback  stm32f4xx_hal_gpio.o
    0x08001ed4   0x08001ed4   0x00000018   Code   RO         1105    i.HAL_GPIO_EXTI_IRQHandler  stm32f4xx_hal_gpio.o
    0x08001eec   0x08001eec   0x00000188   Code   RO         1106    i.HAL_GPIO_Init     stm32f4xx_hal_gpio.o
    0x08002074   0x08002074   0x0000000a   Code   RO         1108    i.HAL_GPIO_ReadPin  stm32f4xx_hal_gpio.o
    0x0800207e   0x0800207e   0x0000000e   Code   RO         1109    i.HAL_GPIO_TogglePin  stm32f4xx_hal_gpio.o
    0x0800208c   0x0800208c   0x0000000a   Code   RO         1110    i.HAL_GPIO_WritePin  stm32f4xx_hal_gpio.o
    0x08002096   0x08002096   0x00000002   PAD
    0x08002098   0x08002098   0x0000000c   Code   RO         1662    i.HAL_GetTick       stm32f4xx_hal.o
    0x080020a4   0x080020a4   0x00000010   Code   RO         1668    i.HAL_IncTick       stm32f4xx_hal.o
    0x080020b4   0x080020b4   0x00000034   Code   RO         1669    i.HAL_Init          stm32f4xx_hal.o
    0x080020e8   0x080020e8   0x00000040   Code   RO         1670    i.HAL_InitTick      stm32f4xx_hal.o
    0x08002128   0x08002128   0x00000034   Code   RO          377    i.HAL_MspInit       stm32f4xx_hal_msp.o
    0x0800215c   0x0800215c   0x0000001a   Code   RO         1519    i.HAL_NVIC_EnableIRQ  stm32f4xx_hal_cortex.o
    0x08002176   0x08002176   0x00000002   PAD
    0x08002178   0x08002178   0x00000040   Code   RO         1525    i.HAL_NVIC_SetPriority  stm32f4xx_hal_cortex.o
    0x080021b8   0x080021b8   0x00000024   Code   RO         1526    i.HAL_NVIC_SetPriorityGrouping  stm32f4xx_hal_cortex.o
    0x080021dc   0x080021dc   0x00000134   Code   RO          728    i.HAL_RCC_ClockConfig  stm32f4xx_hal_rcc.o
    0x08002310   0x08002310   0x00000020   Code   RO          735    i.HAL_RCC_GetPCLK1Freq  stm32f4xx_hal_rcc.o
    0x08002330   0x08002330   0x00000020   Code   RO          736    i.HAL_RCC_GetPCLK2Freq  stm32f4xx_hal_rcc.o
    0x08002350   0x08002350   0x00000060   Code   RO          737    i.HAL_RCC_GetSysClockFreq  stm32f4xx_hal_rcc.o
    0x080023b0   0x080023b0   0x00000348   Code   RO          740    i.HAL_RCC_OscConfig  stm32f4xx_hal_rcc.o
    0x080026f8   0x080026f8   0x00000028   Code   RO         1530    i.HAL_SYSTICK_Config  stm32f4xx_hal_cortex.o
    0x08002720   0x08002720   0x00000002   Code   RO         2644    i.HAL_TIMEx_BreakCallback  stm32f4xx_hal_tim_ex.o
    0x08002722   0x08002722   0x00000002   Code   RO         2645    i.HAL_TIMEx_CommutCallback  stm32f4xx_hal_tim_ex.o
    0x08002724   0x08002724   0x00000054   Code   RO         2647    i.HAL_TIMEx_ConfigBreakDeadTime  stm32f4xx_hal_tim_ex.o
    0x08002778   0x08002778   0x000000bc   Code   RO         2653    i.HAL_TIMEx_HallSensor_Init  stm32f4xx_hal_tim_ex.o
    0x08002834   0x08002834   0x00000002   Code   RO         2655    i.HAL_TIMEx_HallSensor_MspInit  stm32f4xx_hal_tim_ex.o
    0x08002836   0x08002836   0x00000026   Code   RO         2656    i.HAL_TIMEx_HallSensor_Start  stm32f4xx_hal_tim_ex.o
    0x0800285c   0x0800285c   0x00000030   Code   RO         2658    i.HAL_TIMEx_HallSensor_Start_IT  stm32f4xx_hal_tim_ex.o
    0x0800288c   0x0800288c   0x0000007c   Code   RO         2662    i.HAL_TIMEx_MasterConfigSynchronization  stm32f4xx_hal_tim_ex.o
    0x08002908   0x08002908   0x0000002e   Code   RO         2673    i.HAL_TIMEx_PWMN_Start  stm32f4xx_hal_tim_ex.o
    0x08002936   0x08002936   0x00000036   Code   RO         1969    i.HAL_TIM_Base_Init  stm32f4xx_hal_tim.o
    0x0800296c   0x0800296c   0x0000016c   Code   RO          379    i.HAL_TIM_Base_MspInit  stm32f4xx_hal_msp.o
    0x08002ad8   0x08002ad8   0x00000022   Code   RO         1974    i.HAL_TIM_Base_Start_IT  stm32f4xx_hal_tim.o
    0x08002afa   0x08002afa   0x000000d6   Code   RO         1978    i.HAL_TIM_ConfigClockSource  stm32f4xx_hal_tim.o
    0x08002bd0   0x08002bd0   0x00000002   Code   RO         1998    i.HAL_TIM_IC_CaptureCallback  stm32f4xx_hal_tim.o
    0x08002bd2   0x08002bd2   0x00000166   Code   RO         2012    i.HAL_TIM_IRQHandler  stm32f4xx_hal_tim.o
    0x08002d38   0x08002d38   0x000000ac   Code   RO          380    i.HAL_TIM_MspPostInit  stm32f4xx_hal_msp.o
    0x08002de4   0x08002de4   0x00000056   Code   RO         2013    i.HAL_TIM_OC_ConfigChannel  stm32f4xx_hal_tim.o
    0x08002e3a   0x08002e3a   0x00000002   Code   RO         2015    i.HAL_TIM_OC_DelayElapsedCallback  stm32f4xx_hal_tim.o
    0x08002e3c   0x08002e3c   0x00000036   Code   RO         2017    i.HAL_TIM_OC_Init   stm32f4xx_hal_tim.o
    0x08002e72   0x08002e72   0x00000002   Code   RO         2019    i.HAL_TIM_OC_MspInit  stm32f4xx_hal_tim.o
    0x08002e74   0x08002e74   0x000000d0   Code   RO         2036    i.HAL_TIM_PWM_ConfigChannel  stm32f4xx_hal_tim.o
    0x08002f44   0x08002f44   0x00000036   Code   RO         2039    i.HAL_TIM_PWM_Init  stm32f4xx_hal_tim.o
    0x08002f7a   0x08002f7a   0x00000002   Code   RO         2041    i.HAL_TIM_PWM_MspInit  stm32f4xx_hal_tim.o
    0x08002f7c   0x08002f7c   0x00000002   Code   RO         2042    i.HAL_TIM_PWM_PulseFinishedCallback  stm32f4xx_hal_tim.o
    0x08002f7e   0x08002f7e   0x00000002   PAD
    0x08002f80   0x08002f80   0x00000038   Code   RO         2044    i.HAL_TIM_PWM_Start  stm32f4xx_hal_tim.o
    0x08002fb8   0x08002fb8   0x00000002   Code   RO         2050    i.HAL_TIM_PeriodElapsedCallback  stm32f4xx_hal_tim.o
    0x08002fba   0x08002fba   0x00000052   Code   RO         2053    i.HAL_TIM_SlaveConfigSynchro  stm32f4xx_hal_tim.o
    0x0800300c   0x0800300c   0x00000002   Code   RO         2055    i.HAL_TIM_TriggerCallback  stm32f4xx_hal_tim.o
    0x0800300e   0x0800300e   0x00000002   Code   RO         2916    i.HAL_UART_ErrorCallback  stm32f4xx_hal_uart.o
    0x08003010   0x08003010   0x00000114   Code   RO         2919    i.HAL_UART_IRQHandler  stm32f4xx_hal_uart.o
    0x08003124   0x08003124   0x00000062   Code   RO         2920    i.HAL_UART_Init     stm32f4xx_hal_uart.o
    0x08003186   0x08003186   0x00000002   PAD
    0x08003188   0x08003188   0x000000e4   Code   RO          382    i.HAL_UART_MspInit  stm32f4xx_hal_msp.o
    0x0800326c   0x0800326c   0x00000098   Code   RO         2924    i.HAL_UART_Receive_DMA  stm32f4xx_hal_uart.o
    0x08003304   0x08003304   0x00000002   Code   RO         2926    i.HAL_UART_RxCpltCallback  stm32f4xx_hal_uart.o
    0x08003306   0x08003306   0x00000002   Code   RO         2927    i.HAL_UART_RxHalfCpltCallback  stm32f4xx_hal_uart.o
    0x08003308   0x08003308   0x00000080   Code   RO         2929    i.HAL_UART_Transmit_DMA  stm32f4xx_hal_uart.o
    0x08003388   0x08003388   0x00000002   Code   RO         2931    i.HAL_UART_TxCpltCallback  stm32f4xx_hal_uart.o
    0x0800338a   0x0800338a   0x00000002   Code   RO         2932    i.HAL_UART_TxHalfCpltCallback  stm32f4xx_hal_uart.o
    0x0800338c   0x0800338c   0x00000368   Code   RO         3381    i.HIGH_SMO          foc_control_100us.o
    0x080036f4   0x080036f4   0x00000014   Code   RO         3382    i.HIGH_SMO_Enable   foc_control_100us.o
    0x08003708   0x08003708   0x00000048   Code   RO         3384    i.Inverse_Park_Transform  foc_control_100us.o
    0x08003750   0x08003750   0x00000138   Code   RO           14    i.MX_ADC1_Init      main.o
    0x08003888   0x08003888   0x0000005c   Code   RO           15    i.MX_DMA_Init       main.o
    0x080038e4   0x080038e4   0x000000a8   Code   RO           16    i.MX_GPIO_Init      main.o
    0x0800398c   0x0800398c   0x00000128   Code   RO           17    i.MX_TIM1_Init      main.o
    0x08003ab4   0x08003ab4   0x00000088   Code   RO           18    i.MX_TIM2_Init      main.o
    0x08003b3c   0x08003b3c   0x000000ac   Code   RO           19    i.MX_TIM3_Init      main.o
    0x08003be8   0x08003be8   0x000000b4   Code   RO           20    i.MX_TIM4_Init      main.o
    0x08003c9c   0x08003c9c   0x000000a0   Code   RO           21    i.MX_TIM5_Init      main.o
    0x08003d3c   0x08003d3c   0x00000048   Code   RO         3504    i.Motor_Control_initialize  motor_control.o
    0x08003d84   0x08003d84   0x000000d8   Code   RO         3505    i.Motor_Control_step  motor_control.o
    0x08003e5c   0x08003e5c   0x00000024   Code   RO         3385    i.Normal            foc_control_100us.o
    0x08003e80   0x08003e80   0x00000024   Code   RO         3386    i.Over_M            foc_control_100us.o
    0x08003ea4   0x08003ea4   0x00000048   Code   RO         3387    i.Park_Transform    foc_control_100us.o
    0x08003eec   0x08003eec   0x000000e0   Code   RO         3388    i.Q_Current_PI      foc_control_100us.o
    0x08003fcc   0x08003fcc   0x000002b0   Code   RO         3389    i.SVPWM             foc_control_100us.o
    0x0800427c   0x0800427c   0x00000090   Code   RO         3663    i.SYM_State_10ms    sym_state_10ms.o
    0x0800430c   0x0800430c   0x00000074   Code   RO         3390    i.Sine_Cosine       foc_control_100us.o
    0x08004380   0x08004380   0x00000074   Code   RO         3391    i.Sine_Cosine_m     foc_control_100us.o
    0x080043f4   0x080043f4   0x000000bc   Code   RO         3325    i.Speed_PI          control_command_2ms.o
    0x080044b0   0x080044b0   0x00000010   Code   RO         3326    i.Speed_PI_Disable  control_command_2ms.o
    0x080044c0   0x080044c0   0x00000018   Code   RO         3327    i.SwitchCaseActionSubsystem  control_command_2ms.o
    0x080044d8   0x080044d8   0x0000002c   Code   RO           22    i.SysTick_Config    main.o
    0x08004504   0x08004504   0x00000014   Code   RO          266    i.SysTick_Handler   stm32f4xx_it.o
    0x08004518   0x08004518   0x00000094   Code   RO           23    i.SystemClock_Config  main.o
    0x080045ac   0x080045ac   0x0000001c   Code   RO         3222    i.SystemInit        system_stm32f4xx.o
    0x080045c8   0x080045c8   0x0000000c   Code   RO          267    i.TIM1_BRK_TIM9_IRQHandler  stm32f4xx_it.o
    0x080045d4   0x080045d4   0x0000000c   Code   RO          268    i.TIM1_UP_TIM10_IRQHandler  stm32f4xx_it.o
    0x080045e0   0x080045e0   0x00000088   Code   RO          269    i.TIM2_IRQHandler   stm32f4xx_it.o
    0x08004668   0x08004668   0x000000bc   Code   RO          270    i.TIM3_IRQHandler   stm32f4xx_it.o
    0x08004724   0x08004724   0x0000001c   Code   RO          271    i.TIM5_IRQHandler   stm32f4xx_it.o
    0x08004740   0x08004740   0x00000098   Code   RO         2057    i.TIM_Base_SetConfig  stm32f4xx_hal_tim.o
    0x080047d8   0x080047d8   0x0000001a   Code   RO         2058    i.TIM_CCxChannelCmd  stm32f4xx_hal_tim.o
    0x080047f2   0x080047f2   0x0000001a   Code   RO         2682    i.TIM_CCxNChannelCmd  stm32f4xx_hal_tim_ex.o
    0x0800480c   0x0800480c   0x00000014   Code   RO         2068    i.TIM_ETR_SetConfig  stm32f4xx_hal_tim.o
    0x08004820   0x08004820   0x00000010   Code   RO         2069    i.TIM_ITRx_SetConfig  stm32f4xx_hal_tim.o
    0x08004830   0x08004830   0x00000058   Code   RO         2070    i.TIM_OC1_SetConfig  stm32f4xx_hal_tim.o
    0x08004888   0x08004888   0x0000005c   Code   RO         2071    i.TIM_OC2_SetConfig  stm32f4xx_hal_tim.o
    0x080048e4   0x080048e4   0x00000058   Code   RO         2072    i.TIM_OC3_SetConfig  stm32f4xx_hal_tim.o
    0x0800493c   0x0800493c   0x00000044   Code   RO         2073    i.TIM_OC4_SetConfig  stm32f4xx_hal_tim.o
    0x08004980   0x08004980   0x00000086   Code   RO         2074    i.TIM_SlaveTimer_SetConfig  stm32f4xx_hal_tim.o
    0x08004a06   0x08004a06   0x00000022   Code   RO         2075    i.TIM_TI1_ConfigInputStage  stm32f4xx_hal_tim.o
    0x08004a28   0x08004a28   0x0000006c   Code   RO         2076    i.TIM_TI1_SetConfig  stm32f4xx_hal_tim.o
    0x08004a94   0x08004a94   0x00000024   Code   RO         2077    i.TIM_TI2_ConfigInputStage  stm32f4xx_hal_tim.o
    0x08004ab8   0x08004ab8   0x00000010   Code   RO         2933    i.UART_DMAAbortOnError  stm32f4xx_hal_uart.o
    0x08004ac8   0x08004ac8   0x0000004a   Code   RO         2934    i.UART_DMAError     stm32f4xx_hal_uart.o
    0x08004b12   0x08004b12   0x0000003c   Code   RO         2935    i.UART_DMAReceiveCplt  stm32f4xx_hal_uart.o
    0x08004b4e   0x08004b4e   0x0000000a   Code   RO         2937    i.UART_DMARxHalfCplt  stm32f4xx_hal_uart.o
    0x08004b58   0x08004b58   0x0000002e   Code   RO         2939    i.UART_DMATransmitCplt  stm32f4xx_hal_uart.o
    0x08004b86   0x08004b86   0x0000000a   Code   RO         2941    i.UART_DMATxHalfCplt  stm32f4xx_hal_uart.o
    0x08004b90   0x08004b90   0x0000001c   Code   RO         2943    i.UART_EndRxTransfer  stm32f4xx_hal_uart.o
    0x08004bac   0x08004bac   0x00000012   Code   RO         2944    i.UART_EndTxTransfer  stm32f4xx_hal_uart.o
    0x08004bbe   0x08004bbe   0x00000096   Code   RO         2945    i.UART_Receive_IT   stm32f4xx_hal_uart.o
    0x08004c54   0x08004c54   0x00000128   Code   RO         2946    i.UART_SetConfig    stm32f4xx_hal_uart.o
    0x08004d7c   0x08004d7c   0x00000062   Code   RO         2947    i.UART_Transmit_IT  stm32f4xx_hal_uart.o
    0x08004dde   0x08004dde   0x00000002   PAD
    0x08004de0   0x08004de0   0x00000040   Code   RO          272    i.USART2_IRQHandler  stm32f4xx_it.o
    0x08004e20   0x08004e20   0x00000168   Code   RO          273    i.UploadData        stm32f4xx_it.o
    0x08004f88   0x08004f88   0x00000020   Code   RO         1532    i.__NVIC_SetPriority  stm32f4xx_hal_cortex.o
    0x08004fa8   0x08004fa8   0x00000118   Code   RO         3678    i.__hardfp_ceil     m_wm.l(ceil.o)
    0x080050c0   0x080050c0   0x00000070   Code   RO         3684    i.__hardfp_floorf   m_wm.l(floorf.o)
    0x08005130   0x08005130   0x000000b0   Code   RO         3690    i.__hardfp_fmodf    m_wm.l(fmodf.o)
    0x080051e0   0x080051e0   0x00000010   Code   RO         3728    i.__mathlib_flt_invalid  m_wm.l(funder.o)
    0x080051f0   0x080051f0   0x0000000e   Code   RO         3779    i.__scatterload_copy  mc_w.l(handlers.o)
    0x080051fe   0x080051fe   0x00000002   Code   RO         3780    i.__scatterload_null  mc_w.l(handlers.o)
    0x08005200   0x08005200   0x0000000e   Code   RO         3781    i.__scatterload_zeroinit  mc_w.l(handlers.o)
    0x0800520e   0x0800520e   0x00000002   PAD
    0x08005210   0x08005210   0x0000000c   Code   RO         3761    i.__set_errno       mc_w.l(errno.o)
    0x0800521c   0x0800521c   0x00000268   Code   RO           24    i.main              main.o
    0x08005484   0x08005484   0x0000003a   Code   RO         3506    i.plook_u32f_evencka  motor_control.o
    0x080054be   0x080054be   0x00000002   PAD
    0x080054c0   0x080054c0   0x00000014   Code   RO         3616    i.rtGetInf          rtgetinf.o
    0x080054d4   0x080054d4   0x0000000a   Code   RO         3617    i.rtGetInfF         rtgetinf.o
    0x080054de   0x080054de   0x00000002   PAD
    0x080054e0   0x080054e0   0x00000014   Code   RO         3618    i.rtGetMinusInf     rtgetinf.o
    0x080054f4   0x080054f4   0x0000000c   Code   RO         3619    i.rtGetMinusInfF    rtgetinf.o
    0x08005500   0x08005500   0x00000014   Code   RO         3645    i.rtGetNaN          rtgetnan.o
    0x08005514   0x08005514   0x0000000c   Code   RO         3646    i.rtGetNaNF         rtgetnan.o
    0x08005520   0x08005520   0x0000002c   Code   RO         3575    i.rtIsInfF          rt_nonfinite.o
    0x0800554c   0x0800554c   0x00000018   Code   RO         3577    i.rtIsNaNF          rt_nonfinite.o
    0x08005564   0x08005564   0x0000003c   Code   RO         3578    i.rt_InitInfAndNaN  rt_nonfinite.o
    0x080055a0   0x080055a0   0x00000144   Code   RO         3392    i.rt_modf_snf       foc_control_100us.o
    0x080056e4   0x080056e4   0x00000008   Data   RO         1225    .constdata          stm32f4xx_hal_dma.o
    0x080056ec   0x080056ec   0x00000010   Data   RO         3223    .constdata          system_stm32f4xx.o
    0x080056fc   0x080056fc   0x00000008   Data   RO         3224    .constdata          system_stm32f4xx.o
    0x08005704   0x08005704   0x00000004   Data   RO         3509    .constdata          motor_control.o
    0x08005708   0x08005708   0x00008000   Data   RO         3558    .constdata          motor_control_data.o
    0x0800d708   0x0800d708   0x00000020   Data   RO         3777    Region$$Table       anon$$obj.o


    Execution Region RW_IRAM1 (Exec base: 0x20000000, Load base: 0x0800d728, Size: 0x00002910, Max: 0x00018000, ABSOLUTE, COMPRESSED[0x00000064])

    Exec Addr    Load Addr    Size         Type   Attr      Idx    E Section Name        Object

    0x20000000   COMPRESSED   0x00000010   Data   RW           29    .data               main.o
    0x20000010   COMPRESSED   0x00000002   Data   RW           30    .data               main.o
    0x20000012   COMPRESSED   0x00000002   Data   RW           31    .data               main.o
    0x20000014   COMPRESSED   0x00000002   Data   RW           32    .data               main.o
    0x20000016   COMPRESSED   0x00000002   PAD
    0x20000018   COMPRESSED   0x00000004   Data   RW           33    .data               main.o
    0x2000001c   COMPRESSED   0x00000004   Data   RW           34    .data               main.o
    0x20000020   COMPRESSED   0x00000004   Data   RW           35    .data               main.o
    0x20000024   COMPRESSED   0x00000004   Data   RW           36    .data               main.o
    0x20000028   COMPRESSED   0x00000004   Data   RW           38    .data               main.o
    0x2000002c   COMPRESSED   0x00000004   Data   RW           39    .data               main.o
    0x20000030   COMPRESSED   0x00000004   Data   RW           40    .data               main.o
    0x20000034   COMPRESSED   0x00000004   Data   RW           41    .data               main.o
    0x20000038   COMPRESSED   0x00000004   Data   RW           42    .data               main.o
    0x2000003c   COMPRESSED   0x00000001   Data   RW           43    .data               main.o
    0x2000003d   COMPRESSED   0x00000001   PAD
    0x2000003e   COMPRESSED   0x00000012   Data   RW          275    .data               stm32f4xx_it.o
    0x20000050   COMPRESSED   0x0000000c   Data   RW         1676    .data               stm32f4xx_hal.o
    0x2000005c   COMPRESSED   0x00000004   Data   RW         3225    .data               system_stm32f4xx.o
    0x20000060   COMPRESSED   0x00000004   Data   RW         3510    .data               motor_control.o
    0x20000064   COMPRESSED   0x00000003   Data   RW         3511    .data               motor_control.o
    0x20000067   COMPRESSED   0x00000001   PAD
    0x20000068   COMPRESSED   0x00000020   Data   RW         3512    .data               motor_control.o
    0x20000088   COMPRESSED   0x0000000c   Data   RW         3513    .data               motor_control.o
    0x20000094   COMPRESSED   0x00000020   Data   RW         3514    .data               motor_control.o
    0x200000b4   COMPRESSED   0x00000010   Data   RW         3515    .data               motor_control.o
    0x200000c4   COMPRESSED   0x0000001c   Data   RW         3516    .data               motor_control.o
    0x200000e0   COMPRESSED   0x00000004   Data   RW         3517    .data               motor_control.o
    0x200000e4   COMPRESSED   0x00000004   Data   RW         3518    .data               motor_control.o
    0x200000e8   COMPRESSED   0x00000004   Data   RW         3519    .data               motor_control.o
    0x200000ec   COMPRESSED   0x00000004   Data   RW         3520    .data               motor_control.o
    0x200000f0   COMPRESSED   0x00000004   Data   RW         3521    .data               motor_control.o
    0x200000f4   COMPRESSED   0x00000004   Data   RW         3522    .data               motor_control.o
    0x200000f8   COMPRESSED   0x00000004   Data   RW         3523    .data               motor_control.o
    0x200000fc   COMPRESSED   0x00000004   Data   RW         3524    .data               motor_control.o
    0x20000100   COMPRESSED   0x00000004   Data   RW         3525    .data               motor_control.o
    0x20000104   COMPRESSED   0x00000004   Data   RW         3526    .data               motor_control.o
    0x20000108   COMPRESSED   0x00000008   Data   RW         3527    .data               motor_control.o
    0x20000110   COMPRESSED   0x00000028   Data   RW         3579    .data               rt_nonfinite.o
    0x20000138   COMPRESSED   0x00000004   Data   RW         3762    .data               mc_w.l(errno.o)
    0x2000013c        -       0x00000244   Zero   RW           25    .bss                main.o
    0x20000380        -       0x00000060   Zero   RW           26    .bss                main.o
    0x200003e0        -       0x00000060   Zero   RW           27    .bss                main.o
    0x20000440        -       0x00000060   Zero   RW           28    .bss                main.o
    0x200004a0        -       0x00001f60   Zero   RW          274    .bss                stm32f4xx_it.o
    0x20002400        -       0x000000e4   Zero   RW         3507    .bss                motor_control.o
    0x200024e4        -       0x00000028   Zero   RW         3508    .bss                motor_control.o
    0x2000250c   COMPRESSED   0x00000004   PAD
    0x20002510        -       0x00000400   Zero   RW            1    STACK               startup_stm32f401xe.o


==============================================================================

Image component sizes


      Code (inc. data)   RO Data    RW Data    ZI Data      Debug   Object Name

       506         64          0          0          0       5015   angle_speed_100us.o
       380         80          0          0          0       4580   control_command_2ms.o
      3364        444          0          0          0      15018   foc_control_100us.o
      2328        126          0         59        868     475544   main.o
       346         20          4        175        268       8217   motor_control.o
         0          0      32768          0          0       5760   motor_control_data.o
       128         12          0         40          0       3520   rt_nonfinite.o
        62         12          0          0          0       2942   rtgetinf.o
        32          8          0          0          0       1671   rtgetnan.o
        36          8        404          0       1024        840   startup_stm32f401xe.o
       144         24          0         12          0       8653   stm32f4xx_hal.o
      1438         58          0          0          0       9069   stm32f4xx_hal_adc.o
       904         50          0          0          0       4823   stm32f4xx_hal_adc_ex.o
       198         14          0          0          0      33935   stm32f4xx_hal_cortex.o
        80          0          0          0          0       1827   stm32f4xx_hal_crc.o
       938         16          8          0          0       6514   stm32f4xx_hal_dma.o
       452         38          0          0          0       5008   stm32f4xx_hal_gpio.o
      1056        112          0          0          0       5076   stm32f4xx_hal_msp.o
      1308         72          0          0          0       5392   stm32f4xx_hal_rcc.o
      2076         82          0          0          0      22313   stm32f4xx_hal_tim.o
       560         20          0          0          0       7576   stm32f4xx_hal_tim_ex.o
      1470         40          0          0          0      14118   stm32f4xx_hal_uart.o
      1488        296          0         18       8032       8500   stm32f4xx_it.o
       144         30          0          0          0        581   sym_state_10ms.o
        28          6         24          4          0       1143   system_stm32f4xx.o

    ----------------------------------------------------------------------
     19484       1632      33240        312      10196     657635   Object Totals
         0          0         32          0          0          0   (incl. Generated)
        18          0          0          4          4          0   (incl. Padding)

    ----------------------------------------------------------------------

      Code (inc. data)   RO Data    RW Data    ZI Data      Debug   Library Member Name

       280         28          0          0          0        156   ceil.o
       112         14          0          0          0        116   floorf.o
       176          0          0          0          0        168   fmodf.o
        16          6          0          0          0        116   funder.o
        58          0          0          0          0          0   __dczerorl.o
         0          0          0          0          0          0   entry.o
         0          0          0          0          0          0   entry10a.o
         0          0          0          0          0          0   entry11a.o
         8          4          0          0          0          0   entry2.o
         4          0          0          0          0          0   entry5.o
         0          0          0          0          0          0   entry7b.o
         0          0          0          0          0          0   entry8b.o
         8          4          0          0          0          0   entry9a.o
        12          6          0          4          0         68   errno.o
        30          0          0          0          0          0   handlers.o
        36          8          0          0          0         68   init.o
         0          0          0          0          0          0   iusefp.o
        30          0          0          0          0         68   llshl.o
        36          0          0          0          0         68   llsshr.o
        32          0          0          0          0         68   llushr.o
        36          0          0          0          0        108   memseta.o
        98          0          0          0          0         92   uldiv.o
        48          0          0          0          0         68   cdrcmple.o
        56          0          0          0          0         88   d2f.o
       334          0          0          0          0        148   dadd.o
       222          0          0          0          0        100   ddiv.o
       186          0          0          0          0        176   depilogue.o
        50          0          0          0          0         76   dfixui.o
        26          0          0          0          0         76   dfltui.o
       228          0          0          0          0         96   dmul.o
        38          0          0          0          0         68   f2d.o
       110          0          0          0          0        168   fepilogue.o
        82          0          0          0          0         96   frem.o

    ----------------------------------------------------------------------
      2356         70          0          4          0       2256   Library Totals
         4          0          0          0          0          0   (incl. Padding)

    ----------------------------------------------------------------------

      Code (inc. data)   RO Data    RW Data    ZI Data      Debug   Library Name

       584         48          0          0          0        556   m_wm.l
       388         22          0          4          0        540   mc_w.l
      1380          0          0          0          0       1160   mf_w.l

    ----------------------------------------------------------------------
      2356         70          0          4          0       2256   Library Totals

    ----------------------------------------------------------------------

==============================================================================


      Code (inc. data)   RO Data    RW Data    ZI Data      Debug   

     21840       1702      33240        316      10196     643195   Grand Totals
     21840       1702      33240        100      10196     643195   ELF Image Totals (compressed)
     21840       1702      33240        100          0          0   ROM Totals

==============================================================================

    Total RO  Size (Code + RO Data)                55080 (  53.79kB)
    Total RW  Size (RW Data + ZI Data)             10512 (  10.27kB)
    Total ROM Size (Code + RO Data + RW Data)      55180 (  53.89kB)

==============================================================================

