<html>
<body>
<pre>
<h1>µVision Build Log</h1>
<h2>Tool Versions:</h2>
IDE-Version: ¦ÌVision V5.28.0.0
Copyright (C) 2019 ARM Ltd and ARM Germany GmbH. All rights reserved.
License Information: 1 Administrator, 1, LIC=P6F5U-SU29Q-GQA0H-WZ6P2-SP41S-RNZY2
 
Tool Versions:
Toolchain:       MDK-ARM Professional  Version: 5.28.0.0
Toolchain Path:  D:\Keil_v5\ARM\ARMCC\Bin
C Compiler:      Armcc.exe V5.06 update 6 (build 750)
Assembler:       Armasm.exe V5.06 update 6 (build 750)
Linker/Locator:  ArmLink.exe V5.06 update 6 (build 750)
Library Manager: ArmAr.exe V5.06 update 6 (build 750)
Hex Converter:   FromElf.exe V5.06 update 6 (build 750)
CPU DLL:         SARMCM3.DLL V5.28.0.0
Dialog DLL:      DCM.DLL V1.17.3.0
Target DLL:      STLink\ST-LINKIII-KEIL_SWO.dll V3.0.6.0
Dialog DLL:      TCM.DLL V1.36.2.0
 
<h2>Project:</h2>
F:\GIT_Motor\Motor_Control\Motor_Control\MDK-ARM\F401_MotorControl.uvprojx
Project File Date:  11/19/2021

<h2>Output:</h2>
*** Using Compiler 'V5.06 update 6 (build 750)', folder: 'D:\Keil_v5\ARM\ARMCC\Bin'
Build target 'F401_MotorControl'
compiling Motor_Control.c...
compiling Motor_Control_data.c...
compiling Control_Command_2ms.c...
compiling Angle_Speed_100us.c...
compiling FOC_Control_100us.c...
compiling HF_Observer.c...
..\Model_Diff\HFI_FOC_Model\Motor_Control_ert_rtw\HF_Observer.c(64): warning:  #1035-D: single-precision operand implicitly converted to double-precision
             (HFI_Parameter.HFI_IPD_Time / 0.0001 - 1.0E-12)) &&
..\Model_Diff\HFI_FOC_Model\Motor_Control_ert_rtw\HF_Observer.c(75): warning:  #1035-D: single-precision operand implicitly converted to double-precision
        if ((rtDW.temporalCounter_i1_m >= (uint32_T)ceil(HFI_Parameter.HFI_NS_Time
..\Model_Diff\HFI_FOC_Model\Motor_Control_ert_rtw\HF_Observer.c(305): warning:  #1035-D: single-precision operand implicitly converted to double-precision
             (HFI_Parameter.HFI_NS_Low_Time / 0.0001 - 1.0E-12)) &&
..\Model_Diff\HFI_FOC_Model\Motor_Control_ert_rtw\HF_Observer.c(317): warning:  #1035-D: single-precision operand implicitly converted to double-precision
             (HFI_Parameter.HFI_Pulse_Time / 0.0001 - 1.0E-12)) && (rtDW.NS_2_flag
..\Model_Diff\HFI_FOC_Model\Motor_Control_ert_rtw\HF_Observer.c(329): warning:  #1035-D: single-precision operand implicitly converted to double-precision
             (HFI_Parameter.HFI_NS_Low_Time / 0.0001 - 1.0E-12)) &&
..\Model_Diff\HFI_FOC_Model\Motor_Control_ert_rtw\HF_Observer.c(341): warning:  #1035-D: single-precision operand implicitly converted to double-precision
             (HFI_Parameter.HFI_Pulse_Time / 0.0001 - 1.0E-12)) && (rtDW.NS_4_flag
..\Model_Diff\HFI_FOC_Model\Motor_Control_ert_rtw\HF_Observer.c(787): warning:  #1035-D: single-precision operand implicitly converted to double-precision
             (HFI_Parameter.HFI_NS2RUN_Time / 0.0001 - 1.0E-12)) &&
..\Model_Diff\HFI_FOC_Model\Motor_Control_ert_rtw\HF_Observer.c(804): warning:  #1035-D: single-precision operand implicitly converted to double-precision
             (HFI_Parameter.HFI_Switch_Time / 0.0001 - 1.0E-12)) &&
..\Model_Diff\HFI_FOC_Model\Motor_Control_ert_rtw\HF_Observer.c: 8 warnings, 0 errors
compiling rtGetInf.c...
compiling rt_sys_HF_Observer_38.c...
compiling rtGetNaN.c...
compiling rt_nonfinite.c...
compiling rt_sys_HF_Observer_37.c...
compiling SYM_State_10ms.c...
compiling main.c...
../Drivers/CMSIS/Device/ST/STM32F4xx/Include/stm32f401xe.h(52): warning:  #47-D: incompatible redefinition of macro "__FPU_PRESENT" 
  #define __FPU_PRESENT             1U       /*!< FPU present                                   */
../Src/main.c: 1 warning, 0 errors
compiling stm32f4xx_it.c...
../Drivers/CMSIS/Device/ST/STM32F4xx/Include/stm32f401xe.h(52): warning:  #47-D: incompatible redefinition of macro "__FPU_PRESENT" 
  #define __FPU_PRESENT             1U       /*!< FPU present                                   */
../Src/stm32f4xx_it.c(148): warning:  #188-D: enumerated type mixed with another type
  	HAL_GPIO_WritePin(GPIOB,LED1_Pin,1);
../Src/stm32f4xx_it.c(221): warning:  #188-D: enumerated type mixed with another type
   HAL_GPIO_WritePin(GPIOB,LED1_Pin,0);
../Src/stm32f4xx_it.c: 3 warnings, 0 errors
linking...
Program Size: Code=24908 RO-data=33240 RW-data=356 ZI-data=10428  
FromELF: creating hex file...
"F401_MotorControl\F401_MotorControl.axf" - 0 Error(s), 12 Warning(s).

<h2>Software Packages used:</h2>

Package Vendor: ARM
                http://www.keil.com/pack/ARM.CMSIS.5.5.1.pack
                ARM.CMSIS.5.5.1
                CMSIS (Cortex Microcontroller Software Interface Standard)
   * Component: CORE Version: 5.2.0

Package Vendor: Keil
                http://www.keil.com/pack/Keil.STM32F4xx_DFP.2.15.0.pack
                Keil.STM32F4xx_DFP.2.15.0
                STMicroelectronics STM32F4 Series Device Support, Drivers and Examples

<h2>Collection of Component include folders:</h2>
  .\RTE\_F401_MotorControl
  D:\Keil_v5\ARM\PACK\ARM\CMSIS\5.5.1\CMSIS\Core\Include
  D:\Keil_v5\ARM\PACK\Keil\STM32F4xx_DFP\2.15.0\Drivers\CMSIS\Device\ST\STM32F4xx\Include

<h2>Collection of Component Files used:</h2>

   * Component: ARM::CMSIS:CORE:5.2.0
Build Time Elapsed:  00:00:05
</pre>
</body>
</html>
