Component: ARM Compiler 5.06 update 6 (build 750) Tool: armlink [4d35ed]

==============================================================================

Section Cross References

    startup_stm32f401xe.o(RESET) refers to startup_stm32f401xe.o(STACK) for __initial_sp
    startup_stm32f401xe.o(RESET) refers to startup_stm32f401xe.o(.text) for Reset_Handler
    startup_stm32f401xe.o(RESET) refers to stm32f4xx_it.o(i.SysTick_Handler) for SysTick_Handler
    startup_stm32f401xe.o(RESET) refers to stm32f4xx_it.o(i.DMA1_Stream5_IRQHandler) for DMA1_Stream5_IRQHandler
    startup_stm32f401xe.o(RESET) refers to stm32f4xx_it.o(i.DMA1_Stream6_IRQHandler) for DMA1_Stream6_IRQHandler
    startup_stm32f401xe.o(RESET) refers to stm32f4xx_it.o(i.ADC_IRQHandler) for ADC_IRQHandler
    startup_stm32f401xe.o(RESET) refers to stm32f4xx_it.o(i.TIM1_BRK_TIM9_IRQHandler) for TIM1_BRK_TIM9_IRQHandler
    startup_stm32f401xe.o(RESET) refers to stm32f4xx_it.o(i.TIM1_UP_TIM10_IRQHandler) for TIM1_UP_TIM10_IRQHandler
    startup_stm32f401xe.o(RESET) refers to stm32f4xx_it.o(i.TIM2_IRQHandler) for TIM2_IRQHandler
    startup_stm32f401xe.o(RESET) refers to stm32f4xx_it.o(i.TIM3_IRQHandler) for TIM3_IRQHandler
    startup_stm32f401xe.o(RESET) refers to stm32f4xx_it.o(i.USART2_IRQHandler) for USART2_IRQHandler
    startup_stm32f401xe.o(RESET) refers to stm32f4xx_it.o(i.EXTI15_10_IRQHandler) for EXTI15_10_IRQHandler
    startup_stm32f401xe.o(RESET) refers to stm32f4xx_it.o(i.TIM5_IRQHandler) for TIM5_IRQHandler
    startup_stm32f401xe.o(RESET) refers to stm32f4xx_it.o(i.DMA2_Stream0_IRQHandler) for DMA2_Stream0_IRQHandler
    startup_stm32f401xe.o(.text) refers to system_stm32f4xx.o(i.SystemInit) for SystemInit
    startup_stm32f401xe.o(.text) refers to entry.o(.ARM.Collect$$$$00000000) for __main
    main.o(i.MX_ADC1_Init) refers to memseta.o(.text) for __aeabi_memclr4
    main.o(i.MX_ADC1_Init) refers to stm32f4xx_hal_adc.o(i.HAL_ADC_Init) for HAL_ADC_Init
    main.o(i.MX_ADC1_Init) refers to stm32f4xx_hal_adc.o(i.HAL_ADC_ConfigChannel) for HAL_ADC_ConfigChannel
    main.o(i.MX_ADC1_Init) refers to stm32f4xx_hal_adc_ex.o(i.HAL_ADCEx_InjectedConfigChannel) for HAL_ADCEx_InjectedConfigChannel
    main.o(i.MX_ADC1_Init) refers to main.o(.bss) for .bss
    main.o(i.MX_DMA_Init) refers to stm32f4xx_hal_cortex.o(i.HAL_NVIC_SetPriority) for HAL_NVIC_SetPriority
    main.o(i.MX_DMA_Init) refers to stm32f4xx_hal_cortex.o(i.HAL_NVIC_EnableIRQ) for HAL_NVIC_EnableIRQ
    main.o(i.MX_GPIO_Init) refers to memseta.o(.text) for __aeabi_memclr4
    main.o(i.MX_GPIO_Init) refers to stm32f4xx_hal_gpio.o(i.HAL_GPIO_WritePin) for HAL_GPIO_WritePin
    main.o(i.MX_GPIO_Init) refers to stm32f4xx_hal_gpio.o(i.HAL_GPIO_Init) for HAL_GPIO_Init
    main.o(i.MX_GPIO_Init) refers to stm32f4xx_hal_cortex.o(i.HAL_NVIC_SetPriority) for HAL_NVIC_SetPriority
    main.o(i.MX_GPIO_Init) refers to stm32f4xx_hal_cortex.o(i.HAL_NVIC_EnableIRQ) for HAL_NVIC_EnableIRQ
    main.o(i.MX_TIM1_Init) refers to memseta.o(.text) for __aeabi_memclr4
    main.o(i.MX_TIM1_Init) refers to stm32f4xx_hal_tim.o(i.HAL_TIM_Base_Init) for HAL_TIM_Base_Init
    main.o(i.MX_TIM1_Init) refers to stm32f4xx_hal_tim.o(i.HAL_TIM_ConfigClockSource) for HAL_TIM_ConfigClockSource
    main.o(i.MX_TIM1_Init) refers to stm32f4xx_hal_tim.o(i.HAL_TIM_PWM_Init) for HAL_TIM_PWM_Init
    main.o(i.MX_TIM1_Init) refers to stm32f4xx_hal_tim.o(i.HAL_TIM_SlaveConfigSynchro) for HAL_TIM_SlaveConfigSynchro
    main.o(i.MX_TIM1_Init) refers to stm32f4xx_hal_tim_ex.o(i.HAL_TIMEx_MasterConfigSynchronization) for HAL_TIMEx_MasterConfigSynchronization
    main.o(i.MX_TIM1_Init) refers to stm32f4xx_hal_tim.o(i.HAL_TIM_PWM_ConfigChannel) for HAL_TIM_PWM_ConfigChannel
    main.o(i.MX_TIM1_Init) refers to stm32f4xx_hal_tim_ex.o(i.HAL_TIMEx_ConfigBreakDeadTime) for HAL_TIMEx_ConfigBreakDeadTime
    main.o(i.MX_TIM1_Init) refers to stm32f4xx_hal_msp.o(i.HAL_TIM_MspPostInit) for HAL_TIM_MspPostInit
    main.o(i.MX_TIM1_Init) refers to main.o(.bss) for .bss
    main.o(i.MX_TIM2_Init) refers to stm32f4xx_hal_tim.o(i.HAL_TIM_Base_Init) for HAL_TIM_Base_Init
    main.o(i.MX_TIM2_Init) refers to stm32f4xx_hal_tim.o(i.HAL_TIM_ConfigClockSource) for HAL_TIM_ConfigClockSource
    main.o(i.MX_TIM2_Init) refers to stm32f4xx_hal_tim_ex.o(i.HAL_TIMEx_HallSensor_Init) for HAL_TIMEx_HallSensor_Init
    main.o(i.MX_TIM2_Init) refers to stm32f4xx_hal_tim_ex.o(i.HAL_TIMEx_MasterConfigSynchronization) for HAL_TIMEx_MasterConfigSynchronization
    main.o(i.MX_TIM2_Init) refers to main.o(.bss) for .bss
    main.o(i.MX_TIM3_Init) refers to memseta.o(.text) for __aeabi_memclr4
    main.o(i.MX_TIM3_Init) refers to stm32f4xx_hal_tim.o(i.HAL_TIM_Base_Init) for HAL_TIM_Base_Init
    main.o(i.MX_TIM3_Init) refers to stm32f4xx_hal_tim.o(i.HAL_TIM_ConfigClockSource) for HAL_TIM_ConfigClockSource
    main.o(i.MX_TIM3_Init) refers to stm32f4xx_hal_tim.o(i.HAL_TIM_PWM_Init) for HAL_TIM_PWM_Init
[...]
    MX_TIM1_Init                             0x08003b8d   Thumb Code   288  main.o(i.MX_TIM1_Init)
    i.MX_TIM2_Init                           0x08003cb4   Section        0  main.o(i.MX_TIM2_Init)
    MX_TIM2_Init                             0x08003cb5   Thumb Code   130  main.o(i.MX_TIM2_Init)
    i.MX_TIM3_Init                           0x08003d3c   Section        0  main.o(i.MX_TIM3_Init)
    MX_TIM3_Init                             0x08003d3d   Thumb Code   164  main.o(i.MX_TIM3_Init)
    i.MX_TIM4_Init                           0x08003de8   Section        0  main.o(i.MX_TIM4_Init)
    MX_TIM4_Init                             0x08003de9   Thumb Code   172  main.o(i.MX_TIM4_Init)
    i.MX_TIM5_Init                           0x08003e9c   Section        0  main.o(i.MX_TIM5_Init)
    MX_TIM5_Init                             0x08003e9d   Thumb Code   150  main.o(i.MX_TIM5_Init)
    i.Motor_Control_initialize               0x08003f3c   Section        0  motor_control.o(i.Motor_Control_initialize)
    i.Motor_Control_step                     0x08003f84   Section        0  motor_control.o(i.Motor_Control_step)
    i.Normal                                 0x08004060   Section        0  foc_control_100us.o(i.Normal)
    i.Over_M                                 0x08004084   Section        0  foc_control_100us.o(i.Over_M)
    i.Park_Transform                         0x080040a8   Section        0  foc_control_100us.o(i.Park_Transform)
    i.Q_Current_PI                           0x080040f0   Section        0  foc_control_100us.o(i.Q_Current_PI)
    i.Resolver_Angle_cacl                    0x080041d8   Section        0  resolver_angle_cacl.o(i.Resolver_Angle_cacl)
    i.Resolver_Observer                      0x08004280   Section        0  angle_speed_100us.o(i.Resolver_Observer)
    i.SVPWM                                  0x080042a4   Section        0  foc_control_100us.o(i.SVPWM)
    i.SYM_State_10ms                         0x080044e4   Section        0  sym_state_10ms.o(i.SYM_State_10ms)
    i.Sine_Cosine                            0x08004574   Section        0  foc_control_100us.o(i.Sine_Cosine)
    i.Sine_Cosine_b                          0x080045ec   Section        0  resolver_angle_cacl.o(i.Sine_Cosine_b)
    i.Sine_Cosine_m                          0x08004664   Section        0  foc_control_100us.o(i.Sine_Cosine_m)
    i.Speed_PI                               0x080046dc   Section        0  control_command_2ms.o(i.Speed_PI)
    i.Speed_PI_Disable                       0x08004794   Section        0  control_command_2ms.o(i.Speed_PI_Disable)
    i.Speed_Resolver                         0x080047a4   Section        0  angle_speed_100us.o(i.Speed_Resolver)
    i.Speed_cacl                             0x080047c8   Section        0  angle_speed_100us.o(i.Speed_cacl)
    i.SwitchCaseActionSubsystem              0x08004844   Section        0  control_command_2ms.o(i.SwitchCaseActionSubsystem)
    i.SysTick_Config                         0x0800485c   Section        0  main.o(i.SysTick_Config)
    SysTick_Config                           0x0800485d   Thumb Code    38  main.o(i.SysTick_Config)
    i.SysTick_Handler                        0x08004888   Section        0  stm32f4xx_it.o(i.SysTick_Handler)
    i.SystemClock_Config                     0x0800489c   Section        0  main.o(i.SystemClock_Config)
    i.SystemInit                             0x08004930   Section        0  system_stm32f4xx.o(i.SystemInit)
    i.TIM1_BRK_TIM9_IRQHandler               0x0800494c   Section        0  stm32f4xx_it.o(i.TIM1_BRK_TIM9_IRQHandler)
    i.TIM1_UP_TIM10_IRQHandler               0x08004958   Section        0  stm32f4xx_it.o(i.TIM1_UP_TIM10_IRQHandler)
    i.TIM2_IRQHandler                        0x08004964   Section        0  stm32f4xx_it.o(i.TIM2_IRQHandler)
    i.TIM3_IRQHandler                        0x080049ec   Section        0  stm32f4xx_it.o(i.TIM3_IRQHandler)
    i.TIM5_IRQHandler                        0x08004aa8   Section        0  stm32f4xx_it.o(i.TIM5_IRQHandler)
    i.TIM_Base_SetConfig                     0x08004ac4   Section        0  stm32f4xx_hal_tim.o(i.TIM_Base_SetConfig)
    i.TIM_CCxChannelCmd                      0x08004b5c   Section        0  stm32f4xx_hal_tim.o(i.TIM_CCxChannelCmd)
    i.TIM_CCxNChannelCmd                     0x08004b76   Section        0  stm32f4xx_hal_tim_ex.o(i.TIM_CCxNChannelCmd)
    TIM_CCxNChannelCmd                       0x08004b77   Thumb Code    26  stm32f4xx_hal_tim_ex.o(i.TIM_CCxNChannelCmd)
    i.TIM_ETR_SetConfig                      0x08004b90   Section        0  stm32f4xx_hal_tim.o(i.TIM_ETR_SetConfig)
    i.TIM_ITRx_SetConfig                     0x08004ba4   Section        0  stm32f4xx_hal_tim.o(i.TIM_ITRx_SetConfig)
    TIM_ITRx_SetConfig                       0x08004ba5   Thumb Code    16  stm32f4xx_hal_tim.o(i.TIM_ITRx_SetConfig)
    i.TIM_OC1_SetConfig                      0x08004bb4   Section        0  stm32f4xx_hal_tim.o(i.TIM_OC1_SetConfig)
    TIM_OC1_SetConfig                        0x08004bb5   Thumb Code    82  stm32f4xx_hal_tim.o(i.TIM_OC1_SetConfig)
    i.TIM_OC2_SetConfig                      0x08004c0c   Section        0  stm32f4xx_hal_tim.o(i.TIM_OC2_SetConfig)
    i.TIM_OC3_SetConfig                      0x08004c68   Section        0  stm32f4xx_hal_tim.o(i.TIM_OC3_SetConfig)
    TIM_OC3_SetConfig                        0x08004c69   Thumb Code    84  stm32f4xx_hal_tim.o(i.TIM_OC3_SetConfig)
    i.TIM_OC4_SetConfig                      0x08004cc0   Section        0  stm32f4xx_hal_tim.o(i.TIM_OC4_SetConfig)
    TIM_OC4_SetConfig                        0x08004cc1   Thumb Code    64  stm32f4xx_hal_tim.o(i.TIM_OC4_SetConfig)
    i.TIM_SlaveTimer_SetConfig               0x08004d04   Section        0  stm32f4xx_hal_tim.o(i.TIM_SlaveTimer_SetConfig)
    TIM_SlaveTimer_SetConfig                 0x08004d05   Thumb Code   134  stm32f4xx_hal_tim.o(i.TIM_SlaveTimer_SetConfig)
    i.TIM_TI1_ConfigInputStage               0x08004d8a   Section        0  stm32f4xx_hal_tim.o(i.TIM_TI1_ConfigInputStage)
    TIM_TI1_ConfigInputStage                 0x08004d8b   Thumb Code    34  stm32f4xx_hal_tim.o(i.TIM_TI1_ConfigInputStage)
    i.TIM_TI1_SetConfig                      0x08004dac   Section        0  stm32f4xx_hal_tim.o(i.TIM_TI1_SetConfig)
    i.TIM_TI2_ConfigInputStage               0x08004e18   Section        0  stm32f4xx_hal_tim.o(i.TIM_TI2_ConfigInputStage)
    TIM_TI2_ConfigInputStage                 0x08004e19   Thumb Code    36  stm32f4xx_hal_tim.o(i.TIM_TI2_ConfigInputStage)
    i.UART_DMAAbortOnError                   0x08004e3c   Section        0  stm32f4xx_hal_uart.o(i.UART_DMAAbortOnError)
    UART_DMAAbortOnError                     0x08004e3d   Thumb Code    16  stm32f4xx_hal_uart.o(i.UART_DMAAbortOnError)
    i.UART_DMAError                          0x08004e4c   Section        0  stm32f4xx_hal_uart.o(i.UART_DMAError)
    UART_DMAError                            0x08004e4d   Thumb Code    74  stm32f4xx_hal_uart.o(i.UART_DMAError)
    i.UART_DMAReceiveCplt                    0x08004e96   Section        0  stm32f4xx_hal_uart.o(i.UART_DMAReceiveCplt)
    UART_DMAReceiveCplt                      0x08004e97   Thumb Code    60  stm32f4xx_hal_uart.o(i.UART_DMAReceiveCplt)
    i.UART_DMARxHalfCplt                     0x08004ed2   Section        0  stm32f4xx_hal_uart.o(i.UART_DMARxHalfCplt)
    UART_DMARxHalfCplt                       0x08004ed3   Thumb Code    10  stm32f4xx_hal_uart.o(i.UART_DMARxHalfCplt)
    i.UART_DMATransmitCplt                   0x08004edc   Section        0  stm32f4xx_hal_uart.o(i.UART_DMATransmitCplt)
    UART_DMATransmitCplt                     0x08004edd   Thumb Code    46  stm32f4xx_hal_uart.o(i.UART_DMATransmitCplt)
    i.UART_DMATxHalfCplt                     0x08004f0a   Section        0  stm32f4xx_hal_uart.o(i.UART_DMATxHalfCplt)
    UART_DMATxHalfCplt                       0x08004f0b   Thumb Code    10  stm32f4xx_hal_uart.o(i.UART_DMATxHalfCplt)
    i.UART_EndRxTransfer                     0x08004f14   Section        0  stm32f4xx_hal_uart.o(i.UART_EndRxTransfer)
    UART_EndRxTransfer                       0x08004f15   Thumb Code    28  stm32f4xx_hal_uart.o(i.UART_EndRxTransfer)
    i.UART_EndTxTransfer                     0x08004f30   Section        0  stm32f4xx_hal_uart.o(i.UART_EndTxTransfer)
    UART_EndTxTransfer                       0x08004f31   Thumb Code    18  stm32f4xx_hal_uart.o(i.UART_EndTxTransfer)
    i.UART_Receive_IT                        0x08004f42   Section        0  stm32f4xx_hal_uart.o(i.UART_Receive_IT)
    UART_Receive_IT                          0x08004f43   Thumb Code   150  stm32f4xx_hal_uart.o(i.UART_Receive_IT)
    i.UART_SetConfig                         0x08004fd8   Section        0  stm32f4xx_hal_uart.o(i.UART_SetConfig)
    UART_SetConfig                           0x08004fd9   Thumb Code   288  stm32f4xx_hal_uart.o(i.UART_SetConfig)
    i.UART_Transmit_IT                       0x08005100   Section        0  stm32f4xx_hal_uart.o(i.UART_Transmit_IT)
    UART_Transmit_IT                         0x08005101   Thumb Code    98  stm32f4xx_hal_uart.o(i.UART_Transmit_IT)
    i.USART2_IRQHandler                      0x08005164   Section        0  stm32f4xx_it.o(i.USART2_IRQHandler)
    i.UploadData                             0x080051a4   Section        0  stm32f4xx_it.o(i.UploadData)
    UploadData                               0x080051a5   Thumb Code   310  stm32f4xx_it.o(i.UploadData)
    i.__ARM_fpclassifyf                      0x0800530c   Section        0  fpclassifyf.o(i.__ARM_fpclassifyf)
    i.__NVIC_SetPriority                     0x08005332   Section        0  stm32f4xx_hal_cortex.o(i.__NVIC_SetPriority)
    __NVIC_SetPriority                       0x08005333   Thumb Code    32  stm32f4xx_hal_cortex.o(i.__NVIC_SetPriority)
    i.__hardfp_floorf                        0x08005354   Section        0  floorf.o(i.__hardfp_floorf)
    i.__hardfp_fmodf                         0x080053c4   Section        0  fmodf.o(i.__hardfp_fmodf)
    i.__hardfp_powf                          0x08005474   Section        0  powf.o(i.__hardfp_powf)
    i.__hardfp_sqrtf                         0x08005ad8   Section        0  sqrtf.o(i.__hardfp_sqrtf)
    i.__mathlib_flt_divzero                  0x08005b14   Section        0  funder.o(i.__mathlib_flt_divzero)
    i.__mathlib_flt_infnan2                  0x08005b28   Section        0  funder.o(i.__mathlib_flt_infnan2)
    i.__mathlib_flt_invalid                  0x08005b30   Section        0  funder.o(i.__mathlib_flt_invalid)
    i.__mathlib_flt_overflow                 0x08005b40   Section        0  funder.o(i.__mathlib_flt_overflow)
    i.__mathlib_flt_underflow                0x08005b50   Section        0  funder.o(i.__mathlib_flt_underflow)
    i.__scatterload_copy                     0x08005b60   Section       14  handlers.o(i.__scatterload_copy)
    i.__scatterload_null                     0x08005b6e   Section        2  handlers.o(i.__scatterload_null)
    i.__scatterload_zeroinit                 0x08005b70   Section       14  handlers.o(i.__scatterload_zeroinit)
    i.__set_errno                            0x08005b80   Section        0  errno.o(i.__set_errno)
    i.main                                   0x08005b8c   Section        0  main.o(i.main)
    i.plook_u32f_evencka                     0x08005df4   Section        0  motor_control.o(i.plook_u32f_evencka)
    i.rtGetInf                               0x08005e30   Section        0  rtgetinf.o(i.rtGetInf)
    i.rtGetInfF                              0x08005e44   Section        0  rtgetinf.o(i.rtGetInfF)
    i.rtGetMinusInf                          0x08005e50   Section        0  rtgetinf.o(i.rtGetMinusInf)
    i.rtGetMinusInfF                         0x08005e64   Section        0  rtgetinf.o(i.rtGetMinusInfF)
    i.rtGetNaN                               0x08005e70   Section        0  rtgetnan.o(i.rtGetNaN)
    i.rtGetNaNF                              0x08005e84   Section        0  rtgetnan.o(i.rtGetNaNF)
    i.rtIsInfF                               0x08005e90   Section        0  rt_nonfinite.o(i.rtIsInfF)
    i.rtIsNaNF                               0x08005ebc   Section        0  rt_nonfinite.o(i.rtIsNaNF)
    i.rt_InitInfAndNaN                       0x08005ed4   Section        0  rt_nonfinite.o(i.rt_InitInfAndNaN)
    i.rt_modf_snf                            0x08005f10   Section        0  resolver_angle_cacl.o(i.rt_modf_snf)
    i.rt_powf_snf                            0x08006054   Section        0  control_command_2ms.o(i.rt_powf_snf)
    .constdata                               0x0800616c   Section        8  stm32f4xx_hal_dma.o(.constdata)
    flagBitshiftOffset                       0x0800616c   Data           8  stm32f4xx_hal_dma.o(.constdata)
    .constdata                               0x08006174   Section       16  system_stm32f4xx.o(.constdata)
    .constdata                               0x08006184   Section        8  system_stm32f4xx.o(.constdata)
    .constdata                               0x0800618c   Section        4  motor_control.o(.constdata)
    .constdata                               0x08006190   Section    49156  motor_control_data.o(.constdata)
    .constdata                               0x08012194   Section      320  powf.o(.constdata)
    table                                    0x08012194   Data         128  powf.o(.constdata)
    powersof2to1over16top                    0x08012214   Data          64  powf.o(.constdata)
    powersof2to1over16bot                    0x08012254   Data          64  powf.o(.constdata)
    powersof2to1over16all                    0x08012294   Data          64  powf.o(.constdata)
    .data                                    0x20000000   Section       16  main.o(.data)
    autoReloadTimerLoopVal_S                 0x20000000   Data           4  main.o(.data)
    .data                                    0x20000010   Section        2  main.o(.data)
    .data                                    0x20000012   Section        2  main.o(.data)
    .data                                    0x20000014   Section        2  main.o(.data)
    .data                                    0x20000018   Section        4  main.o(.data)
    .data                                    0x2000001c   Section        4  main.o(.data)
    .data                                    0x20000020   Section        4  main.o(.data)
    .data                                    0x20000024   Section        4  main.o(.data)
    .data                                    0x20000028   Section        4  main.o(.data)
    .data                                    0x2000002c   Section        4  main.o(.data)
    .data                                    0x20000030   Section        4  main.o(.data)
    .data                                    0x20000034   Section        4  main.o(.data)
    .data                                    0x20000038   Section        1  main.o(.data)
    .data                                    0x2000003a   Section       18  stm32f4xx_it.o(.data)
    time_count                               0x20000040   Data           2  stm32f4xx_it.o(.data)
    .data                                    0x2000004c   Section       12  stm32f4xx_hal.o(.data)
    .data                                    0x20000058   Section        4  system_stm32f4xx.o(.data)
    .data                                    0x2000005c   Section        4  motor_control.o(.data)
    .data                                    0x20000060   Section        4  motor_control.o(.data)
    .data                                    0x20000064   Section        1  motor_control.o(.data)
    .data                                    0x20000068   Section        8  motor_control.o(.data)
    .data                                    0x20000070   Section       20  motor_control.o(.data)
    .data                                    0x20000084   Section       32  motor_control.o(.data)
    .data                                    0x200000a4   Section       32  motor_control.o(.data)
    .data                                    0x200000c4   Section       16  motor_control.o(.data)
    .data                                    0x200000d4   Section       28  motor_control.o(.data)
    .data                                    0x200000f0   Section        4  motor_control.o(.data)
    .data                                    0x200000f4   Section        4  motor_control.o(.data)
    .data                                    0x200000f8   Section        4  motor_control.o(.data)
    .data                                    0x200000fc   Section        4  motor_control.o(.data)
    .data                                    0x20000100   Section        4  motor_control.o(.data)
    .data                                    0x20000104   Section        4  motor_control.o(.data)
    .data                                    0x20000108   Section        4  motor_control.o(.data)
    .data                                    0x2000010c   Section        4  motor_control.o(.data)
    .data                                    0x20000110   Section        4  motor_control.o(.data)
    .data                                    0x20000114   Section        8  motor_control.o(.data)
    rtM_                                     0x20000114   Data           8  motor_control.o(.data)
    .data                                    0x20000120   Section       40  rt_nonfinite.o(.data)
    .data                                    0x20000148   Section        4  errno.o(.data)
    _errno                                   0x20000148   Data           4  errno.o(.data)
    .bss                                     0x2000014c   Section      580  main.o(.bss)
    .bss                                     0x20000390   Section       96  main.o(.bss)
    .bss                                     0x200003f0   Section       96  main.o(.bss)
    .bss                                     0x20000450   Section       96  main.o(.bss)
    .bss                                     0x200004b0   Section     8032  stm32f4xx_it.o(.bss)
    temp                                     0x200004b0   Data          30  stm32f4xx_it.o(.bss)
    .bss                                     0x20002410   Section      308  motor_control.o(.bss)
    .bss                                     0x20002544   Section       40  motor_control.o(.bss)
    STACK                                    0x20002570   Section     1024  startup_stm32f401xe.o(STACK)

    Global Symbols

    Symbol Name                              Value     Ov Type        Size  Object(Section)

    BuildAttributes$$THM_ISAv4$E$P$D$K$B$S$7EM$VFPi3$EXTD16$VFPS$VFMA$PE$A:L22UL41UL21$X:L11$S22US41US21$IEEE1$IW$USESV6$~STKCKD$USESV7$~SHL$OTIME$ROPI$IEEEX$EBA8$MICROLIB$REQ8$PRES8$EABIv2 0x00000000   Number         0  anon$$obj.o ABSOLUTE
    __ARM_use_no_argv                        0x00000000   Number         0  main.o ABSOLUTE
    __cpp_initialize__aeabi_                  - Undefined Weak Reference
    __cxa_finalize                            - Undefined Weak Reference
    _clock_init                               - Undefined Weak Reference
    _microlib_exit                            - Undefined Weak Reference
    __Vectors_Size                           0x00000194   Number         0  startup_stm32f401xe.o ABSOLUTE
    __Vectors                                0x08000000   Data           4  startup_stm32f401xe.o(RESET)
    __Vectors_End                            0x08000194   Data           0  startup_stm32f401xe.o(RESET)
    __main                                   0x08000195   Thumb Code     0  entry.o(.ARM.Collect$$$$00000000)
    _main_stk                                0x08000195   Thumb Code     0  entry2.o(.ARM.Collect$$$$00000001)
    _main_scatterload                        0x08000199   Thumb Code     0  entry5.o(.ARM.Collect$$$$00000004)
    __main_after_scatterload                 0x0800019d   Thumb Code     0  entry5.o(.ARM.Collect$$$$00000004)
    _main_clock                              0x0800019d   Thumb Code     0  entry7b.o(.ARM.Collect$$$$00000008)
    _main_cpp_init                           0x0800019d   Thumb Code     0  entry8b.o(.ARM.Collect$$$$0000000A)
    _main_init                               0x0800019d   Thumb Code     0  entry9a.o(.ARM.Collect$$$$0000000B)
    __rt_final_cpp                           0x080001a5   Thumb Code     0  entry10a.o(.ARM.Collect$$$$0000000D)
    __rt_final_exit                          0x080001a5   Thumb Code     0  entry11a.o(.ARM.Collect$$$$0000000F)
    Reset_Handler                            0x080001a9   Thumb Code     8  startup_stm32f401xe.o(.text)
    NMI_Handler                              0x080001b1   Thumb Code     2  startup_stm32f401xe.o(.text)
    HardFault_Handler                        0x080001b3   Thumb Code     2  startup_stm32f401xe.o(.text)
    MemManage_Handler                        0x080001b5   Thumb Code     2  startup_stm32f401xe.o(.text)
    BusFault_Handler                         0x080001b7   Thumb Code     2  startup_stm32f401xe.o(.text)
    UsageFault_Handler                       0x080001b9   Thumb Code     2  startup_stm32f401xe.o(.text)
    SVC_Handler                              0x080001bb   Thumb Code     2  startup_stm32f401xe.o(.text)
    DebugMon_Handler                         0x080001bd   Thumb Code     2  startup_stm32f401xe.o(.text)
    PendSV_Handler                           0x080001bf   Thumb Code     2  startup_stm32f401xe.o(.text)
    DMA1_Stream0_IRQHandler                  0x080001c3   Thumb Code     0  startup_stm32f401xe.o(.text)
    DMA1_Stream1_IRQHandler                  0x080001c3   Thumb Code     0  startup_stm32f401xe.o(.text)
    DMA1_Stream2_IRQHandler                  0x080001c3   Thumb Code     0  startup_stm32f401xe.o(.text)
    DMA1_Stream3_IRQHandler                  0x080001c3   Thumb Code     0  startup_stm32f401xe.o(.text)
    DMA1_Stream4_IRQHandler                  0x080001c3   Thumb Code     0  startup_stm32f401xe.o(.text)
    DMA1_Stream7_IRQHandler                  0x080001c3   Thumb Code     0  startup_stm32f401xe.o(.text)
    DMA2_Stream1_IRQHandler                  0x080001c3   Thumb Code     0  startup_stm32f401xe.o(.text)
    DMA2_Stream2_IRQHandler                  0x080001c3   Thumb Code     0  startup_stm32f401xe.o(.text)
    DMA2_Stream3_IRQHandler                  0x080001c3   Thumb Code     0  startup_stm32f401xe.o(.text)
    DMA2_Stream4_IRQHandler                  0x080001c3   Thumb Code     0  startup_stm32f401xe.o(.text)
    DMA2_Stream5_IRQHandler                  0x080001c3   Thumb Code     0  startup_stm32f401xe.o(.text)
    DMA2_Stream6_IRQHandler                  0x080001c3   Thumb Code     0  startup_stm32f401xe.o(.text)
    DMA2_Stream7_IRQHandler                  0x080001c3   Thumb Code     0  startup_stm32f401xe.o(.text)
    EXTI0_IRQHandler                         0x080001c3   Thumb Code     0  startup_stm32f401xe.o(.text)
    EXTI1_IRQHandler                         0x080001c3   Thumb Code     0  startup_stm32f401xe.o(.text)
    EXTI2_IRQHandler                         0x080001c3   Thumb Code     0  startup_stm32f401xe.o(.text)
    EXTI3_IRQHandler                         0x080001c3   Thumb Code     0  startup_stm32f401xe.o(.text)
    EXTI4_IRQHandler                         0x080001c3   Thumb Code     0  startup_stm32f401xe.o(.text)
    EXTI9_5_IRQHandler                       0x080001c3   Thumb Code     0  startup_stm32f401xe.o(.text)
    FLASH_IRQHandler                         0x080001c3   Thumb Code     0  startup_stm32f401xe.o(.text)
    FPU_IRQHandler                           0x080001c3   Thumb Code     0  startup_stm32f401xe.o(.text)
    I2C1_ER_IRQHandler                       0x080001c3   Thumb Code     0  startup_stm32f401xe.o(.text)
    I2C1_EV_IRQHandler                       0x080001c3   Thumb Code     0  startup_stm32f401xe.o(.text)
    I2C2_ER_IRQHandler                       0x080001c3   Thumb Code     0  startup_stm32f401xe.o(.text)
    I2C2_EV_IRQHandler                       0x080001c3   Thumb Code     0  startup_stm32f401xe.o(.text)
    I2C3_ER_IRQHandler                       0x080001c3   Thumb Code     0  startup_stm32f401xe.o(.text)
    I2C3_EV_IRQHandler                       0x080001c3   Thumb Code     0  startup_stm32f401xe.o(.text)
    OTG_FS_IRQHandler                        0x080001c3   Thumb Code     0  startup_stm32f401xe.o(.text)
    OTG_FS_WKUP_IRQHandler                   0x080001c3   Thumb Code     0  startup_stm32f401xe.o(.text)
    PVD_IRQHandler                           0x080001c3   Thumb Code     0  startup_stm32f401xe.o(.text)
    RCC_IRQHandler                           0x080001c3   Thumb Code     0  startup_stm32f401xe.o(.text)
    RTC_Alarm_IRQHandler                     0x080001c3   Thumb Code     0  startup_stm32f401xe.o(.text)
    RTC_WKUP_IRQHandler                      0x080001c3   Thumb Code     0  startup_stm32f401xe.o(.text)
    SDIO_IRQHandler                          0x080001c3   Thumb Code     0  startup_stm32f401xe.o(.text)
    SPI1_IRQHandler                          0x080001c3   Thumb Code     0  startup_stm32f401xe.o(.text)
    SPI2_IRQHandler                          0x080001c3   Thumb Code     0  startup_stm32f401xe.o(.text)
    SPI3_IRQHandler                          0x080001c3   Thumb Code     0  startup_stm32f401xe.o(.text)
    SPI4_IRQHandler                          0x080001c3   Thumb Code     0  startup_stm32f401xe.o(.text)
    TAMP_STAMP_IRQHandler                    0x080001c3   Thumb Code     0  startup_stm32f401xe.o(.text)
    TIM1_CC_IRQHandler                       0x080001c3   Thumb Code     0  startup_stm32f401xe.o(.text)
    TIM1_TRG_COM_TIM11_IRQHandler            0x080001c3   Thumb Code     0  startup_stm32f401xe.o(.text)
    TIM4_IRQHandler                          0x080001c3   Thumb Code     0  startup_stm32f401xe.o(.text)
    USART1_IRQHandler                        0x080001c3   Thumb Code     0  startup_stm32f401xe.o(.text)
    USART6_IRQHandler                        0x080001c3   Thumb Code     0  startup_stm32f401xe.o(.text)
    WWDG_IRQHandler                          0x080001c3   Thumb Code     0  startup_stm32f401xe.o(.text)
    __aeabi_uldivmod                         0x080001cd   Thumb Code    98  uldiv.o(.text)
    __aeabi_memset                           0x0800022f   Thumb Code    14  memseta.o(.text)
    __aeabi_memset4                          0x0800022f   Thumb Code     0  memseta.o(.text)
    __aeabi_memset8                          0x0800022f   Thumb Code     0  memseta.o(.text)
    __aeabi_memclr                           0x0800023d   Thumb Code     4  memseta.o(.text)
    __aeabi_memclr4                          0x0800023d   Thumb Code     0  memseta.o(.text)
    __aeabi_memclr8                          0x0800023d   Thumb Code     0  memseta.o(.text)
    _memset$wrapper                          0x08000241   Thumb Code    18  memseta.o(.text)
    __aeabi_dmul                             0x08000253   Thumb Code   228  dmul.o(.text)
    __aeabi_ddiv                             0x08000337   Thumb Code   222  ddiv.o(.text)
    __aeabi_ui2d                             0x08000415   Thumb Code    26  dfltui.o(.text)
    __aeabi_d2uiz                            0x0800042f   Thumb Code    50  dfixui.o(.text)
    __aeabi_d2f                              0x08000461   Thumb Code    56  d2f.o(.text)
    __aeabi_llsl                             0x08000499   Thumb Code    30  llshl.o(.text)
    _ll_shift_l                              0x08000499   Thumb Code     0  llshl.o(.text)
    __aeabi_llsr                             0x080004b7   Thumb Code    32  llushr.o(.text)
    _ll_ushift_r                             0x080004b7   Thumb Code     0  llushr.o(.text)
    __I$use$fp                               0x080004d7   Thumb Code     0  iusefp.o(.text)
    _float_round                             0x080004d7   Thumb Code    18  fepilogue.o(.text)
    _float_epilogue                          0x080004e9   Thumb Code    92  fepilogue.o(.text)
    _frem                                    0x08000545   Thumb Code    82  frem.o(.text)
    _double_round                            0x08000597   Thumb Code    30  depilogue.o(.text)
    _double_epilogue                         0x080005b5   Thumb Code   156  depilogue.o(.text)
    __fp_status                              0x08000651   Thumb Code     4  fpstat.o(.text)
    __ieee_status                            0x08000651   Thumb Code     0  fpstat.o(.text)
    __scatterload                            0x08000655   Thumb Code    28  init.o(.text)
    __scatterload_rt2                        0x08000655   Thumb Code     0  init.o(.text)
    __decompress                             0x08000679   Thumb Code     0  __dczerorl.o(.text)
    __decompress0                            0x08000679   Thumb Code    58  __dczerorl.o(.text)
    ACC_OMG                                  0x080006b5   Thumb Code   320  angle_speed_100us.o(i.ACC_OMG)
    ADC_IRQ                                  0x080008a5   Thumb Code   114  angle_speed_100us.o(i.ADC_IRQ)
    ADC_IRQHandler                           0x0800092d   Thumb Code   432  stm32f4xx_it.o(i.ADC_IRQHandler)
    Angle_Speed_100us                        0x08000c65   Thumb Code    40  angle_speed_100us.o(i.Angle_Speed_100us)
    Angle_calibration                        0x08000c91   Thumb Code    40  angle_speed_100us.o(i.Angle_calibration)
    Clarke_Transform                         0x08000cc5   Thumb Code    64  foc_control_100us.o(i.Clarke_Transform)
    Control_Command_2ms                      0x08000d19   Thumb Code    58  control_command_2ms.o(i.Control_Command_2ms)
    Control_Command_2ms_k                    0x08000d5d   Thumb Code    98  control_command_2ms.o(i.Control_Command_2ms_k)
    Control_Command_2ms_o_Init               0x08000de1   Thumb Code    16  control_command_2ms.o(i.Control_Command_2ms_o_Init)
    DMA1_Stream5_IRQHandler                  0x08000df5   Thumb Code     6  stm32f4xx_it.o(i.DMA1_Stream5_IRQHandler)
    DMA1_Stream6_IRQHandler                  0x08000e01   Thumb Code     6  stm32f4xx_it.o(i.DMA1_Stream6_IRQHandler)
    DMA2_Stream0_IRQHandler                  0x08000e0d   Thumb Code     6  stm32f4xx_it.o(i.DMA2_Stream0_IRQHandler)
    DT_Compensation                          0x08000ebd   Thumb Code   634  foc_control_100us.o(i.DT_Compensation)
    D_Current_PI                             0x080011b5   Thumb Code   194  foc_control_100us.o(i.D_Current_PI)
    EXTI15_10_IRQHandler                     0x0800129d   Thumb Code    68  stm32f4xx_it.o(i.EXTI15_10_IRQHandler)
    Error_Handler                            0x080012e9   Thumb Code     4  main.o(i.Error_Handler)
    FOC                                      0x080012ed   Thumb Code   170  foc_control_100us.o(i.FOC)
    FOC_Control_100us                        0x080013b5   Thumb Code     4  foc_control_100us.o(i.FOC_Control_100us)
    FOC_Control_100us_Enable                 0x080013b9   Thumb Code     4  foc_control_100us.o(i.FOC_Control_100us_Enable)
    FOC_Control_100us_Init                   0x080013bd   Thumb Code    12  foc_control_100us.o(i.FOC_Control_100us_Init)
    Flux_weak                                0x080013cd   Thumb Code   260  control_command_2ms.o(i.Flux_weak)
    Flux_weak_Disable                        0x080014f9   Thumb Code    12  control_command_2ms.o(i.Flux_weak_Disable)
    HAL_ADCEx_InjectedConfigChannel          0x08001509   Thumb Code   428  stm32f4xx_hal_adc_ex.o(i.HAL_ADCEx_InjectedConfigChannel)
    HAL_ADCEx_InjectedConvCpltCallback       0x080016c5   Thumb Code     2  stm32f4xx_hal_adc_ex.o(i.HAL_ADCEx_InjectedConvCpltCallback)
    HAL_ADCEx_InjectedGetValue               0x080016c7   Thumb Code    58  stm32f4xx_hal_adc_ex.o(i.HAL_ADCEx_InjectedGetValue)
    HAL_ADCEx_InjectedStart                  0x08001701   Thumb Code   178  stm32f4xx_hal_adc_ex.o(i.HAL_ADCEx_InjectedStart)
    HAL_ADCEx_InjectedStart_IT               0x080017c5   Thumb Code   188  stm32f4xx_hal_adc_ex.o(i.HAL_ADCEx_InjectedStart_IT)
    HAL_ADC_ConfigChannel                    0x08001891   Thumb Code   316  stm32f4xx_hal_adc.o(i.HAL_ADC_ConfigChannel)
    HAL_ADC_ConvCpltCallback                 0x080019dd   Thumb Code     2  stm32f4xx_hal_adc.o(i.HAL_ADC_ConvCpltCallback)
    HAL_ADC_ConvHalfCpltCallback             0x080019df   Thumb Code     2  stm32f4xx_hal_adc.o(i.HAL_ADC_ConvHalfCpltCallback)
    HAL_ADC_ErrorCallback                    0x080019e1   Thumb Code     2  stm32f4xx_hal_adc.o(i.HAL_ADC_ErrorCallback)
    HAL_ADC_IRQHandler                       0x080019e3   Thumb Code   316  stm32f4xx_hal_adc.o(i.HAL_ADC_IRQHandler)
    HAL_ADC_Init                             0x08001b1f   Thumb Code    84  stm32f4xx_hal_adc.o(i.HAL_ADC_Init)
    HAL_ADC_LevelOutOfWindowCallback         0x08001b73   Thumb Code     2  stm32f4xx_hal_adc.o(i.HAL_ADC_LevelOutOfWindowCallback)
    HAL_ADC_MspInit                          0x08001b75   Thumb Code   176  stm32f4xx_hal_msp.o(i.HAL_ADC_MspInit)
    HAL_ADC_Start_DMA                        0x08001c3d   Thumb Code   230  stm32f4xx_hal_adc.o(i.HAL_ADC_Start_DMA)
    HAL_CRC_Calculate                        0x08001d41   Thumb Code    46  stm32f4xx_hal_crc.o(i.HAL_CRC_Calculate)
    HAL_CRC_Init                             0x08001d6f   Thumb Code    34  stm32f4xx_hal_crc.o(i.HAL_CRC_Init)
    HAL_CRC_MspInit                          0x08001d91   Thumb Code    30  stm32f4xx_hal_msp.o(i.HAL_CRC_MspInit)
    HAL_DMA_Abort_IT                         0x08001db9   Thumb Code    36  stm32f4xx_hal_dma.o(i.HAL_DMA_Abort_IT)
    HAL_DMA_IRQHandler                       0x08001ddd   Thumb Code   412  stm32f4xx_hal_dma.o(i.HAL_DMA_IRQHandler)
    HAL_DMA_Init                             0x08001f7d   Thumb Code   206  stm32f4xx_hal_dma.o(i.HAL_DMA_Init)
    HAL_DMA_Start_IT                         0x08002051   Thumb Code   110  stm32f4xx_hal_dma.o(i.HAL_DMA_Start_IT)
    HAL_GPIO_EXTI_Callback                   0x080020bf   Thumb Code     2  stm32f4xx_hal_gpio.o(i.HAL_GPIO_EXTI_Callback)
    HAL_GPIO_EXTI_IRQHandler                 0x080020c1   Thumb Code    18  stm32f4xx_hal_gpio.o(i.HAL_GPIO_EXTI_IRQHandler)
    HAL_GPIO_Init                            0x080020d9   Thumb Code   360  stm32f4xx_hal_gpio.o(i.HAL_GPIO_Init)
    HAL_GPIO_ReadPin                         0x08002261   Thumb Code    10  stm32f4xx_hal_gpio.o(i.HAL_GPIO_ReadPin)
    HAL_GPIO_TogglePin                       0x0800226b   Thumb Code    14  stm32f4xx_hal_gpio.o(i.HAL_GPIO_TogglePin)
    HAL_GPIO_WritePin                        0x08002279   Thumb Code    10  stm32f4xx_hal_gpio.o(i.HAL_GPIO_WritePin)
    HAL_GetTick                              0x08002285   Thumb Code     6  stm32f4xx_hal.o(i.HAL_GetTick)
    HAL_IncTick                              0x08002291   Thumb Code    12  stm32f4xx_hal.o(i.HAL_IncTick)
    HAL_Init                                 0x080022a1   Thumb Code    48  stm32f4xx_hal.o(i.HAL_Init)
    HAL_InitTick                             0x080022d5   Thumb Code    54  stm32f4xx_hal.o(i.HAL_InitTick)
    HAL_MspInit                              0x08002315   Thumb Code    48  stm32f4xx_hal_msp.o(i.HAL_MspInit)
    HAL_NVIC_EnableIRQ                       0x08002349   Thumb Code    26  stm32f4xx_hal_cortex.o(i.HAL_NVIC_EnableIRQ)
    HAL_NVIC_SetPriority                     0x08002365   Thumb Code    60  stm32f4xx_hal_cortex.o(i.HAL_NVIC_SetPriority)
    HAL_NVIC_SetPriorityGrouping             0x080023a5   Thumb Code    26  stm32f4xx_hal_cortex.o(i.HAL_NVIC_SetPriorityGrouping)
    HAL_RCC_ClockConfig                      0x080023c9   Thumb Code   288  stm32f4xx_hal_rcc.o(i.HAL_RCC_ClockConfig)
    HAL_RCC_GetPCLK1Freq                     0x080024fd   Thumb Code    20  stm32f4xx_hal_rcc.o(i.HAL_RCC_GetPCLK1Freq)
    HAL_RCC_GetPCLK2Freq                     0x0800251d   Thumb Code    20  stm32f4xx_hal_rcc.o(i.HAL_RCC_GetPCLK2Freq)
    HAL_RCC_GetSysClockFreq                  0x0800253d   Thumb Code    88  stm32f4xx_hal_rcc.o(i.HAL_RCC_GetSysClockFreq)
    HAL_RCC_OscConfig                        0x0800259d   Thumb Code   820  stm32f4xx_hal_rcc.o(i.HAL_RCC_OscConfig)
    HAL_SYSTICK_Config                       0x080028e5   Thumb Code    40  stm32f4xx_hal_cortex.o(i.HAL_SYSTICK_Config)
    HAL_TIMEx_BreakCallback                  0x0800290d   Thumb Code     2  stm32f4xx_hal_tim_ex.o(i.HAL_TIMEx_BreakCallback)
    HAL_TIMEx_CommutCallback                 0x0800290f   Thumb Code     2  stm32f4xx_hal_tim_ex.o(i.HAL_TIMEx_CommutCallback)
    HAL_TIMEx_ConfigBreakDeadTime            0x08002911   Thumb Code    84  stm32f4xx_hal_tim_ex.o(i.HAL_TIMEx_ConfigBreakDeadTime)
    HAL_TIMEx_HallSensor_Init                0x08002965   Thumb Code   188  stm32f4xx_hal_tim_ex.o(i.HAL_TIMEx_HallSensor_Init)
    HAL_TIMEx_HallSensor_MspInit             0x08002a21   Thumb Code     2  stm32f4xx_hal_tim_ex.o(i.HAL_TIMEx_HallSensor_MspInit)
    HAL_TIMEx_HallSensor_Start               0x08002a23   Thumb Code    38  stm32f4xx_hal_tim_ex.o(i.HAL_TIMEx_HallSensor_Start)
    HAL_TIMEx_HallSensor_Start_IT            0x08002a49   Thumb Code    48  stm32f4xx_hal_tim_ex.o(i.HAL_TIMEx_HallSensor_Start_IT)
    HAL_TIMEx_MasterConfigSynchronization    0x08002a79   Thumb Code   104  stm32f4xx_hal_tim_ex.o(i.HAL_TIMEx_MasterConfigSynchronization)
    HAL_TIMEx_PWMN_Start                     0x08002af5   Thumb Code    46  stm32f4xx_hal_tim_ex.o(i.HAL_TIMEx_PWMN_Start)
    HAL_TIM_Base_Init                        0x08002b23   Thumb Code    54  stm32f4xx_hal_tim.o(i.HAL_TIM_Base_Init)
    HAL_TIM_Base_MspInit                     0x08002b59   Thumb Code   336  stm32f4xx_hal_msp.o(i.HAL_TIM_Base_MspInit)
    HAL_TIM_Base_Start_IT                    0x08002cc5   Thumb Code    34  stm32f4xx_hal_tim.o(i.HAL_TIM_Base_Start_IT)
    HAL_TIM_ConfigClockSource                0x08002ce7   Thumb Code   214  stm32f4xx_hal_tim.o(i.HAL_TIM_ConfigClockSource)
    HAL_TIM_IC_CaptureCallback               0x08002dbd   Thumb Code     2  stm32f4xx_hal_tim.o(i.HAL_TIM_IC_CaptureCallback)
    HAL_TIM_IRQHandler                       0x08002dbf   Thumb Code   358  stm32f4xx_hal_tim.o(i.HAL_TIM_IRQHandler)
    HAL_TIM_MspPostInit                      0x08002f25   Thumb Code   150  stm32f4xx_hal_msp.o(i.HAL_TIM_MspPostInit)
    HAL_TIM_OC_ConfigChannel                 0x08002fd1   Thumb Code    86  stm32f4xx_hal_tim.o(i.HAL_TIM_OC_ConfigChannel)
    HAL_TIM_OC_DelayElapsedCallback          0x08003027   Thumb Code     2  stm32f4xx_hal_tim.o(i.HAL_TIM_OC_DelayElapsedCallback)
    HAL_TIM_OC_Init                          0x08003029   Thumb Code    54  stm32f4xx_hal_tim.o(i.HAL_TIM_OC_Init)
    HAL_TIM_OC_MspInit                       0x0800305f   Thumb Code     2  stm32f4xx_hal_tim.o(i.HAL_TIM_OC_MspInit)
    HAL_TIM_PWM_ConfigChannel                0x08003061   Thumb Code   208  stm32f4xx_hal_tim.o(i.HAL_TIM_PWM_ConfigChannel)
    HAL_TIM_PWM_Init                         0x08003131   Thumb Code    54  stm32f4xx_hal_tim.o(i.HAL_TIM_PWM_Init)
    HAL_TIM_PWM_MspInit                      0x08003167   Thumb Code     2  stm32f4xx_hal_tim.o(i.HAL_TIM_PWM_MspInit)
    HAL_TIM_PWM_PulseFinishedCallback        0x08003169   Thumb Code     2  stm32f4xx_hal_tim.o(i.HAL_TIM_PWM_PulseFinishedCallback)
    HAL_TIM_PWM_Start                        0x0800316d   Thumb Code    52  stm32f4xx_hal_tim.o(i.HAL_TIM_PWM_Start)
    HAL_TIM_PeriodElapsedCallback            0x080031a5   Thumb Code     2  stm32f4xx_hal_tim.o(i.HAL_TIM_PeriodElapsedCallback)
    HAL_TIM_SlaveConfigSynchro               0x080031a7   Thumb Code    82  stm32f4xx_hal_tim.o(i.HAL_TIM_SlaveConfigSynchro)
    HAL_TIM_TriggerCallback                  0x080031f9   Thumb Code     2  stm32f4xx_hal_tim.o(i.HAL_TIM_TriggerCallback)
    HAL_UART_ErrorCallback                   0x080031fb   Thumb Code     2  stm32f4xx_hal_uart.o(i.HAL_UART_ErrorCallback)
    HAL_UART_IRQHandler                      0x080031fd   Thumb Code   270  stm32f4xx_hal_uart.o(i.HAL_UART_IRQHandler)
    HAL_UART_Init                            0x08003311   Thumb Code    98  stm32f4xx_hal_uart.o(i.HAL_UART_Init)
    HAL_UART_MspInit                         0x08003375   Thumb Code   204  stm32f4xx_hal_msp.o(i.HAL_UART_MspInit)
    HAL_UART_Receive_DMA                     0x08003459   Thumb Code   138  stm32f4xx_hal_uart.o(i.HAL_UART_Receive_DMA)
    HAL_UART_RxCpltCallback                  0x080034f1   Thumb Code     2  stm32f4xx_hal_uart.o(i.HAL_UART_RxCpltCallback)
    HAL_UART_RxHalfCpltCallback              0x080034f3   Thumb Code     2  stm32f4xx_hal_uart.o(i.HAL_UART_RxHalfCpltCallback)
    HAL_UART_Transmit_DMA                    0x080034f5   Thumb Code   116  stm32f4xx_hal_uart.o(i.HAL_UART_Transmit_DMA)
    HAL_UART_TxCpltCallback                  0x08003575   Thumb Code     2  stm32f4xx_hal_uart.o(i.HAL_UART_TxCpltCallback)
    HAL_UART_TxHalfCpltCallback              0x08003577   Thumb Code     2  stm32f4xx_hal_uart.o(i.HAL_UART_TxHalfCpltCallback)
    HIGH_SMO                                 0x08003579   Thumb Code   790  foc_control_100us.o(i.HIGH_SMO)
    HIGH_SMO_Enable                          0x080038d9   Thumb Code    22  foc_control_100us.o(i.HIGH_SMO_Enable)
    IfActionSubsystem2                       0x080038f5   Thumb Code    14  rt_sys_foc_control_100us_2.o(i.IfActionSubsystem2)
    Inverse_Park_Transform                   0x08003909   Thumb Code    52  foc_control_100us.o(i.Inverse_Park_Transform)
    Motor_Control_initialize                 0x08003f3d   Thumb Code    64  motor_control.o(i.Motor_Control_initialize)
    Motor_Control_step                       0x08003f85   Thumb Code   202  motor_control.o(i.Motor_Control_step)
    Normal                                   0x08004061   Thumb Code    26  foc_control_100us.o(i.Normal)
    Over_M                                   0x08004085   Thumb Code    26  foc_control_100us.o(i.Over_M)
    Park_Transform                           0x080040a9   Thumb Code    52  foc_control_100us.o(i.Park_Transform)
    Q_Current_PI                             0x080040f1   Thumb Code   194  foc_control_100us.o(i.Q_Current_PI)
    Resolver_Angle_cacl                      0x080041d9   Thumb Code   134  resolver_angle_cacl.o(i.Resolver_Angle_cacl)
    Resolver_Observer                        0x08004281   Thumb Code    30  angle_speed_100us.o(i.Resolver_Observer)
    SVPWM                                    0x080042a5   Thumb Code   530  foc_control_100us.o(i.SVPWM)
    SYM_State_10ms                           0x080044e5   Thumb Code   114  sym_state_10ms.o(i.SYM_State_10ms)
    Sine_Cosine                              0x08004575   Thumb Code    86  foc_control_100us.o(i.Sine_Cosine)
    Sine_Cosine_b                            0x080045ed   Thumb Code    86  resolver_angle_cacl.o(i.Sine_Cosine_b)
    Sine_Cosine_m                            0x08004665   Thumb Code    86  foc_control_100us.o(i.Sine_Cosine_m)
    Speed_PI                                 0x080046dd   Thumb Code   162  control_command_2ms.o(i.Speed_PI)
    Speed_PI_Disable                         0x08004795   Thumb Code    12  control_command_2ms.o(i.Speed_PI_Disable)
    Speed_Resolver                           0x080047a5   Thumb Code    28  angle_speed_100us.o(i.Speed_Resolver)
    Speed_cacl                               0x080047c9   Thumb Code    98  angle_speed_100us.o(i.Speed_cacl)
    SwitchCaseActionSubsystem                0x08004845   Thumb Code    14  control_command_2ms.o(i.SwitchCaseActionSubsystem)
    SysTick_Handler                          0x08004889   Thumb Code    16  stm32f4xx_it.o(i.SysTick_Handler)
    SystemClock_Config                       0x0800489d   Thumb Code   140  main.o(i.SystemClock_Config)
    SystemInit                               0x08004931   Thumb Code    22  system_stm32f4xx.o(i.SystemInit)
    TIM1_BRK_TIM9_IRQHandler                 0x0800494d   Thumb Code     6  stm32f4xx_it.o(i.TIM1_BRK_TIM9_IRQHandler)
    TIM1_UP_TIM10_IRQHandler                 0x08004959   Thumb Code     6  stm32f4xx_it.o(i.TIM1_UP_TIM10_IRQHandler)
    TIM2_IRQHandler                          0x08004965   Thumb Code   110  stm32f4xx_it.o(i.TIM2_IRQHandler)
    TIM3_IRQHandler                          0x080049ed   Thumb Code   138  stm32f4xx_it.o(i.TIM3_IRQHandler)
    TIM5_IRQHandler                          0x08004aa9   Thumb Code    20  stm32f4xx_it.o(i.TIM5_IRQHandler)
    TIM_Base_SetConfig                       0x08004ac5   Thumb Code   122  stm32f4xx_hal_tim.o(i.TIM_Base_SetConfig)
    TIM_CCxChannelCmd                        0x08004b5d   Thumb Code    26  stm32f4xx_hal_tim.o(i.TIM_CCxChannelCmd)
    TIM_ETR_SetConfig                        0x08004b91   Thumb Code    20  stm32f4xx_hal_tim.o(i.TIM_ETR_SetConfig)
    TIM_OC2_SetConfig                        0x08004c0d   Thumb Code    86  stm32f4xx_hal_tim.o(i.TIM_OC2_SetConfig)
    TIM_TI1_SetConfig                        0x08004dad   Thumb Code    88  stm32f4xx_hal_tim.o(i.TIM_TI1_SetConfig)
    USART2_IRQHandler                        0x08005165   Thumb Code    50  stm32f4xx_it.o(i.USART2_IRQHandler)
    __ARM_fpclassifyf                        0x0800530d   Thumb Code    38  fpclassifyf.o(i.__ARM_fpclassifyf)
    __hardfp_floorf                          0x08005355   Thumb Code    98  floorf.o(i.__hardfp_floorf)
    __hardfp_fmodf                           0x080053c5   Thumb Code   176  fmodf.o(i.__hardfp_fmodf)
    __hardfp_powf                            0x08005475   Thumb Code  1606  powf.o(i.__hardfp_powf)
    __mathlib_powf                           0x08005475   Thumb Code     0  powf.o(i.__hardfp_powf)
    __hardfp_sqrtf                           0x08005ad9   Thumb Code    58  sqrtf.o(i.__hardfp_sqrtf)
    __mathlib_flt_divzero                    0x08005b15   Thumb Code    14  funder.o(i.__mathlib_flt_divzero)
    __mathlib_flt_infnan2                    0x08005b29   Thumb Code     6  funder.o(i.__mathlib_flt_infnan2)
    __mathlib_flt_invalid                    0x08005b31   Thumb Code    10  funder.o(i.__mathlib_flt_invalid)
    __mathlib_flt_overflow                   0x08005b41   Thumb Code    10  funder.o(i.__mathlib_flt_overflow)
    __mathlib_flt_underflow                  0x08005b51   Thumb Code    10  funder.o(i.__mathlib_flt_underflow)
    __scatterload_copy                       0x08005b61   Thumb Code    14  handlers.o(i.__scatterload_copy)
    __scatterload_null                       0x08005b6f   Thumb Code     2  handlers.o(i.__scatterload_null)
    __scatterload_zeroinit                   0x08005b71   Thumb Code    14  handlers.o(i.__scatterload_zeroinit)
    __set_errno                              0x08005b81   Thumb Code     6  errno.o(i.__set_errno)
    main                                     0x08005b8d   Thumb Code   578  main.o(i.main)
    plook_u32f_evencka                       0x08005df5   Thumb Code    58  motor_control.o(i.plook_u32f_evencka)
    rtGetInf                                 0x08005e31   Thumb Code    16  rtgetinf.o(i.rtGetInf)
    rtGetInfF                                0x08005e45   Thumb Code    10  rtgetinf.o(i.rtGetInfF)
    rtGetMinusInf                            0x08005e51   Thumb Code    16  rtgetinf.o(i.rtGetMinusInf)
    rtGetMinusInfF                           0x08005e65   Thumb Code     8  rtgetinf.o(i.rtGetMinusInfF)
    rtGetNaN                                 0x08005e71   Thumb Code    16  rtgetnan.o(i.rtGetNaN)
    rtGetNaNF                                0x08005e85   Thumb Code     8  rtgetnan.o(i.rtGetNaNF)
    rtIsInfF                                 0x08005e91   Thumb Code    38  rt_nonfinite.o(i.rtIsInfF)
    rtIsNaNF                                 0x08005ebd   Thumb Code    24  rt_nonfinite.o(i.rtIsNaNF)
    rt_InitInfAndNaN                         0x08005ed5   Thumb Code    54  rt_nonfinite.o(i.rt_InitInfAndNaN)
    rt_modf_snf                              0x08005f11   Thumb Code   312  resolver_angle_cacl.o(i.rt_modf_snf)
    rt_powf_snf                              0x08006055   Thumb Code   266  control_command_2ms.o(i.rt_powf_snf)
    AHBPrescTable                            0x08006174   Data          16  system_stm32f4xx.o(.constdata)
    APBPrescTable                            0x08006184   Data           8  system_stm32f4xx.o(.constdata)
    rtM                                      0x0800618c   Data           4  motor_control.o(.constdata)
    rtConstP                                 0x08006190   Data       49156  motor_control_data.o(.constdata)
    Region$$Table$$Base                      0x080122d4   Number         0  anon$$obj.o(Region$$Table)
    Region$$Table$$Limit                     0x080122f4   Number         0  anon$$obj.o(Region$$Table)
    remainAutoReloadTimerLoopVal_S           0x20000004   Data           4  main.o(.data)
    hcrc                                     0x20000008   Data           8  main.o(.data)
    Task_10ms                                0x20000010   Data           2  main.o(.data)
    Task_100ms                               0x20000012   Data           2  main.o(.data)
    Task_2ms                                 0x20000014   Data           2  main.o(.data)
    Bus_volt_V                               0x20000018   Data           4  main.o(.data)
    Ia_A                                     0x2000001c   Data           4  main.o(.data)
    Ib_A                                     0x20000020   Data           4  main.o(.data)
    Ic_A                                     0x20000024   Data           4  main.o(.data)
    U_voltage                                0x20000028   Data           4  main.o(.data)
    V_voltage                                0x2000002c   Data           4  main.o(.data)
    W_voltage                                0x20000030   Data           4  main.o(.data)
    Speed_In                                 0x20000034   Data           4  main.o(.data)
    EnDisable_flag                           0x20000038   Data           1  main.o(.data)
    Hall_Sector                              0x2000003a   Data           1  stm32f4xx_it.o(.data)
    Hall_InterruptCnt                        0x2000003b   Data           1  stm32f4xx_it.o(.data)
    Hall_a                                   0x2000003c   Data           1  stm32f4xx_it.o(.data)
    Hall_b                                   0x2000003d   Data           1  stm32f4xx_it.o(.data)
    Hall_c                                   0x2000003e   Data           1  stm32f4xx_it.o(.data)
    arr_index                                0x20000042   Data           2  stm32f4xx_it.o(.data)
    Sampling_cnt                             0x20000044   Data           2  stm32f4xx_it.o(.data)
    Hall_Arr                                 0x20000046   Data           6  stm32f4xx_it.o(.data)
    uwTickFreq                               0x2000004c   Data           1  stm32f4xx_hal.o(.data)
    uwTickPrio                               0x20000050   Data           4  stm32f4xx_hal.o(.data)
    uwTick                                   0x20000054   Data           4  stm32f4xx_hal.o(.data)
    SystemCoreClock                          0x20000058   Data           4  system_stm32f4xx.o(.data)
    Dead_Time                                0x2000005c   Data           4  motor_control.o(.data)
    SpeedFilter_Fn                           0x20000060   Data           4  motor_control.o(.data)
    Dead_Com_Enable                          0x20000064   Data           1  motor_control.o(.data)
    CTL_Parameter                            0x20000068   Data           8  motor_control.o(.data)
    FluxWeak_Parameter                       0x20000070   Data          20  motor_control.o(.data)
    Hall_Parameter                           0x20000084   Data          32  motor_control.o(.data)
    PI_Parameter                             0x200000a4   Data          32  motor_control.o(.data)
    SMO_Parameter                            0x200000c4   Data          16  motor_control.o(.data)
    rtPrevZCX                                0x200000d4   Data           3  motor_control.o(.data)
    Obs_Speed                                0x200000d8   Data           4  motor_control.o(.data)
    Obs_Theta                                0x200000dc   Data           4  motor_control.o(.data)
    Vq_voltage                               0x200000e0   Data           4  motor_control.o(.data)
    Id_measured                              0x200000e4   Data           4  motor_control.o(.data)
    Iq_measured                              0x200000e8   Data           4  motor_control.o(.data)
    Vd_voltage                               0x200000ec   Data           4  motor_control.o(.data)
    Motor_Power                              0x200000f0   Data           4  motor_control.o(.data)
    Motor_Torque                             0x200000f4   Data           4  motor_control.o(.data)
    Hall_Speed                               0x200000f8   Data           4  motor_control.o(.data)
    Id_ref                                   0x200000fc   Data           4  motor_control.o(.data)
    Iq_ref                                   0x20000100   Data           4  motor_control.o(.data)
    V_alpha                                  0x20000104   Data           4  motor_control.o(.data)
    V_beta                                   0x20000108   Data           4  motor_control.o(.data)
    Ialpha                                   0x2000010c   Data           4  motor_control.o(.data)
    Ibeta                                    0x20000110   Data           4  motor_control.o(.data)
    rtInfF                                   0x20000120   Data           4  rt_nonfinite.o(.data)
    rtMinusInfF                              0x20000124   Data           4  rt_nonfinite.o(.data)
    rtNaNF                                   0x20000128   Data           4  rt_nonfinite.o(.data)
    rtInf                                    0x20000130   Data           8  rt_nonfinite.o(.data)
    rtMinusInf                               0x20000138   Data           8  rt_nonfinite.o(.data)
    rtNaN                                    0x20000140   Data           8  rt_nonfinite.o(.data)
    hadc1                                    0x2000014c   Data          72  main.o(.bss)
    htim1                                    0x20000194   Data          64  main.o(.bss)
    htim2                                    0x200001d4   Data          64  main.o(.bss)
    htim3                                    0x20000214   Data          64  main.o(.bss)
    htim4                                    0x20000254   Data          64  main.o(.bss)
    htim5                                    0x20000294   Data          64  main.o(.bss)
    huart2                                   0x200002d4   Data          64  main.o(.bss)
    aRxBuffer                                0x20000314   Data         100  main.o(.bss)
    ADC_Value                                0x20000378   Data          24  main.o(.bss)
    hdma_adc1                                0x20000390   Data          96  main.o(.bss)
    hdma_usart2_tx                           0x200003f0   Data          96  main.o(.bss)
    hdma_usart2_rx                           0x20000450   Data          96  main.o(.bss)
    Ia_arr                                   0x200004d0   Data        8000  stm32f4xx_it.o(.bss)
    rtDW                                     0x20002410   Data         296  motor_control.o(.bss)
    rtY                                      0x20002538   Data          12  motor_control.o(.bss)
    rtU                                      0x20002544   Data          40  motor_control.o(.bss)
    __initial_sp                             0x20002970   Data           0  startup_stm32f401xe.o(STACK)



==============================================================================

Memory Map of the image

  Image Entry point : 0x08000195

  Load Region LR_IROM1 (Base: 0x08000000, Size: 0x00012440, Max: 0x00080000, ABSOLUTE, COMPRESSED[0x0001235c])

    Execution Region ER_IROM1 (Exec base: 0x08000000, Load base: 0x08000000, Size: 0x000122f4, Max: 0x00080000, ABSOLUTE)

    Exec Addr    Load Addr    Size         Type   Attr      Idx    E Section Name        Object

    0x08000000   0x08000000   0x00000194   Data   RO            3    RESET               startup_stm32f401xe.o
    0x08000194   0x08000194   0x00000000   Code   RO         3785  * .ARM.Collect$$$$00000000  mc_w.l(entry.o)
    0x08000194   0x08000194   0x00000004   Code   RO         3820    .ARM.Collect$$$$00000001  mc_w.l(entry2.o)
    0x08000198   0x08000198   0x00000004   Code   RO         3823    .ARM.Collect$$$$00000004  mc_w.l(entry5.o)
    0x0800019c   0x0800019c   0x00000000   Code   RO         3825    .ARM.Collect$$$$00000008  mc_w.l(entry7b.o)
    0x0800019c   0x0800019c   0x00000000   Code   RO         3827    .ARM.Collect$$$$0000000A  mc_w.l(entry8b.o)
    0x0800019c   0x0800019c   0x00000008   Code   RO         3828    .ARM.Collect$$$$0000000B  mc_w.l(entry9a.o)
    0x080001a4   0x080001a4   0x00000000   Code   RO         3830    .ARM.Collect$$$$0000000D  mc_w.l(entry10a.o)
    0x080001a4   0x080001a4   0x00000000   Code   RO         3832    .ARM.Collect$$$$0000000F  mc_w.l(entry11a.o)
    0x080001a4   0x080001a4   0x00000004   Code   RO         3821    .ARM.Collect$$$$00002712  mc_w.l(entry2.o)
    0x080001a8   0x080001a8   0x00000024   Code   RO            4    .text               startup_stm32f401xe.o
    0x080001cc   0x080001cc   0x00000062   Code   RO         3788    .text               mc_w.l(uldiv.o)
    0x0800022e   0x0800022e   0x00000024   Code   RO         3790    .text               mc_w.l(memseta.o)
    0x08000252   0x08000252   0x000000e4   Code   RO         3792    .text               mf_w.l(dmul.o)
    0x08000336   0x08000336   0x000000de   Code   RO         3794    .text               mf_w.l(ddiv.o)
    0x08000414   0x08000414   0x0000001a   Code   RO         3796    .text               mf_w.l(dfltui.o)
    0x0800042e   0x0800042e   0x00000032   Code   RO         3798    .text               mf_w.l(dfixui.o)
    0x08000460   0x08000460   0x00000038   Code   RO         3802    .text               mf_w.l(d2f.o)
    0x08000498   0x08000498   0x0000001e   Code   RO         3834    .text               mc_w.l(llshl.o)
    0x080004b6   0x080004b6   0x00000020   Code   RO         3836    .text               mc_w.l(llushr.o)
    0x080004d6   0x080004d6   0x00000000   Code   RO         3845    .text               mc_w.l(iusefp.o)
    0x080004d6   0x080004d6   0x0000006e   Code   RO         3846    .text               mf_w.l(fepilogue.o)
    0x08000544   0x08000544   0x00000052   Code   RO         3848    .text               mf_w.l(frem.o)
    0x08000596   0x08000596   0x000000ba   Code   RO         3850    .text               mf_w.l(depilogue.o)
    0x08000650   0x08000650   0x00000004   Code   RO         3852    .text               mf_w.l(fpstat.o)
    0x08000654   0x08000654   0x00000024   Code   RO         3854    .text               mc_w.l(init.o)
    0x08000678   0x08000678   0x0000003a   Code   RO         3864    .text               mc_w.l(__dczerorl.o)
    0x080006b2   0x080006b2   0x00000002   PAD
    0x080006b4   0x080006b4   0x00000160   Code   RO         3264    i.ACC_OMG           angle_speed_100us.o
    0x08000814   0x08000814   0x0000006e   Code   RO          460    i.ADC_DMAConvCplt   stm32f4xx_hal_adc.o
    0x08000882   0x08000882   0x00000016   Code   RO          461    i.ADC_DMAError      stm32f4xx_hal_adc.o
    0x08000898   0x08000898   0x0000000a   Code   RO          462    i.ADC_DMAHalfConvCplt  stm32f4xx_hal_adc.o
    0x080008a2   0x080008a2   0x00000002   PAD
    0x080008a4   0x080008a4   0x00000088   Code   RO         3265    i.ADC_IRQ           angle_speed_100us.o
    0x0800092c   0x0800092c   0x00000210   Code   RO          269    i.ADC_IRQHandler    stm32f4xx_it.o
    0x08000b3c   0x08000b3c   0x00000128   Code   RO          463    i.ADC_Init          stm32f4xx_hal_adc.o
    0x08000c64   0x08000c64   0x0000002c   Code   RO         3266    i.Angle_Speed_100us  angle_speed_100us.o
    0x08000c90   0x08000c90   0x00000034   Code   RO         3267    i.Angle_calibration  angle_speed_100us.o
    0x08000cc4   0x08000cc4   0x00000054   Code   RO         3397    i.Clarke_Transform  foc_control_100us.o
    0x08000d18   0x08000d18   0x00000044   Code   RO         3324    i.Control_Command_2ms  control_command_2ms.o
    0x08000d5c   0x08000d5c   0x00000084   Code   RO         3326    i.Control_Command_2ms_k  control_command_2ms.o
    0x08000de0   0x08000de0   0x00000014   Code   RO         3327    i.Control_Command_2ms_o_Init  control_command_2ms.o
    0x08000df4   0x08000df4   0x0000000c   Code   RO          270    i.DMA1_Stream5_IRQHandler  stm32f4xx_it.o
    0x08000e00   0x08000e00   0x0000000c   Code   RO          271    i.DMA1_Stream6_IRQHandler  stm32f4xx_it.o
    0x08000e0c   0x08000e0c   0x0000000c   Code   RO          272    i.DMA2_Stream0_IRQHandler  stm32f4xx_it.o
    0x08000e18   0x08000e18   0x00000028   Code   RO         1218    i.DMA_CalcBaseAndBitshift  stm32f4xx_hal_dma.o
    0x08000e40   0x08000e40   0x00000054   Code   RO         1219    i.DMA_CheckFifoParam  stm32f4xx_hal_dma.o
    0x08000e94   0x08000e94   0x00000028   Code   RO         1220    i.DMA_SetConfig     stm32f4xx_hal_dma.o
    0x08000ebc   0x08000ebc   0x000002f8   Code   RO         3398    i.DT_Compensation   foc_control_100us.o
    0x080011b4   0x080011b4   0x000000e8   Code   RO         3399    i.D_Current_PI      foc_control_100us.o
    0x0800129c   0x0800129c   0x0000004c   Code   RO          273    i.EXTI15_10_IRQHandler  stm32f4xx_it.o
    0x080012e8   0x080012e8   0x00000004   Code   RO           13    i.Error_Handler     main.o
    0x080012ec   0x080012ec   0x000000c8   Code   RO         3400    i.FOC               foc_control_100us.o
    0x080013b4   0x080013b4   0x00000004   Code   RO         3401    i.FOC_Control_100us  foc_control_100us.o
    0x080013b8   0x080013b8   0x00000004   Code   RO         3402    i.FOC_Control_100us_Enable  foc_control_100us.o
    0x080013bc   0x080013bc   0x00000010   Code   RO         3403    i.FOC_Control_100us_Init  foc_control_100us.o
    0x080013cc   0x080013cc   0x0000012c   Code   RO         3328    i.Flux_weak         control_command_2ms.o
    0x080014f8   0x080014f8   0x00000010   Code   RO         3329    i.Flux_weak_Disable  control_command_2ms.o
    0x08001508   0x08001508   0x000001bc   Code   RO          633    i.HAL_ADCEx_InjectedConfigChannel  stm32f4xx_hal_adc_ex.o
    0x080016c4   0x080016c4   0x00000002   Code   RO          634    i.HAL_ADCEx_InjectedConvCpltCallback  stm32f4xx_hal_adc_ex.o
    0x080016c6   0x080016c6   0x0000003a   Code   RO          635    i.HAL_ADCEx_InjectedGetValue  stm32f4xx_hal_adc_ex.o
    0x08001700   0x08001700   0x000000c4   Code   RO          637    i.HAL_ADCEx_InjectedStart  stm32f4xx_hal_adc_ex.o
    0x080017c4   0x080017c4   0x000000cc   Code   RO          638    i.HAL_ADCEx_InjectedStart_IT  stm32f4xx_hal_adc_ex.o
    0x08001890   0x08001890   0x0000014c   Code   RO          465    i.HAL_ADC_ConfigChannel  stm32f4xx_hal_adc.o
    0x080019dc   0x080019dc   0x00000002   Code   RO          466    i.HAL_ADC_ConvCpltCallback  stm32f4xx_hal_adc.o
    0x080019de   0x080019de   0x00000002   Code   RO          467    i.HAL_ADC_ConvHalfCpltCallback  stm32f4xx_hal_adc.o
    0x080019e0   0x080019e0   0x00000002   Code   RO          469    i.HAL_ADC_ErrorCallback  stm32f4xx_hal_adc.o
    0x080019e2   0x080019e2   0x0000013c   Code   RO          473    i.HAL_ADC_IRQHandler  stm32f4xx_hal_adc.o
    0x08001b1e   0x08001b1e   0x00000054   Code   RO          474    i.HAL_ADC_Init      stm32f4xx_hal_adc.o
    0x08001b72   0x08001b72   0x00000002   Code   RO          475    i.HAL_ADC_LevelOutOfWindowCallback  stm32f4xx_hal_adc.o
    0x08001b74   0x08001b74   0x000000c8   Code   RO          382    i.HAL_ADC_MspInit   stm32f4xx_hal_msp.o
    0x08001c3c   0x08001c3c   0x00000104   Code   RO          481    i.HAL_ADC_Start_DMA  stm32f4xx_hal_adc.o
    0x08001d40   0x08001d40   0x0000002e   Code   RO         1916    i.HAL_CRC_Calculate  stm32f4xx_hal_crc.o
    0x08001d6e   0x08001d6e   0x00000022   Code   RO         1919    i.HAL_CRC_Init      stm32f4xx_hal_crc.o
    0x08001d90   0x08001d90   0x00000028   Code   RO          384    i.HAL_CRC_MspInit   stm32f4xx_hal_msp.o
    0x08001db8   0x08001db8   0x00000024   Code   RO         1222    i.HAL_DMA_Abort_IT  stm32f4xx_hal_dma.o
    0x08001ddc   0x08001ddc   0x000001a0   Code   RO         1226    i.HAL_DMA_IRQHandler  stm32f4xx_hal_dma.o
    0x08001f7c   0x08001f7c   0x000000d4   Code   RO         1227    i.HAL_DMA_Init      stm32f4xx_hal_dma.o
    0x08002050   0x08002050   0x0000006e   Code   RO         1231    i.HAL_DMA_Start_IT  stm32f4xx_hal_dma.o
    0x080020be   0x080020be   0x00000002   Code   RO         1112    i.HAL_GPIO_EXTI_Callback  stm32f4xx_hal_gpio.o
    0x080020c0   0x080020c0   0x00000018   Code   RO         1113    i.HAL_GPIO_EXTI_IRQHandler  stm32f4xx_hal_gpio.o
    0x080020d8   0x080020d8   0x00000188   Code   RO         1114    i.HAL_GPIO_Init     stm32f4xx_hal_gpio.o
    0x08002260   0x08002260   0x0000000a   Code   RO         1116    i.HAL_GPIO_ReadPin  stm32f4xx_hal_gpio.o
    0x0800226a   0x0800226a   0x0000000e   Code   RO         1117    i.HAL_GPIO_TogglePin  stm32f4xx_hal_gpio.o
    0x08002278   0x08002278   0x0000000a   Code   RO         1118    i.HAL_GPIO_WritePin  stm32f4xx_hal_gpio.o
    0x08002282   0x08002282   0x00000002   PAD
    0x08002284   0x08002284   0x0000000c   Code   RO         1670    i.HAL_GetTick       stm32f4xx_hal.o
    0x08002290   0x08002290   0x00000010   Code   RO         1676    i.HAL_IncTick       stm32f4xx_hal.o
    0x080022a0   0x080022a0   0x00000034   Code   RO         1677    i.HAL_Init          stm32f4xx_hal.o
    0x080022d4   0x080022d4   0x00000040   Code   RO         1678    i.HAL_InitTick      stm32f4xx_hal.o
    0x08002314   0x08002314   0x00000034   Code   RO          385    i.HAL_MspInit       stm32f4xx_hal_msp.o
    0x08002348   0x08002348   0x0000001a   Code   RO         1527    i.HAL_NVIC_EnableIRQ  stm32f4xx_hal_cortex.o
    0x08002362   0x08002362   0x00000002   PAD
    0x08002364   0x08002364   0x00000040   Code   RO         1533    i.HAL_NVIC_SetPriority  stm32f4xx_hal_cortex.o
    0x080023a4   0x080023a4   0x00000024   Code   RO         1534    i.HAL_NVIC_SetPriorityGrouping  stm32f4xx_hal_cortex.o
    0x080023c8   0x080023c8   0x00000134   Code   RO          736    i.HAL_RCC_ClockConfig  stm32f4xx_hal_rcc.o
    0x080024fc   0x080024fc   0x00000020   Code   RO          743    i.HAL_RCC_GetPCLK1Freq  stm32f4xx_hal_rcc.o
    0x0800251c   0x0800251c   0x00000020   Code   RO          744    i.HAL_RCC_GetPCLK2Freq  stm32f4xx_hal_rcc.o
    0x0800253c   0x0800253c   0x00000060   Code   RO          745    i.HAL_RCC_GetSysClockFreq  stm32f4xx_hal_rcc.o
    0x0800259c   0x0800259c   0x00000348   Code   RO          748    i.HAL_RCC_OscConfig  stm32f4xx_hal_rcc.o
    0x080028e4   0x080028e4   0x00000028   Code   RO         1538    i.HAL_SYSTICK_Config  stm32f4xx_hal_cortex.o
    0x0800290c   0x0800290c   0x00000002   Code   RO         2652    i.HAL_TIMEx_BreakCallback  stm32f4xx_hal_tim_ex.o
    0x0800290e   0x0800290e   0x00000002   Code   RO         2653    i.HAL_TIMEx_CommutCallback  stm32f4xx_hal_tim_ex.o
    0x08002910   0x08002910   0x00000054   Code   RO         2655    i.HAL_TIMEx_ConfigBreakDeadTime  stm32f4xx_hal_tim_ex.o
    0x08002964   0x08002964   0x000000bc   Code   RO         2661    i.HAL_TIMEx_HallSensor_Init  stm32f4xx_hal_tim_ex.o
    0x08002a20   0x08002a20   0x00000002   Code   RO         2663    i.HAL_TIMEx_HallSensor_MspInit  stm32f4xx_hal_tim_ex.o
    0x08002a22   0x08002a22   0x00000026   Code   RO         2664    i.HAL_TIMEx_HallSensor_Start  stm32f4xx_hal_tim_ex.o
    0x08002a48   0x08002a48   0x00000030   Code   RO         2666    i.HAL_TIMEx_HallSensor_Start_IT  stm32f4xx_hal_tim_ex.o
    0x08002a78   0x08002a78   0x0000007c   Code   RO         2670    i.HAL_TIMEx_MasterConfigSynchronization  stm32f4xx_hal_tim_ex.o
    0x08002af4   0x08002af4   0x0000002e   Code   RO         2681    i.HAL_TIMEx_PWMN_Start  stm32f4xx_hal_tim_ex.o
    0x08002b22   0x08002b22   0x00000036   Code   RO         1977    i.HAL_TIM_Base_Init  stm32f4xx_hal_tim.o
    0x08002b58   0x08002b58   0x0000016c   Code   RO          387    i.HAL_TIM_Base_MspInit  stm32f4xx_hal_msp.o
    0x08002cc4   0x08002cc4   0x00000022   Code   RO         1982    i.HAL_TIM_Base_Start_IT  stm32f4xx_hal_tim.o
    0x08002ce6   0x08002ce6   0x000000d6   Code   RO         1986    i.HAL_TIM_ConfigClockSource  stm32f4xx_hal_tim.o
    0x08002dbc   0x08002dbc   0x00000002   Code   RO         2006    i.HAL_TIM_IC_CaptureCallback  stm32f4xx_hal_tim.o
    0x08002dbe   0x08002dbe   0x00000166   Code   RO         2020    i.HAL_TIM_IRQHandler  stm32f4xx_hal_tim.o
    0x08002f24   0x08002f24   0x000000ac   Code   RO          388    i.HAL_TIM_MspPostInit  stm32f4xx_hal_msp.o
    0x08002fd0   0x08002fd0   0x00000056   Code   RO         2021    i.HAL_TIM_OC_ConfigChannel  stm32f4xx_hal_tim.o
    0x08003026   0x08003026   0x00000002   Code   RO         2023    i.HAL_TIM_OC_DelayElapsedCallback  stm32f4xx_hal_tim.o
    0x08003028   0x08003028   0x00000036   Code   RO         2025    i.HAL_TIM_OC_Init   stm32f4xx_hal_tim.o
    0x0800305e   0x0800305e   0x00000002   Code   RO         2027    i.HAL_TIM_OC_MspInit  stm32f4xx_hal_tim.o
    0x08003060   0x08003060   0x000000d0   Code   RO         2044    i.HAL_TIM_PWM_ConfigChannel  stm32f4xx_hal_tim.o
    0x08003130   0x08003130   0x00000036   Code   RO         2047    i.HAL_TIM_PWM_Init  stm32f4xx_hal_tim.o
    0x08003166   0x08003166   0x00000002   Code   RO         2049    i.HAL_TIM_PWM_MspInit  stm32f4xx_hal_tim.o
    0x08003168   0x08003168   0x00000002   Code   RO         2050    i.HAL_TIM_PWM_PulseFinishedCallback  stm32f4xx_hal_tim.o
    0x0800316a   0x0800316a   0x00000002   PAD
    0x0800316c   0x0800316c   0x00000038   Code   RO         2052    i.HAL_TIM_PWM_Start  stm32f4xx_hal_tim.o
    0x080031a4   0x080031a4   0x00000002   Code   RO         2058    i.HAL_TIM_PeriodElapsedCallback  stm32f4xx_hal_tim.o
    0x080031a6   0x080031a6   0x00000052   Code   RO         2061    i.HAL_TIM_SlaveConfigSynchro  stm32f4xx_hal_tim.o
    0x080031f8   0x080031f8   0x00000002   Code   RO         2063    i.HAL_TIM_TriggerCallback  stm32f4xx_hal_tim.o
    0x080031fa   0x080031fa   0x00000002   Code   RO         2924    i.HAL_UART_ErrorCallback  stm32f4xx_hal_uart.o
    0x080031fc   0x080031fc   0x00000114   Code   RO         2927    i.HAL_UART_IRQHandler  stm32f4xx_hal_uart.o
    0x08003310   0x08003310   0x00000062   Code   RO         2928    i.HAL_UART_Init     stm32f4xx_hal_uart.o
    0x08003372   0x08003372   0x00000002   PAD
    0x08003374   0x08003374   0x000000e4   Code   RO          390    i.HAL_UART_MspInit  stm32f4xx_hal_msp.o
    0x08003458   0x08003458   0x00000098   Code   RO         2932    i.HAL_UART_Receive_DMA  stm32f4xx_hal_uart.o
    0x080034f0   0x080034f0   0x00000002   Code   RO         2934    i.HAL_UART_RxCpltCallback  stm32f4xx_hal_uart.o
    0x080034f2   0x080034f2   0x00000002   Code   RO         2935    i.HAL_UART_RxHalfCpltCallback  stm32f4xx_hal_uart.o
    0x080034f4   0x080034f4   0x00000080   Code   RO         2937    i.HAL_UART_Transmit_DMA  stm32f4xx_hal_uart.o
    0x08003574   0x08003574   0x00000002   Code   RO         2939    i.HAL_UART_TxCpltCallback  stm32f4xx_hal_uart.o
    0x08003576   0x08003576   0x00000002   Code   RO         2940    i.HAL_UART_TxHalfCpltCallback  stm32f4xx_hal_uart.o
    0x08003578   0x08003578   0x00000360   Code   RO         3406    i.HIGH_SMO          foc_control_100us.o
    0x080038d8   0x080038d8   0x0000001c   Code   RO         3407    i.HIGH_SMO_Enable   foc_control_100us.o
    0x080038f4   0x080038f4   0x00000014   Code   RO         3664    i.IfActionSubsystem2  rt_sys_foc_control_100us_2.o
    0x08003908   0x08003908   0x00000048   Code   RO         3409    i.Inverse_Park_Transform  foc_control_100us.o
    0x08003950   0x08003950   0x00000138   Code   RO           14    i.MX_ADC1_Init      main.o
    0x08003a88   0x08003a88   0x0000005c   Code   RO           15    i.MX_DMA_Init       main.o
    0x08003ae4   0x08003ae4   0x000000a8   Code   RO           16    i.MX_GPIO_Init      main.o
    0x08003b8c   0x08003b8c   0x00000128   Code   RO           17    i.MX_TIM1_Init      main.o
    0x08003cb4   0x08003cb4   0x00000088   Code   RO           18    i.MX_TIM2_Init      main.o
    0x08003d3c   0x08003d3c   0x000000ac   Code   RO           19    i.MX_TIM3_Init      main.o
    0x08003de8   0x08003de8   0x000000b4   Code   RO           20    i.MX_TIM4_Init      main.o
    0x08003e9c   0x08003e9c   0x000000a0   Code   RO           21    i.MX_TIM5_Init      main.o
    0x08003f3c   0x08003f3c   0x00000048   Code   RO         3521    i.Motor_Control_initialize  motor_control.o
    0x08003f84   0x08003f84   0x000000dc   Code   RO         3522    i.Motor_Control_step  motor_control.o
    0x08004060   0x08004060   0x00000024   Code   RO         3410    i.Normal            foc_control_100us.o
    0x08004084   0x08004084   0x00000024   Code   RO         3411    i.Over_M            foc_control_100us.o
    0x080040a8   0x080040a8   0x00000048   Code   RO         3412    i.Park_Transform    foc_control_100us.o
    0x080040f0   0x080040f0   0x000000e8   Code   RO         3413    i.Q_Current_PI      foc_control_100us.o
    0x080041d8   0x080041d8   0x000000a8   Code   RO         3592    i.Resolver_Angle_cacl  resolver_angle_cacl.o
    0x08004280   0x08004280   0x00000024   Code   RO         3268    i.Resolver_Observer  angle_speed_100us.o
    0x080042a4   0x080042a4   0x00000240   Code   RO         3414    i.SVPWM             foc_control_100us.o
    0x080044e4   0x080044e4   0x00000090   Code   RO         3726    i.SYM_State_10ms    sym_state_10ms.o
    0x08004574   0x08004574   0x00000078   Code   RO         3415    i.Sine_Cosine       foc_control_100us.o
    0x080045ec   0x080045ec   0x00000078   Code   RO         3593    i.Sine_Cosine_b     resolver_angle_cacl.o
    0x08004664   0x08004664   0x00000078   Code   RO         3416    i.Sine_Cosine_m     foc_control_100us.o
    0x080046dc   0x080046dc   0x000000b8   Code   RO         3330    i.Speed_PI          control_command_2ms.o
    0x08004794   0x08004794   0x00000010   Code   RO         3331    i.Speed_PI_Disable  control_command_2ms.o
    0x080047a4   0x080047a4   0x00000024   Code   RO         3269    i.Speed_Resolver    angle_speed_100us.o
    0x080047c8   0x080047c8   0x0000007c   Code   RO         3270    i.Speed_cacl        angle_speed_100us.o
    0x08004844   0x08004844   0x00000018   Code   RO         3332    i.SwitchCaseActionSubsystem  control_command_2ms.o
    0x0800485c   0x0800485c   0x0000002c   Code   RO           22    i.SysTick_Config    main.o
    0x08004888   0x08004888   0x00000014   Code   RO          274    i.SysTick_Handler   stm32f4xx_it.o
    0x0800489c   0x0800489c   0x00000094   Code   RO           23    i.SystemClock_Config  main.o
    0x08004930   0x08004930   0x0000001c   Code   RO         3230    i.SystemInit        system_stm32f4xx.o
    0x0800494c   0x0800494c   0x0000000c   Code   RO          275    i.TIM1_BRK_TIM9_IRQHandler  stm32f4xx_it.o
    0x08004958   0x08004958   0x0000000c   Code   RO          276    i.TIM1_UP_TIM10_IRQHandler  stm32f4xx_it.o
    0x08004964   0x08004964   0x00000088   Code   RO          277    i.TIM2_IRQHandler   stm32f4xx_it.o
    0x080049ec   0x080049ec   0x000000bc   Code   RO          278    i.TIM3_IRQHandler   stm32f4xx_it.o
    0x08004aa8   0x08004aa8   0x0000001c   Code   RO          279    i.TIM5_IRQHandler   stm32f4xx_it.o
    0x08004ac4   0x08004ac4   0x00000098   Code   RO         2065    i.TIM_Base_SetConfig  stm32f4xx_hal_tim.o
    0x08004b5c   0x08004b5c   0x0000001a   Code   RO         2066    i.TIM_CCxChannelCmd  stm32f4xx_hal_tim.o
    0x08004b76   0x08004b76   0x0000001a   Code   RO         2690    i.TIM_CCxNChannelCmd  stm32f4xx_hal_tim_ex.o
    0x08004b90   0x08004b90   0x00000014   Code   RO         2076    i.TIM_ETR_SetConfig  stm32f4xx_hal_tim.o
    0x08004ba4   0x08004ba4   0x00000010   Code   RO         2077    i.TIM_ITRx_SetConfig  stm32f4xx_hal_tim.o
    0x08004bb4   0x08004bb4   0x00000058   Code   RO         2078    i.TIM_OC1_SetConfig  stm32f4xx_hal_tim.o
    0x08004c0c   0x08004c0c   0x0000005c   Code   RO         2079    i.TIM_OC2_SetConfig  stm32f4xx_hal_tim.o
    0x08004c68   0x08004c68   0x00000058   Code   RO         2080    i.TIM_OC3_SetConfig  stm32f4xx_hal_tim.o
    0x08004cc0   0x08004cc0   0x00000044   Code   RO         2081    i.TIM_OC4_SetConfig  stm32f4xx_hal_tim.o
    0x08004d04   0x08004d04   0x00000086   Code   RO         2082    i.TIM_SlaveTimer_SetConfig  stm32f4xx_hal_tim.o
    0x08004d8a   0x08004d8a   0x00000022   Code   RO         2083    i.TIM_TI1_ConfigInputStage  stm32f4xx_hal_tim.o
    0x08004dac   0x08004dac   0x0000006c   Code   RO         2084    i.TIM_TI1_SetConfig  stm32f4xx_hal_tim.o
    0x08004e18   0x08004e18   0x00000024   Code   RO         2085    i.TIM_TI2_ConfigInputStage  stm32f4xx_hal_tim.o
    0x08004e3c   0x08004e3c   0x00000010   Code   RO         2941    i.UART_DMAAbortOnError  stm32f4xx_hal_uart.o
    0x08004e4c   0x08004e4c   0x0000004a   Code   RO         2942    i.UART_DMAError     stm32f4xx_hal_uart.o
    0x08004e96   0x08004e96   0x0000003c   Code   RO         2943    i.UART_DMAReceiveCplt  stm32f4xx_hal_uart.o
    0x08004ed2   0x08004ed2   0x0000000a   Code   RO         2945    i.UART_DMARxHalfCplt  stm32f4xx_hal_uart.o
    0x08004edc   0x08004edc   0x0000002e   Code   RO         2947    i.UART_DMATransmitCplt  stm32f4xx_hal_uart.o
    0x08004f0a   0x08004f0a   0x0000000a   Code   RO         2949    i.UART_DMATxHalfCplt  stm32f4xx_hal_uart.o
    0x08004f14   0x08004f14   0x0000001c   Code   RO         2951    i.UART_EndRxTransfer  stm32f4xx_hal_uart.o
    0x08004f30   0x08004f30   0x00000012   Code   RO         2952    i.UART_EndTxTransfer  stm32f4xx_hal_uart.o
    0x08004f42   0x08004f42   0x00000096   Code   RO         2953    i.UART_Receive_IT   stm32f4xx_hal_uart.o
    0x08004fd8   0x08004fd8   0x00000128   Code   RO         2954    i.UART_SetConfig    stm32f4xx_hal_uart.o
    0x08005100   0x08005100   0x00000062   Code   RO         2955    i.UART_Transmit_IT  stm32f4xx_hal_uart.o
    0x08005162   0x08005162   0x00000002   PAD
    0x08005164   0x08005164   0x00000040   Code   RO          280    i.USART2_IRQHandler  stm32f4xx_it.o
    0x080051a4   0x080051a4   0x00000168   Code   RO          281    i.UploadData        stm32f4xx_it.o
    0x0800530c   0x0800530c   0x00000026   Code   RO         3804    i.__ARM_fpclassifyf  m_wm.l(fpclassifyf.o)
    0x08005332   0x08005332   0x00000020   Code   RO         1540    i.__NVIC_SetPriority  stm32f4xx_hal_cortex.o
    0x08005352   0x08005352   0x00000002   PAD
    0x08005354   0x08005354   0x00000070   Code   RO         3741    i.__hardfp_floorf   m_wm.l(floorf.o)
    0x080053c4   0x080053c4   0x000000b0   Code   RO         3747    i.__hardfp_fmodf    m_wm.l(fmodf.o)
    0x08005474   0x08005474   0x00000664   Code   RO         3759    i.__hardfp_powf     m_wm.l(powf.o)
    0x08005ad8   0x08005ad8   0x0000003a   Code   RO         3773    i.__hardfp_sqrtf    m_wm.l(sqrtf.o)
    0x08005b12   0x08005b12   0x00000002   PAD
    0x08005b14   0x08005b14   0x00000014   Code   RO         3806    i.__mathlib_flt_divzero  m_wm.l(funder.o)
    0x08005b28   0x08005b28   0x00000006   Code   RO         3808    i.__mathlib_flt_infnan2  m_wm.l(funder.o)
    0x08005b2e   0x08005b2e   0x00000002   PAD
    0x08005b30   0x08005b30   0x00000010   Code   RO         3809    i.__mathlib_flt_invalid  m_wm.l(funder.o)
    0x08005b40   0x08005b40   0x00000010   Code   RO         3810    i.__mathlib_flt_overflow  m_wm.l(funder.o)
    0x08005b50   0x08005b50   0x00000010   Code   RO         3812    i.__mathlib_flt_underflow  m_wm.l(funder.o)
    0x08005b60   0x08005b60   0x0000000e   Code   RO         3858    i.__scatterload_copy  mc_w.l(handlers.o)
    0x08005b6e   0x08005b6e   0x00000002   Code   RO         3859    i.__scatterload_null  mc_w.l(handlers.o)
    0x08005b70   0x08005b70   0x0000000e   Code   RO         3860    i.__scatterload_zeroinit  mc_w.l(handlers.o)
    0x08005b7e   0x08005b7e   0x00000002   PAD
    0x08005b80   0x08005b80   0x0000000c   Code   RO         3840    i.__set_errno       mc_w.l(errno.o)
    0x08005b8c   0x08005b8c   0x00000268   Code   RO           24    i.main              main.o
    0x08005df4   0x08005df4   0x0000003a   Code   RO         3523    i.plook_u32f_evencka  motor_control.o
    0x08005e2e   0x08005e2e   0x00000002   PAD
    0x08005e30   0x08005e30   0x00000014   Code   RO         3679    i.rtGetInf          rtgetinf.o
    0x08005e44   0x08005e44   0x0000000a   Code   RO         3680    i.rtGetInfF         rtgetinf.o
    0x08005e4e   0x08005e4e   0x00000002   PAD
    0x08005e50   0x08005e50   0x00000014   Code   RO         3681    i.rtGetMinusInf     rtgetinf.o
    0x08005e64   0x08005e64   0x0000000c   Code   RO         3682    i.rtGetMinusInfF    rtgetinf.o
    0x08005e70   0x08005e70   0x00000014   Code   RO         3708    i.rtGetNaN          rtgetnan.o
    0x08005e84   0x08005e84   0x0000000c   Code   RO         3709    i.rtGetNaNF         rtgetnan.o
    0x08005e90   0x08005e90   0x0000002c   Code   RO         3620    i.rtIsInfF          rt_nonfinite.o
    0x08005ebc   0x08005ebc   0x00000018   Code   RO         3622    i.rtIsNaNF          rt_nonfinite.o
    0x08005ed4   0x08005ed4   0x0000003c   Code   RO         3623    i.rt_InitInfAndNaN  rt_nonfinite.o
    0x08005f10   0x08005f10   0x00000144   Code   RO         3594    i.rt_modf_snf       resolver_angle_cacl.o
    0x08006054   0x08006054   0x00000118   Code   RO         3333    i.rt_powf_snf       control_command_2ms.o
    0x0800616c   0x0800616c   0x00000008   Data   RO         1233    .constdata          stm32f4xx_hal_dma.o
    0x08006174   0x08006174   0x00000010   Data   RO         3231    .constdata          system_stm32f4xx.o
    0x08006184   0x08006184   0x00000008   Data   RO         3232    .constdata          system_stm32f4xx.o
    0x0800618c   0x0800618c   0x00000004   Data   RO         3526    .constdata          motor_control.o
    0x08006190   0x08006190   0x0000c004   Data   RO         3576    .constdata          motor_control_data.o
    0x08012194   0x08012194   0x00000140   Data   RO         3762    .constdata          m_wm.l(powf.o)
    0x080122d4   0x080122d4   0x00000020   Data   RO         3856    Region$$Table       anon$$obj.o


    Execution Region RW_IRAM1 (Exec base: 0x20000000, Load base: 0x080122f4, Size: 0x00002970, Max: 0x00018000, ABSOLUTE, COMPRESSED[0x00000068])

    Exec Addr    Load Addr    Size         Type   Attr      Idx    E Section Name        Object

    0x20000000   COMPRESSED   0x00000010   Data   RW           29    .data               main.o
    0x20000010   COMPRESSED   0x00000002   Data   RW           30    .data               main.o
    0x20000012   COMPRESSED   0x00000002   Data   RW           31    .data               main.o
    0x20000014   COMPRESSED   0x00000002   Data   RW           32    .data               main.o
    0x20000016   COMPRESSED   0x00000002   PAD
    0x20000018   COMPRESSED   0x00000004   Data   RW           33    .data               main.o
    0x2000001c   COMPRESSED   0x00000004   Data   RW           34    .data               main.o
    0x20000020   COMPRESSED   0x00000004   Data   RW           35    .data               main.o
    0x20000024   COMPRESSED   0x00000004   Data   RW           36    .data               main.o
    0x20000028   COMPRESSED   0x00000004   Data   RW           38    .data               main.o
    0x2000002c   COMPRESSED   0x00000004   Data   RW           39    .data               main.o
    0x20000030   COMPRESSED   0x00000004   Data   RW           40    .data               main.o
    0x20000034   COMPRESSED   0x00000004   Data   RW           41    .data               main.o
    0x20000038   COMPRESSED   0x00000001   Data   RW           42    .data               main.o
    0x20000039   COMPRESSED   0x00000001   PAD
    0x2000003a   COMPRESSED   0x00000012   Data   RW          283    .data               stm32f4xx_it.o
    0x2000004c   COMPRESSED   0x0000000c   Data   RW         1684    .data               stm32f4xx_hal.o
    0x20000058   COMPRESSED   0x00000004   Data   RW         3233    .data               system_stm32f4xx.o
    0x2000005c   COMPRESSED   0x00000004   Data   RW         3527    .data               motor_control.o
    0x20000060   COMPRESSED   0x00000004   Data   RW         3528    .data               motor_control.o
    0x20000064   COMPRESSED   0x00000001   Data   RW         3529    .data               motor_control.o
    0x20000065   COMPRESSED   0x00000003   PAD
    0x20000068   COMPRESSED   0x00000008   Data   RW         3530    .data               motor_control.o
    0x20000070   COMPRESSED   0x00000014   Data   RW         3531    .data               motor_control.o
    0x20000084   COMPRESSED   0x00000020   Data   RW         3532    .data               motor_control.o
    0x200000a4   COMPRESSED   0x00000020   Data   RW         3533    .data               motor_control.o
    0x200000c4   COMPRESSED   0x00000010   Data   RW         3534    .data               motor_control.o
    0x200000d4   COMPRESSED   0x0000001c   Data   RW         3535    .data               motor_control.o
    0x200000f0   COMPRESSED   0x00000004   Data   RW         3536    .data               motor_control.o
    0x200000f4   COMPRESSED   0x00000004   Data   RW         3537    .data               motor_control.o
    0x200000f8   COMPRESSED   0x00000004   Data   RW         3538    .data               motor_control.o
    0x200000fc   COMPRESSED   0x00000004   Data   RW         3539    .data               motor_control.o
    0x20000100   COMPRESSED   0x00000004   Data   RW         3540    .data               motor_control.o
    0x20000104   COMPRESSED   0x00000004   Data   RW         3541    .data               motor_control.o
    0x20000108   COMPRESSED   0x00000004   Data   RW         3542    .data               motor_control.o
    0x2000010c   COMPRESSED   0x00000004   Data   RW         3543    .data               motor_control.o
    0x20000110   COMPRESSED   0x00000004   Data   RW         3544    .data               motor_control.o
    0x20000114   COMPRESSED   0x00000008   Data   RW         3545    .data               motor_control.o
    0x2000011c   COMPRESSED   0x00000004   PAD
    0x20000120   COMPRESSED   0x00000028   Data   RW         3624    .data               rt_nonfinite.o
    0x20000148   COMPRESSED   0x00000004   Data   RW         3841    .data               mc_w.l(errno.o)
    0x2000014c        -       0x00000244   Zero   RW           25    .bss                main.o
    0x20000390        -       0x00000060   Zero   RW           26    .bss                main.o
    0x200003f0        -       0x00000060   Zero   RW           27    .bss                main.o
    0x20000450        -       0x00000060   Zero   RW           28    .bss                main.o
    0x200004b0        -       0x00001f60   Zero   RW          282    .bss                stm32f4xx_it.o
    0x20002410        -       0x00000134   Zero   RW         3524    .bss                motor_control.o
    0x20002544        -       0x00000028   Zero   RW         3525    .bss                motor_control.o
    0x2000256c   COMPRESSED   0x00000004   PAD
    0x20002570        -       0x00000400   Zero   RW            1    STACK               startup_stm32f401xe.o


==============================================================================

Image component sizes


      Code (inc. data)   RO Data    RW Data    ZI Data      Debug   Object Name

       780        118          0          0          0       4816   angle_speed_100us.o
      1040        142          0          0          0       7220   control_command_2ms.o
      3456        522          0          0          0      14146   foc_control_100us.o
      2328        126          0         55        868     476800   main.o
       350         26          4        189        348       8445   motor_control.o
         0          0      49156          0          0       6140   motor_control_data.o
       612         80          0          0          0       2284   resolver_angle_cacl.o
       128         12          0         40          0       3220   rt_nonfinite.o
        20          6          0          0          0       1033   rt_sys_foc_control_100us_2.o
        62         12          0          0          0       2670   rtgetinf.o
        32          8          0          0          0       1503   rtgetnan.o
        36          8        404          0       1024        840   startup_stm32f401xe.o
       144         24          0         12          0       8653   stm32f4xx_hal.o
      1438         58          0          0          0       9069   stm32f4xx_hal_adc.o
       904         50          0          0          0       4823   stm32f4xx_hal_adc_ex.o
       198         14          0          0          0      33935   stm32f4xx_hal_cortex.o
        80          0          0          0          0       1827   stm32f4xx_hal_crc.o
       938         16          8          0          0       6514   stm32f4xx_hal_dma.o
       452         38          0          0          0       5008   stm32f4xx_hal_gpio.o
      1056        112          0          0          0       5076   stm32f4xx_hal_msp.o
      1308         72          0          0          0       5392   stm32f4xx_hal_rcc.o
      2076         82          0          0          0      22313   stm32f4xx_hal_tim.o
       560         20          0          0          0       7576   stm32f4xx_hal_tim_ex.o
      1470         40          0          0          0      14118   stm32f4xx_hal_uart.o
      1460        286          0         18       8032       8448   stm32f4xx_it.o
       144         30          0          0          0        533   sym_state_10ms.o
        28          6         24          4          0       1143   system_stm32f4xx.o

    ----------------------------------------------------------------------
     21118       1908      49628        328      10276     663545   Object Totals
         0          0         32          0          0          0   (incl. Generated)
        18          0          0         10          4          0   (incl. Padding)

    ----------------------------------------------------------------------

      Code (inc. data)   RO Data    RW Data    ZI Data      Debug   Library Member Name

       112         14          0          0          0        116   floorf.o
       176          0          0          0          0        168   fmodf.o
        38          0          0          0          0        116   fpclassifyf.o
        74         24          0          0          0        580   funder.o
      1636        110        320          0          0        372   powf.o
        58          0          0          0          0        136   sqrtf.o
        58          0          0          0          0          0   __dczerorl.o
         0          0          0          0          0          0   entry.o
         0          0          0          0          0          0   entry10a.o
         0          0          0          0          0          0   entry11a.o
         8          4          0          0          0          0   entry2.o
         4          0          0          0          0          0   entry5.o
         0          0          0          0          0          0   entry7b.o
         0          0          0          0          0          0   entry8b.o
         8          4          0          0          0          0   entry9a.o
        12          6          0          4          0         68   errno.o
        30          0          0          0          0          0   handlers.o
        36          8          0          0          0         68   init.o
         0          0          0          0          0          0   iusefp.o
        30          0          0          0          0         68   llshl.o
        32          0          0          0          0         68   llushr.o
        36          0          0          0          0        108   memseta.o
        98          0          0          0          0         92   uldiv.o
        56          0          0          0          0         88   d2f.o
       222          0          0          0          0        100   ddiv.o
       186          0          0          0          0        176   depilogue.o
        50          0          0          0          0         76   dfixui.o
        26          0          0          0          0         76   dfltui.o
       228          0          0          0          0         96   dmul.o
       110          0          0          0          0        168   fepilogue.o
         4          0          0          0          0         68   fpstat.o
        82          0          0          0          0         96   frem.o

    ----------------------------------------------------------------------
      3418        170        320          4          0       2904   Library Totals
         8          0          0          0          0          0   (incl. Padding)

    ----------------------------------------------------------------------

      Code (inc. data)   RO Data    RW Data    ZI Data      Debug   Library Name

      2094        148        320          0          0       1488   m_wm.l
       352         22          0          4          0        472   mc_w.l
       964          0          0          0          0        944   mf_w.l

    ----------------------------------------------------------------------
      3418        170        320          4          0       2904   Library Totals

    ----------------------------------------------------------------------

==============================================================================


      Code (inc. data)   RO Data    RW Data    ZI Data      Debug   

     24536       2078      49948        332      10276     648157   Grand Totals
     24536       2078      49948        104      10276     648157   ELF Image Totals (compressed)
     24536       2078      49948        104          0          0   ROM Totals

==============================================================================

    Total RO  Size (Code + RO Data)                74484 (  72.74kB)
    Total RW  Size (RW Data + ZI Data)             10608 (  10.36kB)
    Total ROM Size (Code + RO Data + RW Data)      74588 (  72.84kB)

==============================================================================

